{
  "timestamp": "2026-09-03T18:48:33Z",
  "machine_id": "c7i-8xlarge-node-1",
  "framework": "rust_iced",
  "hardware_mode": "gpu",
  "window_duration_seconds": 60,
  "active_streams": 30,
  "fps_stream_seconds": {
    "acceptable": {
      "25_to_30_fps": 26,
      "20_to_24_fps": 4
    },
    "unacceptable": {
      "10_to_19_fps": 1521,
      "5_to_9_fps": 178,
      "under_5_fps": 71
    }
  }
}

{
  "timestamp": "2026-09-03T18:52:59Z",
  "machine_id": "c7i-8xlarge-node-1",
  "framework": "rust_iced",
  "hardware_mode": "gpu",
  "window_duration_seconds": 60,
  "active_streams": 30,
  "fps_stream_seconds": {
    "acceptable": {
      "25_to_30_fps": 1619,
      "20_to_24_fps": 3
    },
    "unacceptable": {
      "10_to_19_fps": 98,
      "5_to_9_fps": 0,
      "under_5_fps": 80
    }
  }
}

{
  "timestamp": "2026-09-03T19:58:31Z",
  "machine_id": "c7i-8xlarge-node-1",
  "framework": "rust_iced",
  "hardware_mode": "gpu",
  "window_duration_seconds": 60,
  "active_streams": 30,
  "fps_stream_seconds": {
    "acceptable": {
      "25_to_30_fps": 1325,
      "20_to_24_fps": 409
    },
    "unacceptable": {
      "10_to_19_fps": 6,
      "5_to_9_fps": 22,
      "under_5_fps": 38
    }
  }
}

