{
  "timestamp": "2026-09-05T07:17:56Z",
  "machine_id": "Mac",
  "framework": "csharp_avalonia",
  "hardware_mode": "gpu",
  "window_duration_seconds": 60,
  "active_streams": 29,
  "ui_frames": 22999,
  "decoded_frames": 45277,
  "fps_stream_seconds": {
    "acceptable": {
      "25_to_30_fps": 0,
      "20_to_24_fps": 16
    },
    "unacceptable": {
      "10_to_19_fps": 1614,
      "5_to_9_fps": 110,
      "under_5_fps": 15
    }
  },
  "decode_fps_stream_seconds": {
    "acceptable": {
      "25_to_30_fps": 1701,
      "20_to_24_fps": 39
    },
    "unacceptable": {
      "10_to_19_fps": 5,
      "5_to_9_fps": 10,
      "under_5_fps": 0
    }
  },
  "avg_painted_fps": 13.1,
  "avg_decoded_fps": 25.8
}
{
  "timestamp": "2026-09-05T07:18:57Z",
  "machine_id": "Mac",
  "framework": "csharp_avalonia",
  "hardware_mode": "gpu",
  "window_duration_seconds": 60,
  "active_streams": 30,
  "ui_frames": 23933,
  "decoded_frames": 45923,
  "fps_stream_seconds": {
    "acceptable": {
      "25_to_30_fps": 0,
      "20_to_24_fps": 9
    },
    "unacceptable": {
      "10_to_19_fps": 1714,
      "5_to_9_fps": 77,
      "under_5_fps": 0
    }
  },
  "decode_fps_stream_seconds": {
    "acceptable": {
      "25_to_30_fps": 1679,
      "20_to_24_fps": 121
    },
    "unacceptable": {
      "10_to_19_fps": 0,
      "5_to_9_fps": 0,
      "under_5_fps": 0
    }
  },
  "avg_painted_fps": 13.3,
  "avg_decoded_fps": 25.51
}
{
  "timestamp": "2026-09-05T07:19:59Z",
  "machine_id": "Mac",
  "framework": "csharp_avalonia",
  "hardware_mode": "gpu",
  "window_duration_seconds": 60,
  "active_streams": 30,
  "ui_frames": 23836,
  "decoded_frames": 45799,
  "fps_stream_seconds": {
    "acceptable": {
      "25_to_30_fps": 0,
      "20_to_24_fps": 9
    },
    "unacceptable": {
      "10_to_19_fps": 1695,
      "5_to_9_fps": 96,
      "under_5_fps": 0
    }
  },
  "decode_fps_stream_seconds": {
    "acceptable": {
      "25_to_30_fps": 1690,
      "20_to_24_fps": 110
    },
    "unacceptable": {
      "10_to_19_fps": 0,
      "5_to_9_fps": 0,
      "under_5_fps": 0
    }
  },
  "avg_painted_fps": 13.24,
  "avg_decoded_fps": 25.44
}
{
  "timestamp": "2026-09-05T07:20:59Z",
  "machine_id": "Mac",
  "framework": "csharp_avalonia",
  "hardware_mode": "gpu",
  "window_duration_seconds": 60,
  "active_streams": 30,
  "ui_frames": 23731,
  "decoded_frames": 45698,
  "fps_stream_seconds": {
    "acceptable": {
      "25_to_30_fps": 0,
      "20_to_24_fps": 4
    },
    "unacceptable": {
      "10_to_19_fps": 1696,
      "5_to_9_fps": 100,
      "under_5_fps": 0
    }
  },
  "decode_fps_stream_seconds": {
    "acceptable": {
      "25_to_30_fps": 1693,
      "20_to_24_fps": 107
    },
    "unacceptable": {
      "10_to_19_fps": 0,
      "5_to_9_fps": 0,
      "under_5_fps": 0
    }
  },
  "avg_painted_fps": 13.18,
  "avg_decoded_fps": 25.39
}
{
  "timestamp": "2026-09-05T07:22:01Z",
  "machine_id": "Mac",
  "framework": "csharp_avalonia",
  "hardware_mode": "gpu",
  "window_duration_seconds": 60,
  "active_streams": 30,
  "ui_frames": 23898,
  "decoded_frames": 45847,
  "fps_stream_seconds": {
    "acceptable": {
      "25_to_30_fps": 0,
      "20_to_24_fps": 12
    },
    "unacceptable": {
      "10_to_19_fps": 1713,
      "5_to_9_fps": 75,
      "under_5_fps": 0
    }
  },
  "decode_fps_stream_seconds": {
    "acceptable": {
      "25_to_30_fps": 1679,
      "20_to_24_fps": 121
    },
    "unacceptable": {
      "10_to_19_fps": 0,
      "5_to_9_fps": 0,
      "under_5_fps": 0
    }
  },
  "avg_painted_fps": 13.28,
  "avg_decoded_fps": 25.47
}
{
  "timestamp": "2026-09-05T07:23:01Z",
  "machine_id": "Mac",
  "framework": "csharp_avalonia",
  "hardware_mode": "gpu",
  "window_duration_seconds": 60,
  "active_streams": 30,
  "ui_frames": 23800,
  "decoded_frames": 45685,
  "fps_stream_seconds": {
    "acceptable": {
      "25_to_30_fps": 0,
      "20_to_24_fps": 5
    },
    "unacceptable": {
      "10_to_19_fps": 1705,
      "5_to_9_fps": 90,
      "under_5_fps": 0
    }
  },
  "decode_fps_stream_seconds": {
    "acceptable": {
      "25_to_30_fps": 1680,
      "20_to_24_fps": 120
    },
    "unacceptable": {
      "10_to_19_fps": 0,
      "5_to_9_fps": 0,
      "under_5_fps": 0
    }
  },
  "avg_painted_fps": 13.22,
  "avg_decoded_fps": 25.38
}
{
  "timestamp": "2026-09-05T07:24:03Z",
  "machine_id": "Mac",
  "framework": "csharp_avalonia",
  "hardware_mode": "gpu",
  "window_duration_seconds": 60,
  "active_streams": 30,
  "ui_frames": 23794,
  "decoded_frames": 45794,
  "fps_stream_seconds": {
    "acceptable": {
      "25_to_30_fps": 0,
      "20_to_24_fps": 3
    },
    "unacceptable": {
      "10_to_19_fps": 1710,
      "5_to_9_fps": 87,
      "under_5_fps": 0
    }
  },
  "decode_fps_stream_seconds": {
    "acceptable": {
      "25_to_30_fps": 1708,
      "20_to_24_fps": 92
    },
    "unacceptable": {
      "10_to_19_fps": 0,
      "5_to_9_fps": 0,
      "under_5_fps": 0
    }
  },
  "avg_painted_fps": 13.22,
  "avg_decoded_fps": 25.44
}
{
  "timestamp": "2026-09-05T07:25:04Z",
  "machine_id": "Mac",
  "framework": "csharp_avalonia",
  "hardware_mode": "gpu",
  "window_duration_seconds": 60,
  "active_streams": 30,
  "ui_frames": 23893,
  "decoded_frames": 46055,
  "fps_stream_seconds": {
    "acceptable": {
      "25_to_30_fps": 0,
      "20_to_24_fps": 10
    },
    "unacceptable": {
      "10_to_19_fps": 1696,
      "5_to_9_fps": 94,
      "under_5_fps": 0
    }
  },
  "decode_fps_stream_seconds": {
    "acceptable": {
      "25_to_30_fps": 1727,
      "20_to_24_fps": 73
    },
    "unacceptable": {
      "10_to_19_fps": 0,
      "5_to_9_fps": 0,
      "under_5_fps": 0
    }
  },
  "avg_painted_fps": 13.27,
  "avg_decoded_fps": 25.59
}
{
  "timestamp": "2026-09-05T07:26:05Z",
  "machine_id": "Mac",
  "framework": "csharp_avalonia",
  "hardware_mode": "gpu",
  "window_duration_seconds": 60,
  "active_streams": 30,
  "ui_frames": 23710,
  "decoded_frames": 45811,
  "fps_stream_seconds": {
    "acceptable": {
      "25_to_30_fps": 0,
      "20_to_24_fps": 7
    },
    "unacceptable": {
      "10_to_19_fps": 1683,
      "5_to_9_fps": 110,
      "under_5_fps": 0
    }
  },
  "decode_fps_stream_seconds": {
    "acceptable": {
      "25_to_30_fps": 1673,
      "20_to_24_fps": 127
    },
    "unacceptable": {
      "10_to_19_fps": 0,
      "5_to_9_fps": 0,
      "under_5_fps": 0
    }
  },
  "avg_painted_fps": 13.17,
  "avg_decoded_fps": 25.45
}
{
  "timestamp": "2026-09-05T07:27:06Z",
  "machine_id": "Mac",
  "framework": "csharp_avalonia",
  "hardware_mode": "gpu",
  "window_duration_seconds": 60,
  "active_streams": 30,
  "ui_frames": 23863,
  "decoded_frames": 45996,
  "fps_stream_seconds": {
    "acceptable": {
      "25_to_30_fps": 0,
      "20_to_24_fps": 12
    },
    "unacceptable": {
      "10_to_19_fps": 1694,
      "5_to_9_fps": 94,
      "under_5_fps": 0
    }
  },
  "decode_fps_stream_seconds": {
    "acceptable": {
      "25_to_30_fps": 1713,
      "20_to_24_fps": 87
    },
    "unacceptable": {
      "10_to_19_fps": 0,
      "5_to_9_fps": 0,
      "under_5_fps": 0
    }
  },
  "avg_painted_fps": 13.26,
  "avg_decoded_fps": 25.55
}
{
  "timestamp": "2026-09-05T07:28:07Z",
  "machine_id": "Mac",
  "framework": "csharp_avalonia",
  "hardware_mode": "gpu",
  "window_duration_seconds": 60,
  "active_streams": 30,
  "ui_frames": 23825,
  "decoded_frames": 45838,
  "fps_stream_seconds": {
    "acceptable": {
      "25_to_30_fps": 0,
      "20_to_24_fps": 8
    },
    "unacceptable": {
      "10_to_19_fps": 1711,
      "5_to_9_fps": 81,
      "under_5_fps": 0
    }
  },
  "decode_fps_stream_seconds": {
    "acceptable": {
      "25_to_30_fps": 1702,
      "20_to_24_fps": 98
    },
    "unacceptable": {
      "10_to_19_fps": 0,
      "5_to_9_fps": 0,
      "under_5_fps": 0
    }
  },
  "avg_painted_fps": 13.24,
  "avg_decoded_fps": 25.47
}
{
  "timestamp": "2026-09-05T07:29:09Z",
  "machine_id": "Mac",
  "framework": "csharp_avalonia",
  "hardware_mode": "gpu",
  "window_duration_seconds": 60,
  "active_streams": 30,
  "ui_frames": 23891,
  "decoded_frames": 45919,
  "fps_stream_seconds": {
    "acceptable": {
      "25_to_30_fps": 0,
      "20_to_24_fps": 6
    },
    "unacceptable": {
      "10_to_19_fps": 1702,
      "5_to_9_fps": 92,
      "under_5_fps": 0
    }
  },
  "decode_fps_stream_seconds": {
    "acceptable": {
      "25_to_30_fps": 1709,
      "20_to_24_fps": 91
    },
    "unacceptable": {
      "10_to_19_fps": 0,
      "5_to_9_fps": 0,
      "under_5_fps": 0
    }
  },
  "avg_painted_fps": 13.27,
  "avg_decoded_fps": 25.51
}
{
  "timestamp": "2026-09-05T07:30:10Z",
  "machine_id": "Mac",
  "framework": "csharp_avalonia",
  "hardware_mode": "gpu",
  "window_duration_seconds": 60,
  "active_streams": 30,
  "ui_frames": 23793,
  "decoded_frames": 45707,
  "fps_stream_seconds": {
    "acceptable": {
      "25_to_30_fps": 0,
      "20_to_24_fps": 6
    },
    "unacceptable": {
      "10_to_19_fps": 1698,
      "5_to_9_fps": 96,
      "under_5_fps": 0
    }
  },
  "decode_fps_stream_seconds": {
    "acceptable": {
      "25_to_30_fps": 1716,
      "20_to_24_fps": 84
    },
    "unacceptable": {
      "10_to_19_fps": 0,
      "5_to_9_fps": 0,
      "under_5_fps": 0
    }
  },
  "avg_painted_fps": 13.22,
  "avg_decoded_fps": 25.39
}
{
  "timestamp": "2026-09-05T07:31:11Z",
  "machine_id": "Mac",
  "framework": "csharp_avalonia",
  "hardware_mode": "gpu",
  "window_duration_seconds": 60,
  "active_streams": 30,
  "ui_frames": 23695,
  "decoded_frames": 45757,
  "fps_stream_seconds": {
    "acceptable": {
      "25_to_30_fps": 0,
      "20_to_24_fps": 1
    },
    "unacceptable": {
      "10_to_19_fps": 1695,
      "5_to_9_fps": 104,
      "under_5_fps": 0
    }
  },
  "decode_fps_stream_seconds": {
    "acceptable": {
      "25_to_30_fps": 1658,
      "20_to_24_fps": 142
    },
    "unacceptable": {
      "10_to_19_fps": 0,
      "5_to_9_fps": 0,
      "under_5_fps": 0
    }
  },
  "avg_painted_fps": 13.16,
  "avg_decoded_fps": 25.42
}
{
  "timestamp": "2026-09-05T07:32:12Z",
  "machine_id": "Mac",
  "framework": "csharp_avalonia",
  "hardware_mode": "gpu",
  "window_duration_seconds": 60,
  "active_streams": 30,
  "ui_frames": 23827,
  "decoded_frames": 45777,
  "fps_stream_seconds": {
    "acceptable": {
      "25_to_30_fps": 0,
      "20_to_24_fps": 11
    },
    "unacceptable": {
      "10_to_19_fps": 1700,
      "5_to_9_fps": 89,
      "under_5_fps": 0
    }
  },
  "decode_fps_stream_seconds": {
    "acceptable": {
      "25_to_30_fps": 1689,
      "20_to_24_fps": 111
    },
    "unacceptable": {
      "10_to_19_fps": 0,
      "5_to_9_fps": 0,
      "under_5_fps": 0
    }
  },
  "avg_painted_fps": 13.24,
  "avg_decoded_fps": 25.43
}
{
  "timestamp": "2026-09-05T07:33:13Z",
  "machine_id": "Mac",
  "framework": "csharp_avalonia",
  "hardware_mode": "gpu",
  "window_duration_seconds": 60,
  "active_streams": 30,
  "ui_frames": 23892,
  "decoded_frames": 45908,
  "fps_stream_seconds": {
    "acceptable": {
      "25_to_30_fps": 0,
      "20_to_24_fps": 5
    },
    "unacceptable": {
      "10_to_19_fps": 1706,
      "5_to_9_fps": 89,
      "under_5_fps": 0
    }
  },
  "decode_fps_stream_seconds": {
    "acceptable": {
      "25_to_30_fps": 1712,
      "20_to_24_fps": 88
    },
    "unacceptable": {
      "10_to_19_fps": 0,
      "5_to_9_fps": 0,
      "under_5_fps": 0
    }
  },
  "avg_painted_fps": 13.27,
  "avg_decoded_fps": 25.5
}
{
  "timestamp": "2026-09-05T07:34:14Z",
  "machine_id": "Mac",
  "framework": "csharp_avalonia",
  "hardware_mode": "gpu",
  "window_duration_seconds": 60,
  "active_streams": 30,
  "ui_frames": 23258,
  "decoded_frames": 45829,
  "fps_stream_seconds": {
    "acceptable": {
      "25_to_30_fps": 0,
      "20_to_24_fps": 1
    },
    "unacceptable": {
      "10_to_19_fps": 1643,
      "5_to_9_fps": 156,
      "under_5_fps": 0
    }
  },
  "decode_fps_stream_seconds": {
    "acceptable": {
      "25_to_30_fps": 1717,
      "20_to_24_fps": 83
    },
    "unacceptable": {
      "10_to_19_fps": 0,
      "5_to_9_fps": 0,
      "under_5_fps": 0
    }
  },
  "avg_painted_fps": 12.92,
  "avg_decoded_fps": 25.46
}
{
  "timestamp": "2026-09-05T07:35:15Z",
  "machine_id": "Mac",
  "framework": "csharp_avalonia",
  "hardware_mode": "gpu",
  "window_duration_seconds": 60,
  "active_streams": 30,
  "ui_frames": 22389,
  "decoded_frames": 45988,
  "fps_stream_seconds": {
    "acceptable": {
      "25_to_30_fps": 0,
      "20_to_24_fps": 0
    },
    "unacceptable": {
      "10_to_19_fps": 1485,
      "5_to_9_fps": 315,
      "under_5_fps": 0
    }
  },
  "decode_fps_stream_seconds": {
    "acceptable": {
      "25_to_30_fps": 1732,
      "20_to_24_fps": 68
    },
    "unacceptable": {
      "10_to_19_fps": 0,
      "5_to_9_fps": 0,
      "under_5_fps": 0
    }
  },
  "avg_painted_fps": 12.44,
  "avg_decoded_fps": 25.55
}
{
  "timestamp": "2026-09-05T07:36:17Z",
  "machine_id": "Mac",
  "framework": "csharp_avalonia",
  "hardware_mode": "gpu",
  "window_duration_seconds": 60,
  "active_streams": 30,
  "ui_frames": 22717,
  "decoded_frames": 46048,
  "fps_stream_seconds": {
    "acceptable": {
      "25_to_30_fps": 0,
      "20_to_24_fps": 0
    },
    "unacceptable": {
      "10_to_19_fps": 1541,
      "5_to_9_fps": 259,
      "under_5_fps": 0
    }
  },
  "decode_fps_stream_seconds": {
    "acceptable": {
      "25_to_30_fps": 1728,
      "20_to_24_fps": 72
    },
    "unacceptable": {
      "10_to_19_fps": 0,
      "5_to_9_fps": 0,
      "under_5_fps": 0
    }
  },
  "avg_painted_fps": 12.62,
  "avg_decoded_fps": 25.58
}
{
  "timestamp": "2026-09-05T07:37:18Z",
  "machine_id": "Mac",
  "framework": "csharp_avalonia",
  "hardware_mode": "gpu",
  "window_duration_seconds": 60,
  "active_streams": 30,
  "ui_frames": 22680,
  "decoded_frames": 46281,
  "fps_stream_seconds": {
    "acceptable": {
      "25_to_30_fps": 0,
      "20_to_24_fps": 0
    },
    "unacceptable": {
      "10_to_19_fps": 1510,
      "5_to_9_fps": 290,
      "under_5_fps": 0
    }
  },
  "decode_fps_stream_seconds": {
    "acceptable": {
      "25_to_30_fps": 1776,
      "20_to_24_fps": 24
    },
    "unacceptable": {
      "10_to_19_fps": 0,
      "5_to_9_fps": 0,
      "under_5_fps": 0
    }
  },
  "avg_painted_fps": 12.6,
  "avg_decoded_fps": 25.71
}
{
  "timestamp": "2026-09-05T07:38:20Z",
  "machine_id": "Mac",
  "framework": "csharp_avalonia",
  "hardware_mode": "gpu",
  "window_duration_seconds": 60,
  "active_streams": 30,
  "ui_frames": 22515,
  "decoded_frames": 45950,
  "fps_stream_seconds": {
    "acceptable": {
      "25_to_30_fps": 0,
      "20_to_24_fps": 0
    },
    "unacceptable": {
      "10_to_19_fps": 1488,
      "5_to_9_fps": 312,
      "under_5_fps": 0
    }
  },
  "decode_fps_stream_seconds": {
    "acceptable": {
      "25_to_30_fps": 1777,
      "20_to_24_fps": 23
    },
    "unacceptable": {
      "10_to_19_fps": 0,
      "5_to_9_fps": 0,
      "under_5_fps": 0
    }
  },
  "avg_painted_fps": 12.51,
  "avg_decoded_fps": 25.53
}
{
  "timestamp": "2026-09-05T07:39:21Z",
  "machine_id": "Mac",
  "framework": "csharp_avalonia",
  "hardware_mode": "gpu",
  "window_duration_seconds": 60,
  "active_streams": 30,
  "ui_frames": 22840,
  "decoded_frames": 46072,
  "fps_stream_seconds": {
    "acceptable": {
      "25_to_30_fps": 0,
      "20_to_24_fps": 0
    },
    "unacceptable": {
      "10_to_19_fps": 1556,
      "5_to_9_fps": 244,
      "under_5_fps": 0
    }
  },
  "decode_fps_stream_seconds": {
    "acceptable": {
      "25_to_30_fps": 1715,
      "20_to_24_fps": 85
    },
    "unacceptable": {
      "10_to_19_fps": 0,
      "5_to_9_fps": 0,
      "under_5_fps": 0
    }
  },
  "avg_painted_fps": 12.69,
  "avg_decoded_fps": 25.6
}
{
  "timestamp": "2026-09-05T07:40:22Z",
  "machine_id": "Mac",
  "framework": "csharp_avalonia",
  "hardware_mode": "gpu",
  "window_duration_seconds": 60,
  "active_streams": 30,
  "ui_frames": 22671,
  "decoded_frames": 45990,
  "fps_stream_seconds": {
    "acceptable": {
      "25_to_30_fps": 0,
      "20_to_24_fps": 0
    },
    "unacceptable": {
      "10_to_19_fps": 1539,
      "5_to_9_fps": 261,
      "under_5_fps": 0
    }
  },
  "decode_fps_stream_seconds": {
    "acceptable": {
      "25_to_30_fps": 1711,
      "20_to_24_fps": 89
    },
    "unacceptable": {
      "10_to_19_fps": 0,
      "5_to_9_fps": 0,
      "under_5_fps": 0
    }
  },
  "avg_painted_fps": 12.6,
  "avg_decoded_fps": 25.55
}
{
  "timestamp": "2026-09-05T07:41:24Z",
  "machine_id": "Mac",
  "framework": "csharp_avalonia",
  "hardware_mode": "gpu",
  "window_duration_seconds": 60,
  "active_streams": 30,
  "ui_frames": 22883,
  "decoded_frames": 45990,
  "fps_stream_seconds": {
    "acceptable": {
      "25_to_30_fps": 0,
      "20_to_24_fps": 0
    },
    "unacceptable": {
      "10_to_19_fps": 1557,
      "5_to_9_fps": 243,
      "under_5_fps": 0
    }
  },
  "decode_fps_stream_seconds": {
    "acceptable": {
      "25_to_30_fps": 1680,
      "20_to_24_fps": 120
    },
    "unacceptable": {
      "10_to_19_fps": 0,
      "5_to_9_fps": 0,
      "under_5_fps": 0
    }
  },
  "avg_painted_fps": 12.71,
  "avg_decoded_fps": 25.55
}
{
  "timestamp": "2026-09-05T07:42:25Z",
  "machine_id": "Mac",
  "framework": "csharp_avalonia",
  "hardware_mode": "gpu",
  "window_duration_seconds": 60,
  "active_streams": 30,
  "ui_frames": 22638,
  "decoded_frames": 45807,
  "fps_stream_seconds": {
    "acceptable": {
      "25_to_30_fps": 0,
      "20_to_24_fps": 0
    },
    "unacceptable": {
      "10_to_19_fps": 1529,
      "5_to_9_fps": 271,
      "under_5_fps": 0
    }
  },
  "decode_fps_stream_seconds": {
    "acceptable": {
      "25_to_30_fps": 1724,
      "20_to_24_fps": 76
    },
    "unacceptable": {
      "10_to_19_fps": 0,
      "5_to_9_fps": 0,
      "under_5_fps": 0
    }
  },
  "avg_painted_fps": 12.58,
  "avg_decoded_fps": 25.45
}
{
  "timestamp": "2026-09-05T07:43:26Z",
  "machine_id": "Mac",
  "framework": "csharp_avalonia",
  "hardware_mode": "gpu",
  "window_duration_seconds": 60,
  "active_streams": 30,
  "ui_frames": 22630,
  "decoded_frames": 45808,
  "fps_stream_seconds": {
    "acceptable": {
      "25_to_30_fps": 0,
      "20_to_24_fps": 0
    },
    "unacceptable": {
      "10_to_19_fps": 1549,
      "5_to_9_fps": 251,
      "under_5_fps": 0
    }
  },
  "decode_fps_stream_seconds": {
    "acceptable": {
      "25_to_30_fps": 1708,
      "20_to_24_fps": 92
    },
    "unacceptable": {
      "10_to_19_fps": 0,
      "5_to_9_fps": 0,
      "under_5_fps": 0
    }
  },
  "avg_painted_fps": 12.57,
  "avg_decoded_fps": 25.45
}
{
  "timestamp": "2026-09-05T07:44:27Z",
  "machine_id": "Mac",
  "framework": "csharp_avalonia",
  "hardware_mode": "gpu",
  "window_duration_seconds": 60,
  "active_streams": 30,
  "ui_frames": 22531,
  "decoded_frames": 45795,
  "fps_stream_seconds": {
    "acceptable": {
      "25_to_30_fps": 0,
      "20_to_24_fps": 0
    },
    "unacceptable": {
      "10_to_19_fps": 1493,
      "5_to_9_fps": 307,
      "under_5_fps": 0
    }
  },
  "decode_fps_stream_seconds": {
    "acceptable": {
      "25_to_30_fps": 1731,
      "20_to_24_fps": 69
    },
    "unacceptable": {
      "10_to_19_fps": 0,
      "5_to_9_fps": 0,
      "under_5_fps": 0
    }
  },
  "avg_painted_fps": 12.52,
  "avg_decoded_fps": 25.44
}
{
  "timestamp": "2026-09-05T07:45:28Z",
  "machine_id": "Mac",
  "framework": "csharp_avalonia",
  "hardware_mode": "gpu",
  "window_duration_seconds": 60,
  "active_streams": 30,
  "ui_frames": 22844,
  "decoded_frames": 45945,
  "fps_stream_seconds": {
    "acceptable": {
      "25_to_30_fps": 0,
      "20_to_24_fps": 0
    },
    "unacceptable": {
      "10_to_19_fps": 1592,
      "5_to_9_fps": 208,
      "under_5_fps": 0
    }
  },
  "decode_fps_stream_seconds": {
    "acceptable": {
      "25_to_30_fps": 1728,
      "20_to_24_fps": 72
    },
    "unacceptable": {
      "10_to_19_fps": 0,
      "5_to_9_fps": 0,
      "under_5_fps": 0
    }
  },
  "avg_painted_fps": 12.69,
  "avg_decoded_fps": 25.52
}
{
  "timestamp": "2026-09-05T07:46:29Z",
  "machine_id": "Mac",
  "framework": "csharp_avalonia",
  "hardware_mode": "gpu",
  "window_duration_seconds": 60,
  "active_streams": 30,
  "ui_frames": 23018,
  "decoded_frames": 45975,
  "fps_stream_seconds": {
    "acceptable": {
      "25_to_30_fps": 0,
      "20_to_24_fps": 0
    },
    "unacceptable": {
      "10_to_19_fps": 1620,
      "5_to_9_fps": 180,
      "under_5_fps": 0
    }
  },
  "decode_fps_stream_seconds": {
    "acceptable": {
      "25_to_30_fps": 1709,
      "20_to_24_fps": 91
    },
    "unacceptable": {
      "10_to_19_fps": 0,
      "5_to_9_fps": 0,
      "under_5_fps": 0
    }
  },
  "avg_painted_fps": 12.79,
  "avg_decoded_fps": 25.54
}
{
  "timestamp": "2026-09-05T07:47:31Z",
  "machine_id": "Mac",
  "framework": "csharp_avalonia",
  "hardware_mode": "gpu",
  "window_duration_seconds": 60,
  "active_streams": 30,
  "ui_frames": 22920,
  "decoded_frames": 45116,
  "fps_stream_seconds": {
    "acceptable": {
      "25_to_30_fps": 0,
      "20_to_24_fps": 6
    },
    "unacceptable": {
      "10_to_19_fps": 1618,
      "5_to_9_fps": 147,
      "under_5_fps": 1
    }
  },
  "decode_fps_stream_seconds": {
    "acceptable": {
      "25_to_30_fps": 1700,
      "20_to_24_fps": 71
    },
    "unacceptable": {
      "10_to_19_fps": 0,
      "5_to_9_fps": 0,
      "under_5_fps": 1
    }
  },
  "avg_painted_fps": 12.93,
  "avg_decoded_fps": 25.46
}
{
  "timestamp": "2026-09-05T07:48:32Z",
  "machine_id": "Mac",
  "framework": "csharp_avalonia",
  "hardware_mode": "gpu",
  "window_duration_seconds": 60,
  "active_streams": 28,
  "ui_frames": 22508,
  "decoded_frames": 43483,
  "fps_stream_seconds": {
    "acceptable": {
      "25_to_30_fps": 0,
      "20_to_24_fps": 5
    },
    "unacceptable": {
      "10_to_19_fps": 1606,
      "5_to_9_fps": 94,
      "under_5_fps": 2
    }
  },
  "decode_fps_stream_seconds": {
    "acceptable": {
      "25_to_30_fps": 1603,
      "20_to_24_fps": 101
    },
    "unacceptable": {
      "10_to_19_fps": 3,
      "5_to_9_fps": 0,
      "under_5_fps": 0
    }
  },
  "avg_painted_fps": 13.19,
  "avg_decoded_fps": 25.47
}
{
  "timestamp": "2026-09-05T07:49:33Z",
  "machine_id": "Mac",
  "framework": "csharp_avalonia",
  "hardware_mode": "gpu",
  "window_duration_seconds": 60,
  "active_streams": 29,
  "ui_frames": 22925,
  "decoded_frames": 45055,
  "fps_stream_seconds": {
    "acceptable": {
      "25_to_30_fps": 0,
      "20_to_24_fps": 3
    },
    "unacceptable": {
      "10_to_19_fps": 1608,
      "5_to_9_fps": 153,
      "under_5_fps": 0
    }
  },
  "decode_fps_stream_seconds": {
    "acceptable": {
      "25_to_30_fps": 1690,
      "20_to_24_fps": 74
    },
    "unacceptable": {
      "10_to_19_fps": 0,
      "5_to_9_fps": 0,
      "under_5_fps": 0
    }
  },
  "avg_painted_fps": 13,
  "avg_decoded_fps": 25.54
}
{
  "timestamp": "2026-09-05T07:50:34Z",
  "machine_id": "Mac",
  "framework": "csharp_avalonia",
  "hardware_mode": "gpu",
  "window_duration_seconds": 60,
  "active_streams": 29,
  "ui_frames": 22180,
  "decoded_frames": 43921,
  "fps_stream_seconds": {
    "acceptable": {
      "25_to_30_fps": 0,
      "20_to_24_fps": 3
    },
    "unacceptable": {
      "10_to_19_fps": 1539,
      "5_to_9_fps": 191,
      "under_5_fps": 0
    }
  },
  "decode_fps_stream_seconds": {
    "acceptable": {
      "25_to_30_fps": 1609,
      "20_to_24_fps": 124
    },
    "unacceptable": {
      "10_to_19_fps": 0,
      "5_to_9_fps": 0,
      "under_5_fps": 0
    }
  },
  "avg_painted_fps": 12.8,
  "avg_decoded_fps": 25.34
}
{
  "timestamp": "2026-09-05T07:51:35Z",
  "machine_id": "Mac",
  "framework": "csharp_avalonia",
  "hardware_mode": "gpu",
  "window_duration_seconds": 60,
  "active_streams": 29,
  "ui_frames": 22180,
  "decoded_frames": 44477,
  "fps_stream_seconds": {
    "acceptable": {
      "25_to_30_fps": 0,
      "20_to_24_fps": 5
    },
    "unacceptable": {
      "10_to_19_fps": 1523,
      "5_to_9_fps": 217,
      "under_5_fps": 0
    }
  },
  "decode_fps_stream_seconds": {
    "acceptable": {
      "25_to_30_fps": 1649,
      "20_to_24_fps": 93
    },
    "unacceptable": {
      "10_to_19_fps": 3,
      "5_to_9_fps": 0,
      "under_5_fps": 0
    }
  },
  "avg_painted_fps": 12.71,
  "avg_decoded_fps": 25.49
}
{
  "timestamp": "2026-09-05T07:52:36Z",
  "machine_id": "Mac",
  "framework": "csharp_avalonia",
  "hardware_mode": "gpu",
  "window_duration_seconds": 60,
  "active_streams": 28,
  "ui_frames": 22210,
  "decoded_frames": 43371,
  "fps_stream_seconds": {
    "acceptable": {
      "25_to_30_fps": 0,
      "20_to_24_fps": 4
    },
    "unacceptable": {
      "10_to_19_fps": 1557,
      "5_to_9_fps": 143,
      "under_5_fps": 0
    }
  },
  "decode_fps_stream_seconds": {
    "acceptable": {
      "25_to_30_fps": 1587,
      "20_to_24_fps": 117
    },
    "unacceptable": {
      "10_to_19_fps": 0,
      "5_to_9_fps": 0,
      "under_5_fps": 0
    }
  },
  "avg_painted_fps": 13.03,
  "avg_decoded_fps": 25.45
}
{
  "timestamp": "2026-09-05T07:53:37Z",
  "machine_id": "Mac",
  "framework": "csharp_avalonia",
  "hardware_mode": "gpu",
  "window_duration_seconds": 60,
  "active_streams": 29,
  "ui_frames": 22100,
  "decoded_frames": 44242,
  "fps_stream_seconds": {
    "acceptable": {
      "25_to_30_fps": 0,
      "20_to_24_fps": 5
    },
    "unacceptable": {
      "10_to_19_fps": 1531,
      "5_to_9_fps": 198,
      "under_5_fps": 0
    }
  },
  "decode_fps_stream_seconds": {
    "acceptable": {
      "25_to_30_fps": 1671,
      "20_to_24_fps": 63
    },
    "unacceptable": {
      "10_to_19_fps": 0,
      "5_to_9_fps": 0,
      "under_5_fps": 0
    }
  },
  "avg_painted_fps": 12.75,
  "avg_decoded_fps": 25.51
}
{
  "timestamp": "2026-09-05T07:54:38Z",
  "machine_id": "Mac",
  "framework": "csharp_avalonia",
  "hardware_mode": "gpu",
  "window_duration_seconds": 60,
  "active_streams": 29,
  "ui_frames": 22200,
  "decoded_frames": 43772,
  "fps_stream_seconds": {
    "acceptable": {
      "25_to_30_fps": 0,
      "20_to_24_fps": 5
    },
    "unacceptable": {
      "10_to_19_fps": 1544,
      "5_to_9_fps": 169,
      "under_5_fps": 1
    }
  },
  "decode_fps_stream_seconds": {
    "acceptable": {
      "25_to_30_fps": 1618,
      "20_to_24_fps": 100
    },
    "unacceptable": {
      "10_to_19_fps": 0,
      "5_to_9_fps": 0,
      "under_5_fps": 1
    }
  },
  "avg_painted_fps": 12.91,
  "avg_decoded_fps": 25.46
}
{
  "timestamp": "2026-09-05T07:55:39Z",
  "machine_id": "Mac",
  "framework": "csharp_avalonia",
  "hardware_mode": "gpu",
  "window_duration_seconds": 60,
  "active_streams": 29,
  "ui_frames": 22445,
  "decoded_frames": 44524,
  "fps_stream_seconds": {
    "acceptable": {
      "25_to_30_fps": 0,
      "20_to_24_fps": 2
    },
    "unacceptable": {
      "10_to_19_fps": 1588,
      "5_to_9_fps": 154,
      "under_5_fps": 0
    }
  },
  "decode_fps_stream_seconds": {
    "acceptable": {
      "25_to_30_fps": 1632,
      "20_to_24_fps": 112
    },
    "unacceptable": {
      "10_to_19_fps": 0,
      "5_to_9_fps": 0,
      "under_5_fps": 0
    }
  },
  "avg_painted_fps": 12.87,
  "avg_decoded_fps": 25.53
}
{
  "timestamp": "2026-09-05T07:56:40Z",
  "machine_id": "Mac",
  "framework": "csharp_avalonia",
  "hardware_mode": "gpu",
  "window_duration_seconds": 60,
  "active_streams": 30,
  "ui_frames": 22117,
  "decoded_frames": 45852,
  "fps_stream_seconds": {
    "acceptable": {
      "25_to_30_fps": 0,
      "20_to_24_fps": 0
    },
    "unacceptable": {
      "10_to_19_fps": 1477,
      "5_to_9_fps": 321,
      "under_5_fps": 0
    }
  },
  "decode_fps_stream_seconds": {
    "acceptable": {
      "25_to_30_fps": 1696,
      "20_to_24_fps": 102
    },
    "unacceptable": {
      "10_to_19_fps": 0,
      "5_to_9_fps": 0,
      "under_5_fps": 0
    }
  },
  "avg_painted_fps": 12.3,
  "avg_decoded_fps": 25.5
}
{
  "timestamp": "2026-09-05T07:57:41Z",
  "machine_id": "Mac",
  "framework": "csharp_avalonia",
  "hardware_mode": "gpu",
  "window_duration_seconds": 60,
  "active_streams": 29,
  "ui_frames": 22449,
  "decoded_frames": 44503,
  "fps_stream_seconds": {
    "acceptable": {
      "25_to_30_fps": 0,
      "20_to_24_fps": 3
    },
    "unacceptable": {
      "10_to_19_fps": 1565,
      "5_to_9_fps": 182,
      "under_5_fps": 0
    }
  },
  "decode_fps_stream_seconds": {
    "acceptable": {
      "25_to_30_fps": 1642,
      "20_to_24_fps": 108
    },
    "unacceptable": {
      "10_to_19_fps": 0,
      "5_to_9_fps": 0,
      "under_5_fps": 0
    }
  },
  "avg_painted_fps": 12.83,
  "avg_decoded_fps": 25.43
}
{
  "timestamp": "2026-09-05T07:58:42Z",
  "machine_id": "Mac",
  "framework": "csharp_avalonia",
  "hardware_mode": "gpu",
  "window_duration_seconds": 60,
  "active_streams": 29,
  "ui_frames": 22645,
  "decoded_frames": 44603,
  "fps_stream_seconds": {
    "acceptable": {
      "25_to_30_fps": 0,
      "20_to_24_fps": 3
    },
    "unacceptable": {
      "10_to_19_fps": 1619,
      "5_to_9_fps": 132,
      "under_5_fps": 0
    }
  },
  "decode_fps_stream_seconds": {
    "acceptable": {
      "25_to_30_fps": 1610,
      "20_to_24_fps": 144
    },
    "unacceptable": {
      "10_to_19_fps": 0,
      "5_to_9_fps": 0,
      "under_5_fps": 0
    }
  },
  "avg_painted_fps": 12.91,
  "avg_decoded_fps": 25.43
}
{
  "timestamp": "2026-09-05T07:59:43Z",
  "machine_id": "Mac",
  "framework": "csharp_avalonia",
  "hardware_mode": "gpu",
  "window_duration_seconds": 60,
  "active_streams": 28,
  "ui_frames": 22008,
  "decoded_frames": 43157,
  "fps_stream_seconds": {
    "acceptable": {
      "25_to_30_fps": 0,
      "20_to_24_fps": 5
    },
    "unacceptable": {
      "10_to_19_fps": 1545,
      "5_to_9_fps": 151,
      "under_5_fps": 0
    }
  },
  "decode_fps_stream_seconds": {
    "acceptable": {
      "25_to_30_fps": 1595,
      "20_to_24_fps": 106
    },
    "unacceptable": {
      "10_to_19_fps": 0,
      "5_to_9_fps": 0,
      "under_5_fps": 0
    }
  },
  "avg_painted_fps": 12.94,
  "avg_decoded_fps": 25.37
}
{
  "timestamp": "2026-09-05T08:00:45Z",
  "machine_id": "Mac",
  "framework": "csharp_avalonia",
  "hardware_mode": "gpu",
  "window_duration_seconds": 60,
  "active_streams": 30,
  "ui_frames": 22432,
  "decoded_frames": 45860,
  "fps_stream_seconds": {
    "acceptable": {
      "25_to_30_fps": 0,
      "20_to_24_fps": 1
    },
    "unacceptable": {
      "10_to_19_fps": 1559,
      "5_to_9_fps": 228,
      "under_5_fps": 3
    }
  },
  "decode_fps_stream_seconds": {
    "acceptable": {
      "25_to_30_fps": 1722,
      "20_to_24_fps": 66
    },
    "unacceptable": {
      "10_to_19_fps": 0,
      "5_to_9_fps": 0,
      "under_5_fps": 3
    }
  },
  "avg_painted_fps": 12.52,
  "avg_decoded_fps": 25.61
}
{
  "timestamp": "2026-09-05T08:01:46Z",
  "machine_id": "Mac",
  "framework": "csharp_avalonia",
  "hardware_mode": "gpu",
  "window_duration_seconds": 60,
  "active_streams": 29,
  "ui_frames": 22437,
  "decoded_frames": 43614,
  "fps_stream_seconds": {
    "acceptable": {
      "25_to_30_fps": 0,
      "20_to_24_fps": 3
    },
    "unacceptable": {
      "10_to_19_fps": 1618,
      "5_to_9_fps": 93,
      "under_5_fps": 0
    }
  },
  "decode_fps_stream_seconds": {
    "acceptable": {
      "25_to_30_fps": 1622,
      "20_to_24_fps": 90
    },
    "unacceptable": {
      "10_to_19_fps": 2,
      "5_to_9_fps": 0,
      "under_5_fps": 0
    }
  },
  "avg_painted_fps": 13.09,
  "avg_decoded_fps": 25.45
}
{
  "timestamp": "2026-09-05T08:02:47Z",
  "machine_id": "Mac",
  "framework": "csharp_avalonia",
  "hardware_mode": "gpu",
  "window_duration_seconds": 60,
  "active_streams": 29,
  "ui_frames": 22229,
  "decoded_frames": 44725,
  "fps_stream_seconds": {
    "acceptable": {
      "25_to_30_fps": 0,
      "20_to_24_fps": 1
    },
    "unacceptable": {
      "10_to_19_fps": 1554,
      "5_to_9_fps": 200,
      "under_5_fps": 0
    }
  },
  "decode_fps_stream_seconds": {
    "acceptable": {
      "25_to_30_fps": 1646,
      "20_to_24_fps": 109
    },
    "unacceptable": {
      "10_to_19_fps": 0,
      "5_to_9_fps": 0,
      "under_5_fps": 0
    }
  },
  "avg_painted_fps": 12.67,
  "avg_decoded_fps": 25.48
}
{
  "timestamp": "2026-09-05T08:03:48Z",
  "machine_id": "Mac",
  "framework": "csharp_avalonia",
  "hardware_mode": "gpu",
  "window_duration_seconds": 60,
  "active_streams": 29,
  "ui_frames": 22196,
  "decoded_frames": 44070,
  "fps_stream_seconds": {
    "acceptable": {
      "25_to_30_fps": 0,
      "20_to_24_fps": 3
    },
    "unacceptable": {
      "10_to_19_fps": 1547,
      "5_to_9_fps": 184,
      "under_5_fps": 0
    }
  },
  "decode_fps_stream_seconds": {
    "acceptable": {
      "25_to_30_fps": 1611,
      "20_to_24_fps": 123
    },
    "unacceptable": {
      "10_to_19_fps": 0,
      "5_to_9_fps": 0,
      "under_5_fps": 0
    }
  },
  "avg_painted_fps": 12.8,
  "avg_decoded_fps": 25.42
}
{
  "timestamp": "2026-09-05T08:04:49Z",
  "machine_id": "Mac",
  "framework": "csharp_avalonia",
  "hardware_mode": "gpu",
  "window_duration_seconds": 60,
  "active_streams": 30,
  "ui_frames": 22830,
  "decoded_frames": 45200,
  "fps_stream_seconds": {
    "acceptable": {
      "25_to_30_fps": 0,
      "20_to_24_fps": 4
    },
    "unacceptable": {
      "10_to_19_fps": 1619,
      "5_to_9_fps": 149,
      "under_5_fps": 0
    }
  },
  "decode_fps_stream_seconds": {
    "acceptable": {
      "25_to_30_fps": 1692,
      "20_to_24_fps": 80
    },
    "unacceptable": {
      "10_to_19_fps": 0,
      "5_to_9_fps": 0,
      "under_5_fps": 0
    }
  },
  "avg_painted_fps": 12.88,
  "avg_decoded_fps": 25.51
}
{
  "timestamp": "2026-09-05T08:05:50Z",
  "machine_id": "Mac",
  "framework": "csharp_avalonia",
  "hardware_mode": "gpu",
  "window_duration_seconds": 60,
  "active_streams": 30,
  "ui_frames": 22624,
  "decoded_frames": 45080,
  "fps_stream_seconds": {
    "acceptable": {
      "25_to_30_fps": 0,
      "20_to_24_fps": 1
    },
    "unacceptable": {
      "10_to_19_fps": 1593,
      "5_to_9_fps": 177,
      "under_5_fps": 0
    }
  },
  "decode_fps_stream_seconds": {
    "acceptable": {
      "25_to_30_fps": 1690,
      "20_to_24_fps": 81
    },
    "unacceptable": {
      "10_to_19_fps": 0,
      "5_to_9_fps": 0,
      "under_5_fps": 0
    }
  },
  "avg_painted_fps": 12.77,
  "avg_decoded_fps": 25.45
}
{
  "timestamp": "2026-09-05T08:06:51Z",
  "machine_id": "Mac",
  "framework": "csharp_avalonia",
  "hardware_mode": "gpu",
  "window_duration_seconds": 60,
  "active_streams": 29,
  "ui_frames": 22835,
  "decoded_frames": 45196,
  "fps_stream_seconds": {
    "acceptable": {
      "25_to_30_fps": 0,
      "20_to_24_fps": 5
    },
    "unacceptable": {
      "10_to_19_fps": 1631,
      "5_to_9_fps": 130,
      "under_5_fps": 1
    }
  },
  "decode_fps_stream_seconds": {
    "acceptable": {
      "25_to_30_fps": 1676,
      "20_to_24_fps": 90
    },
    "unacceptable": {
      "10_to_19_fps": 0,
      "5_to_9_fps": 0,
      "under_5_fps": 1
    }
  },
  "avg_painted_fps": 12.92,
  "avg_decoded_fps": 25.58
}
{
  "timestamp": "2026-09-05T08:07:53Z",
  "machine_id": "Mac",
  "framework": "csharp_avalonia",
  "hardware_mode": "gpu",
  "window_duration_seconds": 60,
  "active_streams": 30,
  "ui_frames": 22675,
  "decoded_frames": 45621,
  "fps_stream_seconds": {
    "acceptable": {
      "25_to_30_fps": 0,
      "20_to_24_fps": 2
    },
    "unacceptable": {
      "10_to_19_fps": 1578,
      "5_to_9_fps": 205,
      "under_5_fps": 1
    }
  },
  "decode_fps_stream_seconds": {
    "acceptable": {
      "25_to_30_fps": 1702,
      "20_to_24_fps": 83
    },
    "unacceptable": {
      "10_to_19_fps": 0,
      "5_to_9_fps": 1,
      "under_5_fps": 0
    }
  },
  "avg_painted_fps": 12.7,
  "avg_decoded_fps": 25.54
}
{
  "timestamp": "2026-09-05T08:08:54Z",
  "machine_id": "Mac",
  "framework": "csharp_avalonia",
  "hardware_mode": "gpu",
  "window_duration_seconds": 60,
  "active_streams": 29,
  "ui_frames": 22482,
  "decoded_frames": 44368,
  "fps_stream_seconds": {
    "acceptable": {
      "25_to_30_fps": 0,
      "20_to_24_fps": 3
    },
    "unacceptable": {
      "10_to_19_fps": 1589,
      "5_to_9_fps": 150,
      "under_5_fps": 0
    }
  },
  "decode_fps_stream_seconds": {
    "acceptable": {
      "25_to_30_fps": 1653,
      "20_to_24_fps": 89
    },
    "unacceptable": {
      "10_to_19_fps": 0,
      "5_to_9_fps": 0,
      "under_5_fps": 0
    }
  },
  "avg_painted_fps": 12.91,
  "avg_decoded_fps": 25.47
}
{
  "timestamp": "2026-09-05T08:09:55Z",
  "machine_id": "Mac",
  "framework": "csharp_avalonia",
  "hardware_mode": "gpu",
  "window_duration_seconds": 60,
  "active_streams": 30,
  "ui_frames": 22640,
  "decoded_frames": 45365,
  "fps_stream_seconds": {
    "acceptable": {
      "25_to_30_fps": 0,
      "20_to_24_fps": 1
    },
    "unacceptable": {
      "10_to_19_fps": 1564,
      "5_to_9_fps": 213,
      "under_5_fps": 0
    }
  },
  "decode_fps_stream_seconds": {
    "acceptable": {
      "25_to_30_fps": 1694,
      "20_to_24_fps": 83
    },
    "unacceptable": {
      "10_to_19_fps": 0,
      "5_to_9_fps": 1,
      "under_5_fps": 0
    }
  },
  "avg_painted_fps": 12.73,
  "avg_decoded_fps": 25.51
}
{
  "timestamp": "2026-09-05T08:10:56Z",
  "machine_id": "Mac",
  "framework": "csharp_avalonia",
  "hardware_mode": "gpu",
  "window_duration_seconds": 60,
  "active_streams": 29,
  "ui_frames": 22603,
  "decoded_frames": 44360,
  "fps_stream_seconds": {
    "acceptable": {
      "25_to_30_fps": 0,
      "20_to_24_fps": 7
    },
    "unacceptable": {
      "10_to_19_fps": 1603,
      "5_to_9_fps": 127,
      "under_5_fps": 1
    }
  },
  "decode_fps_stream_seconds": {
    "acceptable": {
      "25_to_30_fps": 1642,
      "20_to_24_fps": 94
    },
    "unacceptable": {
      "10_to_19_fps": 2,
      "5_to_9_fps": 0,
      "under_5_fps": 0
    }
  },
  "avg_painted_fps": 13.01,
  "avg_decoded_fps": 25.52
}
{
  "timestamp": "2026-09-05T08:11:57Z",
  "machine_id": "Mac",
  "framework": "csharp_avalonia",
  "hardware_mode": "gpu",
  "window_duration_seconds": 60,
  "active_streams": 28,
  "ui_frames": 22102,
  "decoded_frames": 42757,
  "fps_stream_seconds": {
    "acceptable": {
      "25_to_30_fps": 0,
      "20_to_24_fps": 9
    },
    "unacceptable": {
      "10_to_19_fps": 1585,
      "5_to_9_fps": 86,
      "under_5_fps": 0
    }
  },
  "decode_fps_stream_seconds": {
    "acceptable": {
      "25_to_30_fps": 1578,
      "20_to_24_fps": 102
    },
    "unacceptable": {
      "10_to_19_fps": 0,
      "5_to_9_fps": 0,
      "under_5_fps": 0
    }
  },
  "avg_painted_fps": 13.16,
  "avg_decoded_fps": 25.45
}
{
  "timestamp": "2026-09-05T08:12:58Z",
  "machine_id": "Mac",
  "framework": "csharp_avalonia",
  "hardware_mode": "gpu",
  "window_duration_seconds": 60,
  "active_streams": 29,
  "ui_frames": 22588,
  "decoded_frames": 45017,
  "fps_stream_seconds": {
    "acceptable": {
      "25_to_30_fps": 0,
      "20_to_24_fps": 2
    },
    "unacceptable": {
      "10_to_19_fps": 1586,
      "5_to_9_fps": 174,
      "under_5_fps": 2
    }
  },
  "decode_fps_stream_seconds": {
    "acceptable": {
      "25_to_30_fps": 1672,
      "20_to_24_fps": 90
    },
    "unacceptable": {
      "10_to_19_fps": 0,
      "5_to_9_fps": 0,
      "under_5_fps": 2
    }
  },
  "avg_painted_fps": 12.8,
  "avg_decoded_fps": 25.52
}
{
  "timestamp": "2026-09-05T08:14:00Z",
  "machine_id": "Mac",
  "framework": "csharp_avalonia",
  "hardware_mode": "gpu",
  "window_duration_seconds": 60,
  "active_streams": 29,
  "ui_frames": 22407,
  "decoded_frames": 44521,
  "fps_stream_seconds": {
    "acceptable": {
      "25_to_30_fps": 0,
      "20_to_24_fps": 3
    },
    "unacceptable": {
      "10_to_19_fps": 1577,
      "5_to_9_fps": 156,
      "under_5_fps": 2
    }
  },
  "decode_fps_stream_seconds": {
    "acceptable": {
      "25_to_30_fps": 1669,
      "20_to_24_fps": 67
    },
    "unacceptable": {
      "10_to_19_fps": 2,
      "5_to_9_fps": 0,
      "under_5_fps": 0
    }
  },
  "avg_painted_fps": 12.89,
  "avg_decoded_fps": 25.62
}
{
  "timestamp": "2026-09-05T08:15:01Z",
  "machine_id": "Mac",
  "framework": "csharp_avalonia",
  "hardware_mode": "gpu",
  "window_duration_seconds": 60,
  "active_streams": 29,
  "ui_frames": 22524,
  "decoded_frames": 44874,
  "fps_stream_seconds": {
    "acceptable": {
      "25_to_30_fps": 0,
      "20_to_24_fps": 2
    },
    "unacceptable": {
      "10_to_19_fps": 1568,
      "5_to_9_fps": 192,
      "under_5_fps": 1
    }
  },
  "decode_fps_stream_seconds": {
    "acceptable": {
      "25_to_30_fps": 1638,
      "20_to_24_fps": 124
    },
    "unacceptable": {
      "10_to_19_fps": 1,
      "5_to_9_fps": 0,
      "under_5_fps": 0
    }
  },
  "avg_painted_fps": 12.78,
  "avg_decoded_fps": 25.45
}
{
  "timestamp": "2026-09-05T08:16:02Z",
  "machine_id": "Mac",
  "framework": "csharp_avalonia",
  "hardware_mode": "gpu",
  "window_duration_seconds": 60,
  "active_streams": 29,
  "ui_frames": 22060,
  "decoded_frames": 44208,
  "fps_stream_seconds": {
    "acceptable": {
      "25_to_30_fps": 0,
      "20_to_24_fps": 2
    },
    "unacceptable": {
      "10_to_19_fps": 1527,
      "5_to_9_fps": 211,
      "under_5_fps": 0
    }
  },
  "decode_fps_stream_seconds": {
    "acceptable": {
      "25_to_30_fps": 1635,
      "20_to_24_fps": 105
    },
    "unacceptable": {
      "10_to_19_fps": 0,
      "5_to_9_fps": 0,
      "under_5_fps": 0
    }
  },
  "avg_painted_fps": 12.68,
  "avg_decoded_fps": 25.41
}
