[Platform] Raised RLIMIT_NOFILE from 10240 to 10240
[HwAccel] Successfully initialized GPU hardware acceleration: videotoolbox
[Platform] macOS: VideoToolbox + IOSurface / OpenGL (no VA-API/EGL)
=================================================================
 6-Hour RTSP Video Grid Benchmark (C++ Qt6 GPU Zero-Copy Decode)
=================================================================
 Platform:              macOS
 Target RTSP URL:       rtsp://127.0.0.1:8554/live
 Active Streams:        10
 Telemetry Output:      ./logs/fps_metrics.log
 Machine ID:            morfess-MacBook-Air.local
 Requested HwAccel:     auto
 Active GPU Device:     videotoolbox
 Rendering Pipeline:    QOpenGLWidget + BT.709 GPU NV12 Shaders
 UI Refresh Rate:       30 FPS
 Zero-Copy VRAM Rule:   Active (zero CPU RAM frame download)
=================================================================
[MainWindow] Starting 10 background RTSP GPU decoder threads...
[MainWindow] All GPU decoder threads started successfully.
[h264 @ 0xc023c1f80] vt decoder cb: output image buffer is null: -12909, reconfig 1
[h264 @ 0xc023c1880] vt decoder cb: output image buffer is null: -12909, reconfig 1
[h264 @ 0xc023c1f80] hardware accelerator failed to decode picture
[h264 @ 0xc023c1880] hardware accelerator failed to decode picture
[h264 @ 0xc023c3b80] vt decoder cb: output image buffer is null: -12909, reconfig 1
[h264 @ 0xc023c2d80] vt decoder cb: output image buffer is null: -12909, reconfig 1
[h264 @ 0xc023c3480] vt decoder cb: output image buffer is null: -12909, reconfig 1
[h264 @ 0xc023c2d80] hardware accelerator failed to decode picture
[h264 @ 0xc023c3b80] hardware accelerator failed to decode picture
[h264 @ 0xc023c3480] hardware accelerator failed to decode picture
[h264 @ 0xc023c2d80] vt decoder cb: output image buffer is null: -12909, reconfig 1
[h264 @ 0xc023c3480] vt decoder cb: output image buffer is null: -12909, reconfig 1
[h264 @ 0xc023c3b80] vt decoder cb: output image buffer is null: -12909, reconfig 1
[h264 @ 0xc023c2d80] hardware accelerator failed to decode picture
[h264 @ 0xc023c3480] hardware accelerator failed to decode picture
[h264 @ 0xc023c3b80] hardware accelerator failed to decode picture
[h264 @ 0xc023c2d80] vt decoder cb: output image buffer is null: -12909, reconfig 1
[h264 @ 0xc023c3480] vt decoder cb: output image buffer is null: -12909, reconfig 1
[h264 @ 0xc023c3b80] vt decoder cb: output image buffer is null: -12909, reconfig 1
[h264 @ 0xc023c2d80] hardware accelerator failed to decode picture
[h264 @ 0xc023c3480] hardware accelerator failed to decode picture
[h264 @ 0xc023c3b80] hardware accelerator failed to decode picture
[h264 @ 0xc023c3480] vt decoder cb: output image buffer is null: -12909, reconfig 1
[h264 @ 0xc023c2d80] vt decoder cb: output image buffer is null: -12909, reconfig 1
[h264 @ 0xc023c3b80] vt decoder cb: output image buffer is null: -12909, reconfig 1
[h264 @ 0xc023c3480] hardware accelerator failed to decode picture
[h264 @ 0xc023c2d80] hardware accelerator failed to decode picture
[h264 @ 0xc023c3b80] hardware accelerator failed to decode picture
[h264 @ 0xc023c2d80] vt decoder cb: output image buffer is null: -12909, reconfig 1
[h264 @ 0xc023c2d80] hardware accelerator failed to decode picture
[h264 @ 0xc023c3b80] vt decoder cb: output image buffer is null: -12909, reconfig 1
[h264 @ 0xc023c3480] vt decoder cb: output image buffer is null: -12909, reconfig 1
[h264 @ 0xc023c3b80] hardware accelerator failed to decode picture
[h264 @ 0xc023c3480] hardware accelerator failed to decode picture
[h264 @ 0xc023c2d80] vt decoder cb: output image buffer is null: -12909, reconfig 1
[h264 @ 0xc023c3480] vt decoder cb: output image buffer is null: -12909, reconfig 1
[h264 @ 0xc023c3b80] vt decoder cb: output image buffer is null: -12909, reconfig 1
[h264 @ 0xc023c2d80] hardware accelerator failed to decode picture
[h264 @ 0xc023c3b80] hardware accelerator failed to decode picture
[h264 @ 0xc023c3480] hardware accelerator failed to decode picture
[h264 @ 0xc023c2d80] vt decoder cb: output image buffer is null: -12909, reconfig 1
[h264 @ 0xc023c3b80] vt decoder cb: output image buffer is null: -12909, reconfig 1
[h264 @ 0xc023c3480] vt decoder cb: output image buffer is null: -12909, reconfig 1
[h264 @ 0xc023c3480] hardware accelerator failed to decode picture
[h264 @ 0xc023c2d80] hardware accelerator failed to decode picture
[h264 @ 0xc023c3b80] hardware accelerator failed to decode picture
[h264 @ 0xc023c2d80] vt decoder cb: output image buffer is null: -12909, reconfig 1
[h264 @ 0xc023c3480] vt decoder cb: output image buffer is null: -12909, reconfig 1
[h264 @ 0xc023c3b80] vt decoder cb: output image buffer is null: -12909, reconfig 1
[h264 @ 0xc023c3480] hardware accelerator failed to decode picture
[h264 @ 0xc023c2d80] hardware accelerator failed to decode picture
[h264 @ 0xc023c3b80] hardware accelerator failed to decode picture
[h264 @ 0xc023c3480] vt decoder cb: output image buffer is null: -12909, reconfig 1
[h264 @ 0xc023c2d80] vt decoder cb: output image buffer is null: -12909, reconfig 1
[h264 @ 0xc023c3480] hardware accelerator failed to decode picture
[h264 @ 0xc023c2d80] hardware accelerator failed to decode picture
[h264 @ 0xc023c3b80] vt decoder cb: output image buffer is null: -12909, reconfig 1
[h264 @ 0xc023c3b80] hardware accelerator failed to decode picture
[h264 @ 0xc023c3480] vt decoder cb: output image buffer is null: -12909, reconfig 1
[h264 @ 0xc023c2d80] vt decoder cb: output image buffer is null: -12909, reconfig 1
[h264 @ 0xc023c3b80] vt decoder cb: output image buffer is null: -12909, reconfig 1
[h264 @ 0xc023c3480] hardware accelerator failed to decode picture
[h264 @ 0xc023c2d80] hardware accelerator failed to decode picture
[h264 @ 0xc023c3b80] hardware accelerator failed to decode picture
[h264 @ 0xc023c3480] vt decoder cb: output image buffer is null: -12909, reconfig 1
[h264 @ 0xc023c2d80] vt decoder cb: output image buffer is null: -12909, reconfig 1
[h264 @ 0xc023c3b80] vt decoder cb: output image buffer is null: -12909, reconfig 1
[h264 @ 0xc023c2d80] hardware accelerator failed to decode picture
[h264 @ 0xc023c3480] hardware accelerator failed to decode picture
[h264 @ 0xc023c3b80] hardware accelerator failed to decode picture
[h264 @ 0xc023c3b80] vt decoder cb: output image buffer is null: -12909, reconfig 1
[h264 @ 0xc023c2d80] vt decoder cb: output image buffer is null: -12909, reconfig 1
[h264 @ 0xc023c3b80] hardware accelerator failed to decode picture
[h264 @ 0xc023c3480] vt decoder cb: output image buffer is null: -12909, reconfig 1
[h264 @ 0xc023c2d80] hardware accelerator failed to decode picture
[h264 @ 0xc023c3480] hardware accelerator failed to decode picture
[h264 @ 0xc023c3b80] vt decoder cb: output image buffer is null: -12909, reconfig 1
[h264 @ 0xc023c2d80] vt decoder cb: output image buffer is null: -12909, reconfig 1
[h264 @ 0xc023c3b80] hardware accelerator failed to decode picture
[h264 @ 0xc023c3480] vt decoder cb: output image buffer is null: -12909, reconfig 1
[h264 @ 0xc023c2d80] hardware accelerator failed to decode picture
[h264 @ 0xc023c3480] hardware accelerator failed to decode picture
[h264 @ 0xc023c2d80] vt decoder cb: output image buffer is null: -12909, reconfig 1
[h264 @ 0xc023c2d80] hardware accelerator failed to decode picture
[h264 @ 0xc023c3480] vt decoder cb: output image buffer is null: -12909, reconfig 1
[h264 @ 0xc023c3b80] vt decoder cb: output image buffer is null: -12909, reconfig 1
[h264 @ 0xc023c3480] hardware accelerator failed to decode picture
[h264 @ 0xc023c3b80] hardware accelerator failed to decode picture
[h264 @ 0xc023c2d80] vt decoder cb: output image buffer is null: -12909, reconfig 1
[h264 @ 0xc023c2d80] hardware accelerator failed to decode picture
[h264 @ 0xc023c3b80] vt decoder cb: output image buffer is null: -12909, reconfig 1
[h264 @ 0xc023c3480] vt decoder cb: output image buffer is null: -12909, reconfig 1
[h264 @ 0xc023c3b80] hardware accelerator failed to decode picture
[h264 @ 0xc023c3480] hardware accelerator failed to decode picture
[h264 @ 0xc023c2d80] vt decoder cb: output image buffer is null: -12909, reconfig 1
[h264 @ 0xc023c3480] vt decoder cb: output image buffer is null: -12909, reconfig 1
[h264 @ 0xc023c3b80] vt decoder cb: output image buffer is null: -12909, reconfig 1
[h264 @ 0xc023c2d80] hardware accelerator failed to decode picture
[h264 @ 0xc023c3b80] hardware accelerator failed to decode picture
[h264 @ 0xc023c3480] hardware accelerator failed to decode picture
[h264 @ 0xc023c3480] vt decoder cb: output image buffer is null: -12909, reconfig 1
[h264 @ 0xc023c2d80] vt decoder cb: output image buffer is null: -12909, reconfig 1
[h264 @ 0xc023c3b80] vt decoder cb: output image buffer is null: -12909, reconfig 1
[h264 @ 0xc023c3480] hardware accelerator failed to decode picture
[h264 @ 0xc023c3b80] hardware accelerator failed to decode picture
[h264 @ 0xc023c2d80] hardware accelerator failed to decode picture
[h264 @ 0xc023c3480] vt decoder cb: output image buffer is null: -12909, reconfig 1
[h264 @ 0xc023c3b80] vt decoder cb: output image buffer is null: -12909, reconfig 1
[h264 @ 0xc023c2d80] vt decoder cb: output image buffer is null: -12909, reconfig 1
[h264 @ 0xc023c2d80] hardware accelerator failed to decode picture
[h264 @ 0xc023c3480] hardware accelerator failed to decode picture
[h264 @ 0xc023c3b80] hardware accelerator failed to decode picture
[h264 @ 0xc02053480] vt decoder cb: output image buffer is null: -12909, reconfig 1
[h264 @ 0xc02053b80] vt decoder cb: output image buffer is null: -12909, reconfig 1
[h264 @ 0xc02053b80] hardware accelerator failed to decode picture
[h264 @ 0xc02053480] hardware accelerator failed to decode picture
[h264 @ 0xc023c3b80] vt decoder cb: output image buffer is null: -12909, reconfig 1
[h264 @ 0xc023c2d80] vt decoder cb: output image buffer is null: -12909, reconfig 1
[h264 @ 0xc023c3480] vt decoder cb: output image buffer is null: -12909, reconfig 1
[h264 @ 0xc023c3b80] hardware accelerator failed to decode picture
[h264 @ 0xc023c3480] hardware accelerator failed to decode picture
[h264 @ 0xc02053b80] vt decoder cb: output image buffer is null: -12909, reconfig 1
[h264 @ 0xc023c2d80] hardware accelerator failed to decode picture
[h264 @ 0xc02053b80] hardware accelerator failed to decode picture
[h264 @ 0xc02053480] vt decoder cb: output image buffer is null: -12909, reconfig 1
[h264 @ 0xc02053480] hardware accelerator failed to decode picture
[h264 @ 0xc023c3b80] vt decoder cb: output image buffer is null: -12909, reconfig 1
[h264 @ 0xc02053b80] vt decoder cb: output image buffer is null: -12909, reconfig 1
[h264 @ 0xc023c3480] vt decoder cb: output image buffer is null: -12909, reconfig 1
[h264 @ 0xc023c3b80] hardware accelerator failed to decode picture
[h264 @ 0xc02053b80] hardware accelerator failed to decode picture
[h264 @ 0xc023c3480] hardware accelerator failed to decode picture
[h264 @ 0xc023c2d80] vt decoder cb: output image buffer is null: -12909, reconfig 1
[h264 @ 0xc02053480] vt decoder cb: output image buffer is null: -12909, reconfig 1
[h264 @ 0xc023c2d80] hardware accelerator failed to decode picture
[h264 @ 0xc02053480] hardware accelerator failed to decode picture
[h264 @ 0xc023c3480] vt decoder cb: output image buffer is null: -12909, reconfig 1
[h264 @ 0xc02053b80] vt decoder cb: output image buffer is null: -12909, reconfig 1
[h264 @ 0xc023c2d80] vt decoder cb: output image buffer is null: -12909, reconfig 1
[h264 @ 0xc023c3480] hardware accelerator failed to decode picture
[h264 @ 0xc02053b80] hardware accelerator failed to decode picture
[h264 @ 0xc023c3b80] vt decoder cb: output image buffer is null: -12909, reconfig 1
[h264 @ 0xc023c3b80] hardware accelerator failed to decode picture
[h264 @ 0xc023c2d80] hardware accelerator failed to decode picture
[h264 @ 0xc02053480] vt decoder cb: output image buffer is null: -12909, reconfig 1
[h264 @ 0xc02053480] hardware accelerator failed to decode picture
[h264 @ 0xc023c3480] vt decoder cb: output image buffer is null: -12909, reconfig 1
[h264 @ 0xc023c3b80] vt decoder cb: output image buffer is null: -12909, reconfig 1
[h264 @ 0xc023c3480] hardware accelerator failed to decode picture
[h264 @ 0xc02053b80] vt decoder cb: output image buffer is null: -12909, reconfig 1
[h264 @ 0xc023c3b80] hardware accelerator failed to decode picture
[h264 @ 0xc023c2d80] vt decoder cb: output image buffer is null: -12909, reconfig 1
[h264 @ 0xc02053b80] hardware accelerator failed to decode picture
[h264 @ 0xc023c2d80] hardware accelerator failed to decode picture
[h264 @ 0xc02053480] vt decoder cb: output image buffer is null: -12909, reconfig 1
[h264 @ 0xc02053480] hardware accelerator failed to decode picture
[h264 @ 0xc023c3480] vt decoder cb: output image buffer is null: -12909, reconfig 1
[h264 @ 0xc023c2d80] vt decoder cb: output image buffer is null: -12909, reconfig 1
[h264 @ 0xc02053b80] vt decoder cb: output image buffer is null: -12909, reconfig 1
[h264 @ 0xc023c3b80] vt decoder cb: output image buffer is null: -12909, reconfig 1
[h264 @ 0xc02053480] vt decoder cb: output image buffer is null: -12909, reconfig 1
[h264 @ 0xc023c2d80] hardware accelerator failed to decode picture
[h264 @ 0xc023c3480] hardware accelerator failed to decode picture
[h264 @ 0xc02053b80] hardware accelerator failed to decode picture
[h264 @ 0xc02053480] hardware accelerator failed to decode picture
[h264 @ 0xc023c3b80] hardware accelerator failed to decode picture
[h264 @ 0xc02053480] vt decoder cb: output image buffer is null: -12909, reconfig 1
[h264 @ 0xc02053b80] vt decoder cb: output image buffer is null: -12909, reconfig 1
[h264 @ 0xc023c2d80] vt decoder cb: output image buffer is null: -12909, reconfig 1
[h264 @ 0xc02053480] hardware accelerator failed to decode picture
[h264 @ 0xc023c3480] vt decoder cb: output image buffer is null: -12909, reconfig 1
[h264 @ 0xc02053b80] hardware accelerator failed to decode picture
[h264 @ 0xc023c3480] hardware accelerator failed to decode picture
[h264 @ 0xc023c2d80] hardware accelerator failed to decode picture
[h264 @ 0xc023c3b80] vt decoder cb: output image buffer is null: -12909, reconfig 1
[h264 @ 0xc023c3b80] hardware accelerator failed to decode picture
[h264 @ 0xc02053480] vt decoder cb: output image buffer is null: -12909, reconfig 1
[h264 @ 0xc02053b80] vt decoder cb: output image buffer is null: -12909, reconfig 1
[h264 @ 0xc02053480] hardware accelerator failed to decode picture
[h264 @ 0xc02053b80] hardware accelerator failed to decode picture
[h264 @ 0xc02053480] vt decoder cb: output image buffer is null: -12909, reconfig 1
[h264 @ 0xc02053b80] vt decoder cb: output image buffer is null: -12909, reconfig 1
[h264 @ 0xc02053480] hardware accelerator failed to decode picture
[h264 @ 0xc02053b80] hardware accelerator failed to decode picture
[h264 @ 0xc02053b80] vt decoder cb: output image buffer is null: -12909, reconfig 1
[h264 @ 0xc02053480] vt decoder cb: output image buffer is null: -12909, reconfig 1
[h264 @ 0xc02053b80] hardware accelerator failed to decode picture
[h264 @ 0xc02053480] hardware accelerator failed to decode picture
[h264 @ 0xc02053480] vt decoder cb: output image buffer is null: -12909, reconfig 1
[h264 @ 0xc02053b80] vt decoder cb: output image buffer is null: -12909, reconfig 1
[h264 @ 0xc02053480] hardware accelerator failed to decode picture
[h264 @ 0xc02053b80] hardware accelerator failed to decode picture
[h264 @ 0xc02053480] vt decoder cb: output image buffer is null: -12909, reconfig 1
[h264 @ 0xc02053b80] vt decoder cb: output image buffer is null: -12909, reconfig 1
[h264 @ 0xc02053480] hardware accelerator failed to decode picture
[h264 @ 0xc02053b80] hardware accelerator failed to decode picture
[h264 @ 0xc02053480] vt decoder cb: output image buffer is null: -12909, reconfig 1
[h264 @ 0xc02053b80] vt decoder cb: output image buffer is null: -12909, reconfig 1
[h264 @ 0xc02053480] hardware accelerator failed to decode picture
[h264 @ 0xc02053b80] hardware accelerator failed to decode picture
[h264 @ 0xc02053480] vt decoder cb: output image buffer is null: -12909, reconfig 1
[h264 @ 0xc02053b80] vt decoder cb: output image buffer is null: -12909, reconfig 1
[h264 @ 0xc02053480] hardware accelerator failed to decode picture
[h264 @ 0xc02053b80] hardware accelerator failed to decode picture
[h264 @ 0xc02053b80] vt decoder cb: output image buffer is null: -12909, reconfig 1
[h264 @ 0xc02053480] vt decoder cb: output image buffer is null: -12909, reconfig 1
[h264 @ 0xc02053b80] hardware accelerator failed to decode picture
[h264 @ 0xc02053480] hardware accelerator failed to decode picture
[h264 @ 0xc02053b80] vt decoder cb: output image buffer is null: -12909, reconfig 1
[h264 @ 0xc02053480] vt decoder cb: output image buffer is null: -12909, reconfig 1
[h264 @ 0xc02051880] vt decoder cb: output image buffer is null: -12909, reconfig 1
[h264 @ 0xc02053b80] hardware accelerator failed to decode picture
[h264 @ 0xc02053480] hardware accelerator failed to decode picture
[h264 @ 0xc02051880] hardware accelerator failed to decode picture
[h264 @ 0xc02051880] vt decoder cb: output image buffer is null: -12909, reconfig 1
[h264 @ 0xc02053b80] vt decoder cb: output image buffer is null: -12909, reconfig 1
[h264 @ 0xc02053b80] hardware accelerator failed to decode picture
[h264 @ 0xc02051880] hardware accelerator failed to decode picture
[h264 @ 0xc02053480] vt decoder cb: output image buffer is null: -12909, reconfig 1
[h264 @ 0xc02053480] hardware accelerator failed to decode picture
[h264 @ 0xc02053b80] vt decoder cb: output image buffer is null: -12909, reconfig 1
[h264 @ 0xc02051880] vt decoder cb: output image buffer is null: -12909, reconfig 1
[h264 @ 0xc02053b80] hardware accelerator failed to decode picture
[h264 @ 0xc02053480] vt decoder cb: output image buffer is null: -12909, reconfig 1
[h264 @ 0xc02051880] hardware accelerator failed to decode picture
[h264 @ 0xc02053480] hardware accelerator failed to decode picture
[h264 @ 0xc02053480] vt decoder cb: output image buffer is null: -12909, reconfig 1
[h264 @ 0xc02053b80] vt decoder cb: output image buffer is null: -12909, reconfig 1
[h264 @ 0xc02051880] vt decoder cb: output image buffer is null: -12909, reconfig 1
[h264 @ 0xc02053480] hardware accelerator failed to decode picture
[h264 @ 0xc02053b80] hardware accelerator failed to decode picture
[h264 @ 0xc02051880] hardware accelerator failed to decode picture
[h264 @ 0xc02053b80] vt decoder cb: output image buffer is null: -12909, reconfig 1
[h264 @ 0xc02053480] vt decoder cb: output image buffer is null: -12909, reconfig 1
[h264 @ 0xc02051880] vt decoder cb: output image buffer is null: -12909, reconfig 1
[h264 @ 0xc02053b80] hardware accelerator failed to decode picture
[h264 @ 0xc02053480] hardware accelerator failed to decode picture
[h264 @ 0xc02051880] hardware accelerator failed to decode picture
[h264 @ 0xc02053480] vt decoder cb: output image buffer is null: -12909, reconfig 1
[h264 @ 0xc02053b80] vt decoder cb: output image buffer is null: -12909, reconfig 1
[h264 @ 0xc02051880] vt decoder cb: output image buffer is null: -12909, reconfig 1
[h264 @ 0xc02053480] hardware accelerator failed to decode picture
[h264 @ 0xc02053b80] hardware accelerator failed to decode picture
[h264 @ 0xc02051880] hardware accelerator failed to decode picture
[h264 @ 0xc02053b80] vt decoder cb: output image buffer is null: -12909, reconfig 1
[h264 @ 0xc02051880] vt decoder cb: output image buffer is null: -12909, reconfig 1
[h264 @ 0xc02053480] vt decoder cb: output image buffer is null: -12909, reconfig 1
[h264 @ 0xc02053b80] hardware accelerator failed to decode picture
[h264 @ 0xc02051880] hardware accelerator failed to decode picture
[h264 @ 0xc02053480] hardware accelerator failed to decode picture
[h264 @ 0xc02051880] vt decoder cb: output image buffer is null: -12909, reconfig 1
[h264 @ 0xc02053480] vt decoder cb: output image buffer is null: -12909, reconfig 1
[h264 @ 0xc02053b80] vt decoder cb: output image buffer is null: -12909, reconfig 1
[h264 @ 0xc02053b80] hardware accelerator failed to decode picture
[h264 @ 0xc02053480] hardware accelerator failed to decode picture
[h264 @ 0xc02051880] hardware accelerator failed to decode picture
[h264 @ 0xc02051880] vt decoder cb: output image buffer is null: -12909, reconfig 1
[h264 @ 0xc02051880] hardware accelerator failed to decode picture
[h264 @ 0xc02051880] vt decoder cb: output image buffer is null: -12909, reconfig 1
[h264 @ 0xc02051880] hardware accelerator failed to decode picture
[h264 @ 0xc02051880] vt decoder cb: output image buffer is null: -12909, reconfig 1
[h264 @ 0xc02051880] hardware accelerator failed to decode picture
[h264 @ 0xc02051880] vt decoder cb: output image buffer is null: -12909, reconfig 1
[h264 @ 0xc02051880] hardware accelerator failed to decode picture
[h264 @ 0xc02051880] vt decoder cb: output image buffer is null: -12909, reconfig 1
[h264 @ 0xc02051880] hardware accelerator failed to decode picture
[h264 @ 0xc02051880] vt decoder cb: output image buffer is null: -12909, reconfig 1
[h264 @ 0xc02051880] hardware accelerator failed to decode picture
[h264 @ 0xc02051880] vt decoder cb: output image buffer is null: -12909, reconfig 1
[h264 @ 0xc02051880] hardware accelerator failed to decode picture
[h264 @ 0xc02051880] vt decoder cb: output image buffer is null: -12909, reconfig 1
[h264 @ 0xc02051880] hardware accelerator failed to decode picture
[h264 @ 0xc02051180] vt decoder cb: output image buffer is null: -12909, reconfig 1
[h264 @ 0xc02051180] hardware accelerator failed to decode picture
[h264 @ 0xc02051880] vt decoder cb: output image buffer is null: -12909, reconfig 1
[h264 @ 0xc02051180] vt decoder cb: output image buffer is null: -12909, reconfig 1
[h264 @ 0xc02051880] hardware accelerator failed to decode picture
[h264 @ 0xc02051180] hardware accelerator failed to decode picture
[h264 @ 0xc02051880] vt decoder cb: output image buffer is null: -12909, reconfig 1
[h264 @ 0xc02051880] hardware accelerator failed to decode picture
[h264 @ 0xc02051180] vt decoder cb: output image buffer is null: -12909, reconfig 1
[h264 @ 0xc02051180] hardware accelerator failed to decode picture
[h264 @ 0xc02051880] vt decoder cb: output image buffer is null: -12909, reconfig 1
[h264 @ 0xc02051180] vt decoder cb: output image buffer is null: -12909, reconfig 1
[h264 @ 0xc02051880] hardware accelerator failed to decode picture
[h264 @ 0xc02051180] hardware accelerator failed to decode picture
[h264 @ 0xc02051880] vt decoder cb: output image buffer is null: -12909, reconfig 1
[h264 @ 0xc02051880] hardware accelerator failed to decode picture
[h264 @ 0xc02051180] vt decoder cb: output image buffer is null: -12909, reconfig 1
[h264 @ 0xc02051180] hardware accelerator failed to decode picture
[h264 @ 0xc02051880] vt decoder cb: output image buffer is null: -12909, reconfig 1
[h264 @ 0xc02051180] vt decoder cb: output image buffer is null: -12909, reconfig 1
[h264 @ 0xc02051880] hardware accelerator failed to decode picture
[h264 @ 0xc02051180] hardware accelerator failed to decode picture
[h264 @ 0xc02051180] vt decoder cb: output image buffer is null: -12909, reconfig 1
[h264 @ 0xc02051880] vt decoder cb: output image buffer is null: -12909, reconfig 1
[h264 @ 0xc02051180] hardware accelerator failed to decode picture
[h264 @ 0xc02051880] hardware accelerator failed to decode picture
[h264 @ 0xc02051180] vt decoder cb: output image buffer is null: -12909, reconfig 1
[h264 @ 0xc02051180] hardware accelerator failed to decode picture
[h264 @ 0xc02051180] vt decoder cb: output image buffer is null: -12909, reconfig 1
[h264 @ 0xc02051180] hardware accelerator failed to decode picture
[h264 @ 0xc02051180] vt decoder cb: output image buffer is null: -12909, reconfig 1
[h264 @ 0xc02051180] hardware accelerator failed to decode picture
[h264 @ 0xc02051180] vt decoder cb: output image buffer is null: -12909, reconfig 1
[h264 @ 0xc02051180] hardware accelerator failed to decode picture
[h264 @ 0xc02051180] vt decoder cb: output image buffer is null: -12909, reconfig 1
[h264 @ 0xc02051180] hardware accelerator failed to decode picture
[h264 @ 0xc02051180] vt decoder cb: output image buffer is null: -12909, reconfig 1
[h264 @ 0xc02051180] hardware accelerator failed to decode picture
[h264 @ 0xc02051180] vt decoder cb: output image buffer is null: -12909, reconfig 1
[h264 @ 0xc02051180] hardware accelerator failed to decode picture
[h264 @ 0xc02051180] vt decoder cb: output image buffer is null: -12909, reconfig 1
[h264 @ 0xc02051180] hardware accelerator failed to decode picture
[h264 @ 0xc02051180] vt decoder cb: output image buffer is null: -12909, reconfig 1
[h264 @ 0xc02051180] hardware accelerator failed to decode picture
[h264 @ 0xc02051180] vt decoder cb: output image buffer is null: -12909, reconfig 1
[h264 @ 0xc02051180] hardware accelerator failed to decode picture
[h264 @ 0xc02051180] vt decoder cb: output image buffer is null: -12909, reconfig 1
[h264 @ 0xc02051180] hardware accelerator failed to decode picture
[h264 @ 0xc02051180] vt decoder cb: output image buffer is null: -12909, reconfig 1
[h264 @ 0xc02051180] hardware accelerator failed to decode picture
[h264 @ 0xc02051180] vt decoder cb: output image buffer is null: -12909, reconfig 1
[h264 @ 0xc02051180] hardware accelerator failed to decode picture
[h264 @ 0xc02051180] vt decoder cb: output image buffer is null: -12909, reconfig 1
[h264 @ 0xc02051180] hardware accelerator failed to decode picture
[Telemetry] Flushed 60s window (590 stream-seconds) to ./logs/fps_metrics.log
            UI frames: 10323 | Decoded frames: 14845
            Acceptable (25-30: 237, 20-24: 281) | Unacceptable (10-19: 53, 5-9: 19, <5: 0)
[Telemetry] Flushed 60s window (600 stream-seconds) to ./logs/fps_metrics.log
            UI frames: 1193 | Decoded frames: 15000
            Acceptable (25-30: 547, 20-24: 38) | Unacceptable (10-19: 5, 5-9: 9, <5: 1)
[Telemetry] Flushed 60s window (600 stream-seconds) to ./logs/fps_metrics.log
            UI frames: 0 | Decoded frames: 15000
            Acceptable (25-30: 600, 20-24: 0) | Unacceptable (10-19: 0, 5-9: 0, <5: 0)
[rtsp @ 0xc02ebf700] Failed reading RTSP data: End of file
[rtsp @ 0xc02090780] Failed reading RTSP data: End of file
[rtsp @ 0xc02ebf980] Failed reading RTSP data: End of file
[rtsp @ 0xc02ebfc00] Failed reading RTSP data: End of file
[rtsp @ 0xc02090280] Failed reading RTSP data: End of file
[rtsp @ 0xc02090000] Failed reading RTSP data: End of file
[rtsp @ 0xc02090f00] Failed reading RTSP data: End of file
[rtsp @ 0xc02090c80] Failed reading RTSP data: End of file
[rtsp @ 0xc02090a00] Failed reading RTSP data: End of file
[rtsp @ 0xc02090500] Failed reading RTSP data: End of file
[rtsp @ 0xc02ebfc00] Failed reading RTSP data: End of file
[rtsp @ 0xc02090280] Failed reading RTSP data: End of file
[rtsp @ 0xc02090780] Failed reading RTSP data: End of file
[rtsp @ 0xc02090000] Failed reading RTSP data: End of file
[rtsp @ 0xc02090f00] Failed reading RTSP data: End of file
[rtsp @ 0xc02ebf700] Failed reading RTSP data: End of file
[rtsp @ 0xc02ebf980] Failed reading RTSP data: End of file
[rtsp @ 0xc02090c80] Failed reading RTSP data: End of file
[rtsp @ 0xc02090a00] Failed reading RTSP data: End of file
[rtsp @ 0xc02090500] Failed reading RTSP data: End of file
