{
    "active_streams": 10,
    "decoded_frames": 14845,
    "fps_stream_seconds": {
        "acceptable": {
            "20_to_24_fps": 281,
            "25_to_30_fps": 237
        },
        "unacceptable": {
            "10_to_19_fps": 53,
            "5_to_9_fps": 19,
            "under_5_fps": 0
        }
    },
    "framework": "cpp_qt6",
    "hardware_mode": "gpu",
    "machine_id": "morfess-MacBook-Air.local",
    "timestamp": "2026-09-04T12:56:23Z",
    "ui_frames": 10323,
    "window_duration_seconds": 60
}

{
    "active_streams": 10,
    "decoded_frames": 15000,
    "fps_stream_seconds": {
        "acceptable": {
            "20_to_24_fps": 38,
            "25_to_30_fps": 547
        },
        "unacceptable": {
            "10_to_19_fps": 5,
            "5_to_9_fps": 9,
            "under_5_fps": 1
        }
    },
    "framework": "cpp_qt6",
    "hardware_mode": "gpu",
    "machine_id": "morfess-MacBook-Air.local",
    "timestamp": "2026-09-04T12:57:23Z",
    "ui_frames": 1193,
    "window_duration_seconds": 60
}

{
    "active_streams": 10,
    "decoded_frames": 15000,
    "fps_stream_seconds": {
        "acceptable": {
            "20_to_24_fps": 0,
            "25_to_30_fps": 600
        },
        "unacceptable": {
            "10_to_19_fps": 0,
            "5_to_9_fps": 0,
            "under_5_fps": 0
        }
    },
    "framework": "cpp_qt6",
    "hardware_mode": "gpu",
    "machine_id": "morfess-MacBook-Air.local",
    "timestamp": "2026-09-04T12:58:23Z",
    "ui_frames": 0,
    "window_duration_seconds": 60
}

