{
    "active_streams": 4,
    "fps_stream_seconds": {
        "acceptable": {
            "20_to_24_fps": 0,
            "25_to_30_fps": 84
        },
        "unacceptable": {
            "10_to_19_fps": 4,
            "5_to_9_fps": 1,
            "under_5_fps": 151
        }
    },
    "framework": "cpp_qt6",
    "hardware_mode": "cpu",
    "machine_id": "morfess-MacBook-Air.local",
    "timestamp": "2026-09-04T01:47:43Z",
    "window_duration_seconds": 60
}

{
    "active_streams": 4,
    "fps_stream_seconds": {
        "acceptable": {
            "20_to_24_fps": 8,
            "25_to_30_fps": 188
        },
        "unacceptable": {
            "10_to_19_fps": 8,
            "5_to_9_fps": 0,
            "under_5_fps": 36
        }
    },
    "framework": "cpp_qt6",
    "hardware_mode": "cpu",
    "machine_id": "morfess-MacBook-Air.local",
    "timestamp": "2026-09-04T01:48:43Z",
    "window_duration_seconds": 60
}

{
    "active_streams": 4,
    "fps_stream_seconds": {
        "acceptable": {
            "20_to_24_fps": 0,
            "25_to_30_fps": 72
        },
        "unacceptable": {
            "10_to_19_fps": 8,
            "5_to_9_fps": 0,
            "under_5_fps": 160
        }
    },
    "framework": "cpp_qt6",
    "hardware_mode": "cpu",
    "machine_id": "morfess-MacBook-Air.local",
    "timestamp": "2026-09-04T01:49:43Z",
    "window_duration_seconds": 60
}

{
    "active_streams": 4,
    "fps_stream_seconds": {
        "acceptable": {
            "20_to_24_fps": 0,
            "25_to_30_fps": 232
        },
        "unacceptable": {
            "10_to_19_fps": 4,
            "5_to_9_fps": 0,
            "under_5_fps": 4
        }
    },
    "framework": "cpp_qt6",
    "hardware_mode": "cpu",
    "machine_id": "morfess-MacBook-Air.local",
    "timestamp": "2026-09-04T02:09:30Z",
    "window_duration_seconds": 60
}

{
    "active_streams": 30,
    "fps_stream_seconds": {
        "acceptable": {
            "20_to_24_fps": 690,
            "25_to_30_fps": 870
        },
        "unacceptable": {
            "10_to_19_fps": 206,
            "5_to_9_fps": 0,
            "under_5_fps": 34
        }
    },
    "framework": "cpp_qt6",
    "hardware_mode": "cpu",
    "machine_id": "morfess-MacBook-Air.local",
    "timestamp": "2026-09-04T02:12:39Z",
    "window_duration_seconds": 60
}

