{
  "timestamp": "2026-09-05T09:28:20.944Z",
  "machine_id": "Mac",
  "framework": "electron",
  "hardware_mode": "gpu",
  "window_duration_seconds": 60,
  "active_streams": 30,
  "ui_frames": 44800,
  "decoded_frames": 44800,
  "fps_stream_seconds": {
    "acceptable": {
      "25_to_30_fps": 1791,
      "20_to_24_fps": 1
    },
    "unacceptable": {
      "10_to_19_fps": 0,
      "5_to_9_fps": 0,
      "under_5_fps": 0
    }
  }
}

{
  "timestamp": "2026-09-05T09:29:20.943Z",
  "machine_id": "Mac",
  "framework": "electron",
  "hardware_mode": "gpu",
  "window_duration_seconds": 60,
  "active_streams": 30,
  "ui_frames": 45000,
  "decoded_frames": 45000,
  "fps_stream_seconds": {
    "acceptable": {
      "25_to_30_fps": 1793,
      "20_to_24_fps": 7
    },
    "unacceptable": {
      "10_to_19_fps": 0,
      "5_to_9_fps": 0,
      "under_5_fps": 0
    }
  }
}

{
  "timestamp": "2026-09-05T09:30:20.943Z",
  "machine_id": "Mac",
  "framework": "electron",
  "hardware_mode": "gpu",
  "window_duration_seconds": 60,
  "active_streams": 30,
  "ui_frames": 45000,
  "decoded_frames": 45000,
  "fps_stream_seconds": {
    "acceptable": {
      "25_to_30_fps": 1777,
      "20_to_24_fps": 23
    },
    "unacceptable": {
      "10_to_19_fps": 0,
      "5_to_9_fps": 0,
      "under_5_fps": 0
    }
  }
}

{
  "timestamp": "2026-09-05T09:31:20.942Z",
  "machine_id": "Mac",
  "framework": "electron",
  "hardware_mode": "gpu",
  "window_duration_seconds": 60,
  "active_streams": 30,
  "ui_frames": 44999,
  "decoded_frames": 44999,
  "fps_stream_seconds": {
    "acceptable": {
      "25_to_30_fps": 1722,
      "20_to_24_fps": 78
    },
    "unacceptable": {
      "10_to_19_fps": 0,
      "5_to_9_fps": 0,
      "under_5_fps": 0
    }
  }
}

{
  "timestamp": "2026-09-05T09:32:20.942Z",
  "machine_id": "Mac",
  "framework": "electron",
  "hardware_mode": "gpu",
  "window_duration_seconds": 60,
  "active_streams": 30,
  "ui_frames": 45001,
  "decoded_frames": 45001,
  "fps_stream_seconds": {
    "acceptable": {
      "25_to_30_fps": 1522,
      "20_to_24_fps": 278
    },
    "unacceptable": {
      "10_to_19_fps": 0,
      "5_to_9_fps": 0,
      "under_5_fps": 0
    }
  }
}

{
  "timestamp": "2026-09-05T09:33:20.942Z",
  "machine_id": "Mac",
  "framework": "electron",
  "hardware_mode": "gpu",
  "window_duration_seconds": 60,
  "active_streams": 30,
  "ui_frames": 44979,
  "decoded_frames": 44979,
  "fps_stream_seconds": {
    "acceptable": {
      "25_to_30_fps": 1369,
      "20_to_24_fps": 431
    },
    "unacceptable": {
      "10_to_19_fps": 0,
      "5_to_9_fps": 0,
      "under_5_fps": 0
    }
  }
}

{
  "timestamp": "2026-09-05T09:34:20.942Z",
  "machine_id": "Mac",
  "framework": "electron",
  "hardware_mode": "gpu",
  "window_duration_seconds": 60,
  "active_streams": 30,
  "ui_frames": 45005,
  "decoded_frames": 45005,
  "fps_stream_seconds": {
    "acceptable": {
      "25_to_30_fps": 1338,
      "20_to_24_fps": 462
    },
    "unacceptable": {
      "10_to_19_fps": 0,
      "5_to_9_fps": 0,
      "under_5_fps": 0
    }
  }
}

{
  "timestamp": "2026-09-05T09:35:20.941Z",
  "machine_id": "Mac",
  "framework": "electron",
  "hardware_mode": "gpu",
  "window_duration_seconds": 60,
  "active_streams": 30,
  "ui_frames": 45016,
  "decoded_frames": 45016,
  "fps_stream_seconds": {
    "acceptable": {
      "25_to_30_fps": 1360,
      "20_to_24_fps": 440
    },
    "unacceptable": {
      "10_to_19_fps": 0,
      "5_to_9_fps": 0,
      "under_5_fps": 0
    }
  }
}

{
  "timestamp": "2026-09-05T09:36:20.940Z",
  "machine_id": "Mac",
  "framework": "electron",
  "hardware_mode": "gpu",
  "window_duration_seconds": 60,
  "active_streams": 30,
  "ui_frames": 44978,
  "decoded_frames": 44978,
  "fps_stream_seconds": {
    "acceptable": {
      "25_to_30_fps": 1338,
      "20_to_24_fps": 462
    },
    "unacceptable": {
      "10_to_19_fps": 0,
      "5_to_9_fps": 0,
      "under_5_fps": 0
    }
  }
}

{
  "timestamp": "2026-09-05T09:37:20.940Z",
  "machine_id": "Mac",
  "framework": "electron",
  "hardware_mode": "gpu",
  "window_duration_seconds": 60,
  "active_streams": 30,
  "ui_frames": 45017,
  "decoded_frames": 45017,
  "fps_stream_seconds": {
    "acceptable": {
      "25_to_30_fps": 1450,
      "20_to_24_fps": 350
    },
    "unacceptable": {
      "10_to_19_fps": 0,
      "5_to_9_fps": 0,
      "under_5_fps": 0
    }
  }
}

{
  "timestamp": "2026-09-05T09:38:20.940Z",
  "machine_id": "Mac",
  "framework": "electron",
  "hardware_mode": "gpu",
  "window_duration_seconds": 60,
  "active_streams": 30,
  "ui_frames": 44992,
  "decoded_frames": 44992,
  "fps_stream_seconds": {
    "acceptable": {
      "25_to_30_fps": 1463,
      "20_to_24_fps": 337
    },
    "unacceptable": {
      "10_to_19_fps": 0,
      "5_to_9_fps": 0,
      "under_5_fps": 0
    }
  }
}

{
  "timestamp": "2026-09-05T09:39:20.939Z",
  "machine_id": "Mac",
  "framework": "electron",
  "hardware_mode": "gpu",
  "window_duration_seconds": 60,
  "active_streams": 30,
  "ui_frames": 45007,
  "decoded_frames": 45007,
  "fps_stream_seconds": {
    "acceptable": {
      "25_to_30_fps": 1428,
      "20_to_24_fps": 372
    },
    "unacceptable": {
      "10_to_19_fps": 0,
      "5_to_9_fps": 0,
      "under_5_fps": 0
    }
  }
}

{
  "timestamp": "2026-09-05T09:40:20.939Z",
  "machine_id": "Mac",
  "framework": "electron",
  "hardware_mode": "gpu",
  "window_duration_seconds": 60,
  "active_streams": 30,
  "ui_frames": 44993,
  "decoded_frames": 44993,
  "fps_stream_seconds": {
    "acceptable": {
      "25_to_30_fps": 1431,
      "20_to_24_fps": 369
    },
    "unacceptable": {
      "10_to_19_fps": 0,
      "5_to_9_fps": 0,
      "under_5_fps": 0
    }
  }
}

{
  "timestamp": "2026-09-05T09:41:20.938Z",
  "machine_id": "Mac",
  "framework": "electron",
  "hardware_mode": "gpu",
  "window_duration_seconds": 60,
  "active_streams": 30,
  "ui_frames": 45008,
  "decoded_frames": 45008,
  "fps_stream_seconds": {
    "acceptable": {
      "25_to_30_fps": 1393,
      "20_to_24_fps": 407
    },
    "unacceptable": {
      "10_to_19_fps": 0,
      "5_to_9_fps": 0,
      "under_5_fps": 0
    }
  }
}

{
  "timestamp": "2026-09-05T09:42:20.937Z",
  "machine_id": "Mac",
  "framework": "electron",
  "hardware_mode": "gpu",
  "window_duration_seconds": 60,
  "active_streams": 30,
  "ui_frames": 44999,
  "decoded_frames": 44999,
  "fps_stream_seconds": {
    "acceptable": {
      "25_to_30_fps": 1402,
      "20_to_24_fps": 398
    },
    "unacceptable": {
      "10_to_19_fps": 0,
      "5_to_9_fps": 0,
      "under_5_fps": 0
    }
  }
}

{
  "timestamp": "2026-09-05T09:43:20.970Z",
  "machine_id": "Mac",
  "framework": "electron",
  "hardware_mode": "gpu",
  "window_duration_seconds": 60,
  "active_streams": 30,
  "ui_frames": 45006,
  "decoded_frames": 45006,
  "fps_stream_seconds": {
    "acceptable": {
      "25_to_30_fps": 1622,
      "20_to_24_fps": 178
    },
    "unacceptable": {
      "10_to_19_fps": 0,
      "5_to_9_fps": 0,
      "under_5_fps": 0
    }
  }
}

{
  "timestamp": "2026-09-05T09:44:20.972Z",
  "machine_id": "Mac",
  "framework": "electron",
  "hardware_mode": "gpu",
  "window_duration_seconds": 60,
  "active_streams": 30,
  "ui_frames": 45017,
  "decoded_frames": 45017,
  "fps_stream_seconds": {
    "acceptable": {
      "25_to_30_fps": 1519,
      "20_to_24_fps": 281
    },
    "unacceptable": {
      "10_to_19_fps": 0,
      "5_to_9_fps": 0,
      "under_5_fps": 0
    }
  }
}

{
  "timestamp": "2026-09-05T09:45:20.970Z",
  "machine_id": "Mac",
  "framework": "electron",
  "hardware_mode": "gpu",
  "window_duration_seconds": 60,
  "active_streams": 30,
  "ui_frames": 44988,
  "decoded_frames": 44988,
  "fps_stream_seconds": {
    "acceptable": {
      "25_to_30_fps": 1494,
      "20_to_24_fps": 306
    },
    "unacceptable": {
      "10_to_19_fps": 0,
      "5_to_9_fps": 0,
      "under_5_fps": 0
    }
  }
}

{
  "timestamp": "2026-09-05T09:46:20.970Z",
  "machine_id": "Mac",
  "framework": "electron",
  "hardware_mode": "gpu",
  "window_duration_seconds": 60,
  "active_streams": 30,
  "ui_frames": 44995,
  "decoded_frames": 44995,
  "fps_stream_seconds": {
    "acceptable": {
      "25_to_30_fps": 1469,
      "20_to_24_fps": 331
    },
    "unacceptable": {
      "10_to_19_fps": 0,
      "5_to_9_fps": 0,
      "under_5_fps": 0
    }
  }
}

{
  "timestamp": "2026-09-05T09:47:20.973Z",
  "machine_id": "Mac",
  "framework": "electron",
  "hardware_mode": "gpu",
  "window_duration_seconds": 60,
  "active_streams": 30,
  "ui_frames": 45003,
  "decoded_frames": 45003,
  "fps_stream_seconds": {
    "acceptable": {
      "25_to_30_fps": 1423,
      "20_to_24_fps": 377
    },
    "unacceptable": {
      "10_to_19_fps": 0,
      "5_to_9_fps": 0,
      "under_5_fps": 0
    }
  }
}

{
  "timestamp": "2026-09-05T09:48:20.970Z",
  "machine_id": "Mac",
  "framework": "electron",
  "hardware_mode": "gpu",
  "window_duration_seconds": 60,
  "active_streams": 30,
  "ui_frames": 44999,
  "decoded_frames": 44999,
  "fps_stream_seconds": {
    "acceptable": {
      "25_to_30_fps": 1521,
      "20_to_24_fps": 279
    },
    "unacceptable": {
      "10_to_19_fps": 0,
      "5_to_9_fps": 0,
      "under_5_fps": 0
    }
  }
}

{
  "timestamp": "2026-09-05T09:49:20.971Z",
  "machine_id": "Mac",
  "framework": "electron",
  "hardware_mode": "gpu",
  "window_duration_seconds": 60,
  "active_streams": 30,
  "ui_frames": 45001,
  "decoded_frames": 45001,
  "fps_stream_seconds": {
    "acceptable": {
      "25_to_30_fps": 1516,
      "20_to_24_fps": 284
    },
    "unacceptable": {
      "10_to_19_fps": 0,
      "5_to_9_fps": 0,
      "under_5_fps": 0
    }
  }
}

{
  "timestamp": "2026-09-05T09:50:20.971Z",
  "machine_id": "Mac",
  "framework": "electron",
  "hardware_mode": "gpu",
  "window_duration_seconds": 60,
  "active_streams": 30,
  "ui_frames": 44997,
  "decoded_frames": 44997,
  "fps_stream_seconds": {
    "acceptable": {
      "25_to_30_fps": 1567,
      "20_to_24_fps": 233
    },
    "unacceptable": {
      "10_to_19_fps": 0,
      "5_to_9_fps": 0,
      "under_5_fps": 0
    }
  }
}

{
  "timestamp": "2026-09-05T09:51:20.970Z",
  "machine_id": "Mac",
  "framework": "electron",
  "hardware_mode": "gpu",
  "window_duration_seconds": 60,
  "active_streams": 30,
  "ui_frames": 45002,
  "decoded_frames": 45002,
  "fps_stream_seconds": {
    "acceptable": {
      "25_to_30_fps": 1581,
      "20_to_24_fps": 219
    },
    "unacceptable": {
      "10_to_19_fps": 0,
      "5_to_9_fps": 0,
      "under_5_fps": 0
    }
  }
}

{
  "timestamp": "2026-09-05T09:52:20.970Z",
  "machine_id": "Mac",
  "framework": "electron",
  "hardware_mode": "gpu",
  "window_duration_seconds": 60,
  "active_streams": 30,
  "ui_frames": 44998,
  "decoded_frames": 44998,
  "fps_stream_seconds": {
    "acceptable": {
      "25_to_30_fps": 1630,
      "20_to_24_fps": 170
    },
    "unacceptable": {
      "10_to_19_fps": 0,
      "5_to_9_fps": 0,
      "under_5_fps": 0
    }
  }
}

{
  "timestamp": "2026-09-05T09:53:20.971Z",
  "machine_id": "Mac",
  "framework": "electron",
  "hardware_mode": "gpu",
  "window_duration_seconds": 60,
  "active_streams": 30,
  "ui_frames": 45005,
  "decoded_frames": 45005,
  "fps_stream_seconds": {
    "acceptable": {
      "25_to_30_fps": 1637,
      "20_to_24_fps": 163
    },
    "unacceptable": {
      "10_to_19_fps": 0,
      "5_to_9_fps": 0,
      "under_5_fps": 0
    }
  }
}

{
  "timestamp": "2026-09-05T09:54:20.969Z",
  "machine_id": "Mac",
  "framework": "electron",
  "hardware_mode": "gpu",
  "window_duration_seconds": 60,
  "active_streams": 30,
  "ui_frames": 44997,
  "decoded_frames": 44997,
  "fps_stream_seconds": {
    "acceptable": {
      "25_to_30_fps": 1625,
      "20_to_24_fps": 175
    },
    "unacceptable": {
      "10_to_19_fps": 0,
      "5_to_9_fps": 0,
      "under_5_fps": 0
    }
  }
}

{
  "timestamp": "2026-09-05T09:55:20.970Z",
  "machine_id": "Mac",
  "framework": "electron",
  "hardware_mode": "gpu",
  "window_duration_seconds": 60,
  "active_streams": 30,
  "ui_frames": 45001,
  "decoded_frames": 45001,
  "fps_stream_seconds": {
    "acceptable": {
      "25_to_30_fps": 1597,
      "20_to_24_fps": 203
    },
    "unacceptable": {
      "10_to_19_fps": 0,
      "5_to_9_fps": 0,
      "under_5_fps": 0
    }
  }
}

{
  "timestamp": "2026-09-05T09:56:21.158Z",
  "machine_id": "Mac",
  "framework": "electron",
  "hardware_mode": "gpu",
  "window_duration_seconds": 60,
  "active_streams": 30,
  "ui_frames": 35904,
  "decoded_frames": 35904,
  "fps_stream_seconds": {
    "acceptable": {
      "25_to_30_fps": 285,
      "20_to_24_fps": 488
    },
    "unacceptable": {
      "10_to_19_fps": 1027,
      "5_to_9_fps": 0,
      "under_5_fps": 0
    }
  }
}

{
  "timestamp": "2026-09-05T09:57:21.129Z",
  "machine_id": "Mac",
  "framework": "electron",
  "hardware_mode": "gpu",
  "window_duration_seconds": 60,
  "active_streams": 30,
  "ui_frames": 33121,
  "decoded_frames": 33121,
  "fps_stream_seconds": {
    "acceptable": {
      "25_to_30_fps": 0,
      "20_to_24_fps": 479
    },
    "unacceptable": {
      "10_to_19_fps": 1321,
      "5_to_9_fps": 0,
      "under_5_fps": 0
    }
  }
}

{
  "timestamp": "2026-09-05T09:58:21.018Z",
  "machine_id": "Mac",
  "framework": "electron",
  "hardware_mode": "gpu",
  "window_duration_seconds": 60,
  "active_streams": 30,
  "ui_frames": 34775,
  "decoded_frames": 34775,
  "fps_stream_seconds": {
    "acceptable": {
      "25_to_30_fps": 3,
      "20_to_24_fps": 949
    },
    "unacceptable": {
      "10_to_19_fps": 822,
      "5_to_9_fps": 0,
      "under_5_fps": 3
    }
  }
}

{
  "timestamp": "2026-09-05T09:59:21.178Z",
  "machine_id": "Mac",
  "framework": "electron",
  "hardware_mode": "gpu",
  "window_duration_seconds": 60,
  "active_streams": 29,
  "ui_frames": 36915,
  "decoded_frames": 36915,
  "fps_stream_seconds": {
    "acceptable": {
      "25_to_30_fps": 90,
      "20_to_24_fps": 1370
    },
    "unacceptable": {
      "10_to_19_fps": 247,
      "5_to_9_fps": 1,
      "under_5_fps": 8
    }
  }
}

{
  "timestamp": "2026-09-05T10:00:21.189Z",
  "machine_id": "Mac",
  "framework": "electron",
  "hardware_mode": "gpu",
  "window_duration_seconds": 60,
  "active_streams": 29,
  "ui_frames": 36433,
  "decoded_frames": 36433,
  "fps_stream_seconds": {
    "acceptable": {
      "25_to_30_fps": 8,
      "20_to_24_fps": 1456
    },
    "unacceptable": {
      "10_to_19_fps": 295,
      "5_to_9_fps": 0,
      "under_5_fps": 3
    }
  }
}

{
  "timestamp": "2026-09-05T10:01:21.135Z",
  "machine_id": "Mac",
  "framework": "electron",
  "hardware_mode": "gpu",
  "window_duration_seconds": 60,
  "active_streams": 28,
  "ui_frames": 37026,
  "decoded_frames": 37026,
  "fps_stream_seconds": {
    "acceptable": {
      "25_to_30_fps": 153,
      "20_to_24_fps": 1330
    },
    "unacceptable": {
      "10_to_19_fps": 211,
      "5_to_9_fps": 2,
      "under_5_fps": 7
    }
  }
}

{
  "timestamp": "2026-09-05T10:02:21.187Z",
  "machine_id": "Mac",
  "framework": "electron",
  "hardware_mode": "gpu",
  "window_duration_seconds": 60,
  "active_streams": 30,
  "ui_frames": 37210,
  "decoded_frames": 37210,
  "fps_stream_seconds": {
    "acceptable": {
      "25_to_30_fps": 32,
      "20_to_24_fps": 1441
    },
    "unacceptable": {
      "10_to_19_fps": 302,
      "5_to_9_fps": 1,
      "under_5_fps": 2
    }
  }
}

{
  "timestamp": "2026-09-05T10:03:21.146Z",
  "machine_id": "Mac",
  "framework": "electron",
  "hardware_mode": "gpu",
  "window_duration_seconds": 60,
  "active_streams": 28,
  "ui_frames": 36545,
  "decoded_frames": 36545,
  "fps_stream_seconds": {
    "acceptable": {
      "25_to_30_fps": 72,
      "20_to_24_fps": 1490
    },
    "unacceptable": {
      "10_to_19_fps": 97,
      "5_to_9_fps": 3,
      "under_5_fps": 8
    }
  }
}

{
  "timestamp": "2026-09-05T10:04:21.160Z",
  "machine_id": "Mac",
  "framework": "electron",
  "hardware_mode": "gpu",
  "window_duration_seconds": 60,
  "active_streams": 29,
  "ui_frames": 37181,
  "decoded_frames": 37181,
  "fps_stream_seconds": {
    "acceptable": {
      "25_to_30_fps": 23,
      "20_to_24_fps": 1460
    },
    "unacceptable": {
      "10_to_19_fps": 277,
      "5_to_9_fps": 1,
      "under_5_fps": 5
    }
  }
}

{
  "timestamp": "2026-09-05T10:05:21.064Z",
  "machine_id": "Mac",
  "framework": "electron",
  "hardware_mode": "gpu",
  "window_duration_seconds": 60,
  "active_streams": 29,
  "ui_frames": 36667,
  "decoded_frames": 36667,
  "fps_stream_seconds": {
    "acceptable": {
      "25_to_30_fps": 42,
      "20_to_24_fps": 1413
    },
    "unacceptable": {
      "10_to_19_fps": 270,
      "5_to_9_fps": 0,
      "under_5_fps": 9
    }
  }
}

