===============================================================
 6-Hour RTSP 30-Video Grid Benchmark (C# Avalonia CPU Decode) 
===============================================================
[System] Raised RLIMIT_NOFILE from 10240 to 10240 (max: 9223372036854775807)
[Config] Active Streams: 30
[Config] RTSP URL:       rtsp://127.0.0.1:8554/live
[Config] Machine ID:     morfess-MacBook-Air
[Config] Telemetry Log:  logs/fps_metrics.log
[FFmpeg] Loading native libraries from: /opt/homebrew/opt/ffmpeg/lib
[FFmpeg] Detected avcodec version: 63
[FFmpeg] Detected avformat version: 63
[FFmpeg] Detected avutil version: 61
[FFmpeg] Detected swscale version: 10
[FFmpeg] Successfully initialized FFmpeg native bindings: 9.0.1
[Telemetry] Flushed 60s window (1750 stream-seconds) to logs/fps_metrics.log
            Acceptable (25-30: 0, 20-24: 0) | Unacceptable (10-19: 0, 5-9: 80, <5: 1670)
[Telemetry] Flushed 60s window (1800 stream-seconds) to logs/fps_metrics.log
            Acceptable (25-30: 0, 20-24: 0) | Unacceptable (10-19: 0, 5-9: 0, <5: 1800)
[Telemetry] Flushed 60s window (1800 stream-seconds) to logs/fps_metrics.log
            Acceptable (25-30: 0, 20-24: 0) | Unacceptable (10-19: 0, 5-9: 0, <5: 1800)
[Telemetry] Flushed 60s window (1800 stream-seconds) to logs/fps_metrics.log
            Acceptable (25-30: 0, 20-24: 0) | Unacceptable (10-19: 0, 5-9: 0, <5: 1800)
[Telemetry] Flushed 60s window (1800 stream-seconds) to logs/fps_metrics.log
            Acceptable (25-30: 0, 20-24: 0) | Unacceptable (10-19: 0, 5-9: 0, <5: 1800)
[Telemetry] Flushed 60s window (1800 stream-seconds) to logs/fps_metrics.log
            Acceptable (25-30: 0, 20-24: 0) | Unacceptable (10-19: 0, 5-9: 0, <5: 1800)
[Telemetry] Flushed 60s window (1800 stream-seconds) to logs/fps_metrics.log
            Acceptable (25-30: 0, 20-24: 0) | Unacceptable (10-19: 0, 5-9: 0, <5: 1800)
[h264 @ 0xa0f137b80] Invalid level prefix
[h264 @ 0xa0f137b80] error while decoding MB 102 70
[h264 @ 0xa0f137b80] concealing 3147 DC, 3147 AC, 3147 MV errors in P frame
[h264 @ 0xa0f137b80] Invalid level prefix
[h264 @ 0xa0f137b80] error while decoding MB 129 77
[h264 @ 0xa0f137b80] concealing 2000 DC, 2000 AC, 2000 MV errors in P frame
[h264 @ 0xa0f137b80] Invalid level prefix
[h264 @ 0xa0f137b80] error while decoding MB 138 64
[h264 @ 0xa0f137b80] concealing 4071 DC, 4071 AC, 4071 MV errors in P frame
[h264 @ 0xa0f137b80] concealing 4039 DC, 4039 AC, 4039 MV errors in P frame
[h264 @ 0xa0f137b80] Invalid level prefix
[h264 @ 0xa0f137b80] error while decoding MB 129 77
[h264 @ 0xa0f137b80] concealing 2000 DC, 2000 AC, 2000 MV errors in P frame
[h264 @ 0xa0f137b80] corrupted macroblock 104 67 (total_coeff=-1)
[h264 @ 0xa0f137b80] error while decoding MB 104 67
[h264 @ 0xa0f137b80] concealing 3625 DC, 3625 AC, 3625 MV errors in I frame
[h264 @ 0xa0f137b80] Invalid level prefix
[h264 @ 0xa0f137b80] error while decoding MB 117 57
[h264 @ 0xa0f137b80] concealing 5212 DC, 5212 AC, 5212 MV errors in P frame
[h264 @ 0xa0f137b80] Invalid level prefix
[h264 @ 0xa0f137b80] error while decoding MB 106 77
[h264 @ 0xa0f137b80] concealing 2023 DC, 2023 AC, 2023 MV errors in P frame
[h264 @ 0xa0f137b80] Invalid level prefix
[h264 @ 0xa0f137b80] error while decoding MB 125 64
[h264 @ 0xa0f137b80] concealing 4084 DC, 4084 AC, 4084 MV errors in P frame
[h264 @ 0xa0f137b80] corrupted macroblock 135 65 (total_coeff=-1)
[h264 @ 0xa0f137b80] error while decoding MB 135 65
[h264 @ 0xa0f137b80] concealing 3914 DC, 3914 AC, 3914 MV errors in I frame
[h264 @ 0xa0f137b80] Invalid level prefix
[h264 @ 0xa0f137b80] error while decoding MB 105 77
[h264 @ 0xa0f137b80] concealing 2024 DC, 2024 AC, 2024 MV errors in P frame
[h264 @ 0xa0f137b80] Invalid level prefix
[h264 @ 0xa0f137b80] error while decoding MB 102 76
[h264 @ 0xa0f137b80] concealing 2187 DC, 2187 AC, 2187 MV errors in P frame
[h264 @ 0xa0f137b80] Invalid level prefix
[h264 @ 0xa0f137b80] error while decoding MB 103 66
[h264 @ 0xa0f137b80] concealing 3786 DC, 3786 AC, 3786 MV errors in P frame
[h264 @ 0xa0f137b80] Invalid level prefix
[h264 @ 0xa0f137b80] error while decoding MB 129 65
[h264 @ 0xa0f137b80] concealing 3920 DC, 3920 AC, 3920 MV errors in P frame
[h264 @ 0xa0f137b80] Invalid level prefix
[h264 @ 0xa0f137b80] error while decoding MB 116 56
[h264 @ 0xa0f137b80] concealing 5373 DC, 5373 AC, 5373 MV errors in I frame
[h264 @ 0xa0f137b80] Invalid level prefix
[h264 @ 0xa0f137b80] error while decoding MB 103 71
[h264 @ 0xa0f137b80] concealing 2986 DC, 2986 AC, 2986 MV errors in P frame
[h264 @ 0xa0f137b80] concealing 3411 DC, 3411 AC, 3411 MV errors in P frame
[h264 @ 0xa0f137b80] Invalid level prefix
[h264 @ 0xa0f137b80] error while decoding MB 131 67
[h264 @ 0xa0f137b80] concealing 3598 DC, 3598 AC, 3598 MV errors in P frame
[h264 @ 0xa0f137b80] Invalid level prefix
[h264 @ 0xa0f137b80] error while decoding MB 115 71
[h264 @ 0xa0f137b80] concealing 2974 DC, 2974 AC, 2974 MV errors in P frame
[h264 @ 0xa0f137b80] Invalid level prefix
[h264 @ 0xa0f137b80] error while decoding MB 121 73
[h264 @ 0xa0f137b80] concealing 2648 DC, 2648 AC, 2648 MV errors in I frame
[Telemetry] Flushed 60s window (1800 stream-seconds) to logs/fps_metrics.log
            Acceptable (25-30: 0, 20-24: 0) | Unacceptable (10-19: 0, 5-9: 0, <5: 1800)
[h264 @ 0xa0f137b80] corrupted macroblock 139 71 (total_coeff=-1)
[h264 @ 0xa0f137b80] error while decoding MB 139 71
[h264 @ 0xa0f137b80] concealing 2950 DC, 2950 AC, 2950 MV errors in P frame
[h264 @ 0xa0f137b80] Invalid level prefix
[h264 @ 0xa0f137b80] error while decoding MB 124 65
[h264 @ 0xa0f137b80] concealing 3925 DC, 3925 AC, 3925 MV errors in P frame
[h264 @ 0xa0f137b80] corrupted macroblock 131 65 (total_coeff=-1)
[h264 @ 0xa0f137b80] error while decoding MB 131 65
[h264 @ 0xa0f137b80] concealing 3918 DC, 3918 AC, 3918 MV errors in P frame
[h264 @ 0xa0f137b80] Invalid level prefix
[h264 @ 0xa0f137b80] error while decoding MB 110 66
[h264 @ 0xa0f137b80] concealing 3779 DC, 3779 AC, 3779 MV errors in P frame
[h264 @ 0xa0f137b80] Invalid level prefix
[h264 @ 0xa0f137b80] error while decoding MB 133 65
[h264 @ 0xa0f137b80] concealing 3916 DC, 3916 AC, 3916 MV errors in P frame
[h264 @ 0xa0f137b80] Invalid level prefix
[h264 @ 0xa0f137b80] error while decoding MB 119 67
[h264 @ 0xa0f137b80] concealing 3610 DC, 3610 AC, 3610 MV errors in P frame
[h264 @ 0xa0f137b80] Invalid level prefix
[h264 @ 0xa0f137b80] error while decoding MB 153 21
[h264 @ 0xa0f137b80] concealing 10936 DC, 10936 AC, 10936 MV errors in P frame
[h264 @ 0xa0f137b80] corrupted macroblock 134 76 (total_coeff=-1)
[h264 @ 0xa0f137b80] error while decoding MB 134 76
[h264 @ 0xa0f137b80] concealing 2155 DC, 2155 AC, 2155 MV errors in P frame
[h264 @ 0xa0f137b80] corrupted macroblock 135 42 (total_coeff=-1)
[h264 @ 0xa0f137b80] error while decoding MB 135 42
[h264 @ 0xa0f137b80] concealing 7594 DC, 7594 AC, 7594 MV errors in P frame
[h264 @ 0xa0f137b80] Invalid level prefix
[h264 @ 0xa0f137b80] error while decoding MB 119 69
[h264 @ 0xa0f137b80] concealing 3290 DC, 3290 AC, 3290 MV errors in P frame
[h264 @ 0xa0f137b80] Invalid level prefix
[h264 @ 0xa0f137b80] error while decoding MB 116 66
[h264 @ 0xa0f137b80] concealing 3773 DC, 3773 AC, 3773 MV errors in P frame
[h264 @ 0xa0f137b80] Invalid level prefix
[h264 @ 0xa0f137b80] error while decoding MB 129 66
[h264 @ 0xa0f137b80] concealing 3760 DC, 3760 AC, 3760 MV errors in P frame
[h264 @ 0xa0f137b80] Invalid level prefix
[h264 @ 0xa0f137b80] error while decoding MB 119 59
[h264 @ 0xa0f137b80] concealing 4890 DC, 4890 AC, 4890 MV errors in P frame
[h264 @ 0xa0f137b80] corrupted macroblock 118 71 (total_coeff=-1)
[h264 @ 0xa0f137b80] error while decoding MB 118 71
[h264 @ 0xa0f137b80] concealing 2971 DC, 2971 AC, 2971 MV errors in P frame
[h264 @ 0xa0f137b80] Invalid level prefix
[h264 @ 0xa0f137b80] error while decoding MB 135 63
[h264 @ 0xa0f137b80] concealing 4234 DC, 4234 AC, 4234 MV errors in I frame
[h264 @ 0xa0f137b80] Invalid level prefix
[h264 @ 0xa0f137b80] error while decoding MB 103 75
[h264 @ 0xa0f137b80] concealing 2346 DC, 2346 AC, 2346 MV errors in P frame
[h264 @ 0xa0f137b80] corrupted macroblock 111 69 (total_coeff=-1)
[h264 @ 0xa0f137b80] error while decoding MB 111 69
[h264 @ 0xa0f137b80] concealing 3298 DC, 3298 AC, 3298 MV errors in P frame
[h264 @ 0xa0f137b80] Invalid level prefix
[h264 @ 0xa0f137b80] error while decoding MB 53 89
[h264 @ 0xa0f137b80] concealing 156 DC, 156 AC, 156 MV errors in P frame
[h264 @ 0xa0f137b80] Invalid level prefix
[h264 @ 0xa0f137b80] error while decoding MB 139 67
[h264 @ 0xa0f137b80] concealing 3590 DC, 3590 AC, 3590 MV errors in P frame
[h264 @ 0xa0f137b80] cbp too large (3199971767) at 126 66
[h264 @ 0xa0f137b80] error while decoding MB 126 66
[h264 @ 0xa0f137b80] concealing 3763 DC, 3763 AC, 3763 MV errors in P frame
[h264 @ 0xa0f137b80] Invalid level prefix
[h264 @ 0xa0f137b80] error while decoding MB 118 68
[h264 @ 0xa0f137b80] concealing 3451 DC, 3451 AC, 3451 MV errors in P frame
[h264 @ 0xa0f137b80] Invalid level prefix
[h264 @ 0xa0f137b80] error while decoding MB 128 66
[h264 @ 0xa0f137b80] concealing 3761 DC, 3761 AC, 3761 MV errors in P frame
[h264 @ 0xa0f137b80] corrupted macroblock 100 77 (total_coeff=-1)
[h264 @ 0xa0f137b80] error while decoding MB 100 77
[h264 @ 0xa0f137b80] concealing 2029 DC, 2029 AC, 2029 MV errors in P frame
[h264 @ 0xa0f137b80] Invalid level prefix
[h264 @ 0xa0f137b80] error while decoding MB 108 77
[h264 @ 0xa0f137b80] concealing 2021 DC, 2021 AC, 2021 MV errors in P frame
[h264 @ 0xa0f137b80] Invalid level prefix
[h264 @ 0xa0f137b80] error while decoding MB 100 76
[h264 @ 0xa0f137b80] concealing 2189 DC, 2189 AC, 2189 MV errors in P frame
[h264 @ 0xa0f137b80] Invalid level prefix
[h264 @ 0xa0f137b80] error while decoding MB 113 76
[h264 @ 0xa0f137b80] concealing 2176 DC, 2176 AC, 2176 MV errors in P frame
[h264 @ 0xa0f137b80] Invalid level prefix
[h264 @ 0xa0f137b80] error while decoding MB 114 76
[h264 @ 0xa0f137b80] concealing 2175 DC, 2175 AC, 2175 MV errors in P frame
[h264 @ 0xa0f137b80] Invalid level prefix
[h264 @ 0xa0f137b80] error while decoding MB 112 64
[h264 @ 0xa0f137b80] concealing 4097 DC, 4097 AC, 4097 MV errors in P frame
[h264 @ 0xa0f137b80] corrupted macroblock 104 66 (total_coeff=-1)
[h264 @ 0xa0f137b80] error while decoding MB 104 66
[h264 @ 0xa0f137b80] concealing 3785 DC, 3785 AC, 3785 MV errors in P frame
[h264 @ 0xa0f137b80] Invalid level prefix
[h264 @ 0xa0f137b80] error while decoding MB 139 57
[h264 @ 0xa0f137b80] concealing 5190 DC, 5190 AC, 5190 MV errors in I frame
[h264 @ 0xa0f137b80] concealing 7200 DC, 7200 AC, 7200 MV errors in P frame
[h264 @ 0xa0f137b80] Invalid level prefix
[h264 @ 0xa0f137b80] error while decoding MB 137 79
[h264 @ 0xa0f137b80] concealing 1672 DC, 1672 AC, 1672 MV errors in P frame
[h264 @ 0xa0f137b80] Invalid level prefix
[h264 @ 0xa0f137b80] error while decoding MB 128 72
[h264 @ 0xa0f137b80] concealing 2801 DC, 2801 AC, 2801 MV errors in P frame
[h264 @ 0xa0f137b80] corrupted macroblock 135 67 (total_coeff=-1)
[h264 @ 0xa0f137b80] error while decoding MB 135 67
[h264 @ 0xa0f137b80] concealing 3594 DC, 3594 AC, 3594 MV errors in P frame
[h264 @ 0xa0f137b80] Invalid level prefix
[h264 @ 0xa0f137b80] error while decoding MB 133 67
[h264 @ 0xa0f137b80] concealing 3596 DC, 3596 AC, 3596 MV errors in P frame
[h264 @ 0xa0f137b80] Invalid level prefix
[h264 @ 0xa0f137b80] error while decoding MB 34 82
[h264 @ 0xa0f137b80] concealing 1295 DC, 1295 AC, 1295 MV errors in P frame
[h264 @ 0xa0f137b80] Invalid level prefix
[h264 @ 0xa0f137b80] error while decoding MB 113 67
[h264 @ 0xa0f137b80] concealing 3616 DC, 3616 AC, 3616 MV errors in P frame
[h264 @ 0xa0f137b80] corrupted macroblock 131 68 (total_coeff=-1)
[h264 @ 0xa0f137b80] error while decoding MB 131 68
[h264 @ 0xa0f137b80] concealing 3438 DC, 3438 AC, 3438 MV errors in P frame
[h264 @ 0xa0f137b80] Invalid level prefix
[h264 @ 0xa0f137b80] error while decoding MB 123 71
[h264 @ 0xa0f137b80] concealing 2966 DC, 2966 AC, 2966 MV errors in P frame
[h264 @ 0xa0f137b80] Invalid level prefix
[h264 @ 0xa0f137b80] error while decoding MB 131 75
[h264 @ 0xa0f137b80] concealing 2318 DC, 2318 AC, 2318 MV errors in P frame
[h264 @ 0xa0f137b80] corrupted macroblock 113 76 (total_coeff=-1)
[h264 @ 0xa0f137b80] error while decoding MB 113 76
[h264 @ 0xa0f137b80] concealing 2176 DC, 2176 AC, 2176 MV errors in P frame
[h264 @ 0xa0f137b80] Invalid level prefix
[h264 @ 0xa0f137b80] error while decoding MB 125 65
[h264 @ 0xa0f137b80] concealing 3924 DC, 3924 AC, 3924 MV errors in P frame
[h264 @ 0xa0f137b80] Invalid level prefix
[h264 @ 0xa0f137b80] error while decoding MB 107 66
[h264 @ 0xa0f137b80] concealing 3782 DC, 3782 AC, 3782 MV errors in P frame
[h264 @ 0xa0f137b80] Invalid level prefix
[h264 @ 0xa0f137b80] error while decoding MB 124 75
[h264 @ 0xa0f137b80] concealing 2325 DC, 2325 AC, 2325 MV errors in I frame
[h264 @ 0xa0f137b80] Invalid level prefix
[h264 @ 0xa0f137b80] error while decoding MB 117 69
[h264 @ 0xa0f137b80] concealing 3292 DC, 3292 AC, 3292 MV errors in P frame
[h264 @ 0xa0f137b80] Invalid level prefix
[h264 @ 0xa0f137b80] error while decoding MB 128 65
[h264 @ 0xa0f137b80] concealing 3921 DC, 3921 AC, 3921 MV errors in P frame
[h264 @ 0xa0f137b80] Invalid level prefix
[h264 @ 0xa0f137b80] error while decoding MB 132 76
[h264 @ 0xa0f137b80] concealing 2157 DC, 2157 AC, 2157 MV errors in P frame
[h264 @ 0xa0f137b80] Invalid level prefix
[h264 @ 0xa0f137b80] error while decoding MB 103 66
[h264 @ 0xa0f137b80] concealing 3786 DC, 3786 AC, 3786 MV errors in P frame
[h264 @ 0xa0f137b80] Invalid level prefix
[h264 @ 0xa0f137b80] error while decoding MB 136 59
[h264 @ 0xa0f137b80] concealing 4873 DC, 4873 AC, 4873 MV errors in I frame
[h264 @ 0xa0f137b80] Invalid level prefix
[h264 @ 0xa0f137b80] error while decoding MB 104 70
[h264 @ 0xa0f137b80] concealing 3145 DC, 3145 AC, 3145 MV errors in P frame
[h264 @ 0xa0f137b80] Invalid level prefix
[h264 @ 0xa0f137b80] error while decoding MB 123 67
[h264 @ 0xa0f137b80] concealing 3606 DC, 3606 AC, 3606 MV errors in P frame
[h264 @ 0xa0f137b80] Invalid level prefix
[h264 @ 0xa0f137b80] error while decoding MB 108 74
[h264 @ 0xa0f137b80] concealing 2501 DC, 2501 AC, 2501 MV errors in P frame
[h264 @ 0xa0f137b80] corrupted macroblock 121 68 (total_coeff=16)
[h264 @ 0xa0f137b80] error while decoding MB 121 68
[h264 @ 0xa0f137b80] concealing 3448 DC, 3448 AC, 3448 MV errors in P frame
[h264 @ 0xa0f137b80] corrupted macroblock 112 66 (total_coeff=-1)
[h264 @ 0xa0f137b80] error while decoding MB 112 66
[h264 @ 0xa0f137b80] concealing 3777 DC, 3777 AC, 3777 MV errors in I frame
[h264 @ 0xa0f137b80] Invalid level prefix
[h264 @ 0xa0f137b80] error while decoding MB 118 72
[h264 @ 0xa0f137b80] concealing 2811 DC, 2811 AC, 2811 MV errors in P frame
[h264 @ 0xa0f137b80] concealing 3520 DC, 3520 AC, 3520 MV errors in P frame
[h264 @ 0xa0f137b80] Invalid level prefix
[h264 @ 0xa0f137b80] error while decoding MB 121 67
[h264 @ 0xa0f137b80] concealing 3608 DC, 3608 AC, 3608 MV errors in P frame
[h264 @ 0xa0f137b80] Invalid level prefix
[h264 @ 0xa0f137b80] error while decoding MB 122 67
[h264 @ 0xa0f137b80] concealing 3607 DC, 3607 AC, 3607 MV errors in P frame
[h264 @ 0xa0f137b80] Invalid level prefix
[h264 @ 0xa0f137b80] error while decoding MB 106 62
[h264 @ 0xa0f137b80] concealing 4423 DC, 4423 AC, 4423 MV errors in I frame
[h264 @ 0xa0f137b80] Invalid level prefix
[h264 @ 0xa0f137b80] error while decoding MB 115 69
[h264 @ 0xa0f137b80] concealing 3294 DC, 3294 AC, 3294 MV errors in P frame
[h264 @ 0xa0f137b80] Invalid level prefix
[h264 @ 0xa0f137b80] error while decoding MB 103 73
[h264 @ 0xa0f137b80] concealing 2666 DC, 2666 AC, 2666 MV errors in P frame
[h264 @ 0xa0f137b80] corrupted macroblock 115 69 (total_coeff=-1)
[h264 @ 0xa0f137b80] error while decoding MB 115 69
[h264 @ 0xa0f137b80] concealing 3294 DC, 3294 AC, 3294 MV errors in P frame
[h264 @ 0xa0f137b80] concealing 10720 DC, 10720 AC, 10720 MV errors in P frame
[h264 @ 0xa0f137b80] Invalid level prefix
[h264 @ 0xa0f137b80] error while decoding MB 135 64
[h264 @ 0xa0f137b80] concealing 4074 DC, 4074 AC, 4074 MV errors in P frame
[h264 @ 0xa0f137b80] Invalid level prefix
[h264 @ 0xa0f137b80] error while decoding MB 119 73
[h264 @ 0xa0f137b80] concealing 2650 DC, 2650 AC, 2650 MV errors in P frame
[h264 @ 0xa0f137b80] Invalid level prefix
[h264 @ 0xa0f137b80] error while decoding MB 130 69
[h264 @ 0xa0f137b80] concealing 3279 DC, 3279 AC, 3279 MV errors in P frame
[h264 @ 0xa0f137b80] Invalid level prefix
[h264 @ 0xa0f137b80] error while decoding MB 122 65
[h264 @ 0xa0f137b80] concealing 3927 DC, 3927 AC, 3927 MV errors in P frame
[h264 @ 0xa0f137b80] corrupted macroblock 110 66 (total_coeff=-1)
[h264 @ 0xa0f137b80] error while decoding MB 110 66
[h264 @ 0xa0f137b80] concealing 3779 DC, 3779 AC, 3779 MV errors in P frame
[h264 @ 0xa0f137b80] Invalid level prefix
[h264 @ 0xa0f137b80] error while decoding MB 101 67
[h264 @ 0xa0f137b80] concealing 3628 DC, 3628 AC, 3628 MV errors in P frame
[h264 @ 0xa0f137b80] Invalid level prefix
[h264 @ 0xa0f137b80] error while decoding MB 129 67
[h264 @ 0xa0f137b80] concealing 3600 DC, 3600 AC, 3600 MV errors in P frame
[h264 @ 0xa0f137b80] Invalid level prefix
[h264 @ 0xa0f137b80] error while decoding MB 105 62
[h264 @ 0xa0f137b80] concealing 4424 DC, 4424 AC, 4424 MV errors in I frame
[h264 @ 0xa0f137b80] corrupted macroblock 138 70 (total_coeff=-1)
[h264 @ 0xa0f137b80] error while decoding MB 138 70
[h264 @ 0xa0f137b80] concealing 3111 DC, 3111 AC, 3111 MV errors in P frame
[h264 @ 0xa0f137b80] Invalid level prefix
[h264 @ 0xa0f137b80] error while decoding MB 118 68
[h264 @ 0xa0f137b80] concealing 3451 DC, 3451 AC, 3451 MV errors in P frame
[h264 @ 0xa0f137b80] Invalid level prefix
[h264 @ 0xa0f137b80] error while decoding MB 131 67
[h264 @ 0xa0f137b80] concealing 3598 DC, 3598 AC, 3598 MV errors in P frame
[h264 @ 0xa0f137b80] Invalid level prefix
[h264 @ 0xa0f137b80] error while decoding MB 122 77
[h264 @ 0xa0f137b80] concealing 2007 DC, 2007 AC, 2007 MV errors in P frame
[h264 @ 0xa0f137b80] concealing 3520 DC, 3520 AC, 3520 MV errors in P frame
[h264 @ 0xa0f137b80] Invalid level prefix
[h264 @ 0xa0f137b80] error while decoding MB 122 66
[h264 @ 0xa0f137b80] concealing 3767 DC, 3767 AC, 3767 MV errors in P frame
[h264 @ 0xa0f137b80] Invalid level prefix
[h264 @ 0xa0f137b80] error while decoding MB 102 57
[h264 @ 0xa0f137b80] concealing 5227 DC, 5227 AC, 5227 MV errors in P frame
[h264 @ 0xa0f137b80] Invalid level prefix
[h264 @ 0xa0f137b80] error while decoding MB 129 66
[h264 @ 0xa0f137b80] concealing 3760 DC, 3760 AC, 3760 MV errors in P frame
[h264 @ 0xa0f137b80] Invalid level prefix
[h264 @ 0xa0f137b80] error while decoding MB 124 65
[h264 @ 0xa0f137b80] concealing 3925 DC, 3925 AC, 3925 MV errors in P frame
[h264 @ 0xa0f137b80] negative number of zero coeffs at 108 64
[h264 @ 0xa0f137b80] error while decoding MB 108 64
[h264 @ 0xa0f137b80] concealing 4101 DC, 4101 AC, 4101 MV errors in P frame
[h264 @ 0xa0f137b80] Invalid level prefix
[h264 @ 0xa0f137b80] error while decoding MB 113 57
[h264 @ 0xa0f137b80] concealing 5216 DC, 5216 AC, 5216 MV errors in P frame
[h264 @ 0xa0f137b80] Invalid level prefix
[h264 @ 0xa0f137b80] error while decoding MB 100 76
[h264 @ 0xa0f137b80] concealing 2189 DC, 2189 AC, 2189 MV errors in P frame
[h264 @ 0xa0f137b80] Invalid level prefix
[h264 @ 0xa0f137b80] error while decoding MB 120 67
[h264 @ 0xa0f137b80] concealing 3609 DC, 3609 AC, 3609 MV errors in P frame
[h264 @ 0xa0f137b80] corrupted macroblock 133 63 (total_coeff=-1)
[h264 @ 0xa0f137b80] error while decoding MB 133 63
[h264 @ 0xa0f137b80] concealing 4236 DC, 4236 AC, 4236 MV errors in P frame
[h264 @ 0xa0f137b80] Invalid level prefix
[h264 @ 0xa0f137b80] error while decoding MB 119 67
[h264 @ 0xa0f137b80] concealing 3610 DC, 3610 AC, 3610 MV errors in P frame
[h264 @ 0xa0f137b80] Invalid level prefix
[h264 @ 0xa0f137b80] error while decoding MB 103 57
[h264 @ 0xa0f137b80] concealing 5226 DC, 5226 AC, 5226 MV errors in I frame
[h264 @ 0xa0f137b80] corrupted macroblock 119 67 (total_coeff=-1)
[h264 @ 0xa0f137b80] error while decoding MB 119 67
[h264 @ 0xa0f137b80] concealing 3610 DC, 3610 AC, 3610 MV errors in P frame
[h264 @ 0xa0f137b80] corrupted macroblock 126 65 (total_coeff=-1)
[h264 @ 0xa0f137b80] error while decoding MB 126 65
[h264 @ 0xa0f137b80] concealing 3923 DC, 3923 AC, 3923 MV errors in P frame
[h264 @ 0xa0f137b80] Invalid level prefix
[h264 @ 0xa0f137b80] error while decoding MB 119 73
[h264 @ 0xa0f137b80] concealing 2650 DC, 2650 AC, 2650 MV errors in P frame
[h264 @ 0xa0f137b80] Invalid level prefix
[h264 @ 0xa0f137b80] error while decoding MB 127 67
[h264 @ 0xa0f137b80] concealing 3602 DC, 3602 AC, 3602 MV errors in P frame
[h264 @ 0xa0f137b80] Invalid level prefix
[h264 @ 0xa0f137b80] error while decoding MB 128 56
[h264 @ 0xa0f137b80] concealing 5361 DC, 5361 AC, 5361 MV errors in P frame
[h264 @ 0xa0f137b80] concealing 3520 DC, 3520 AC, 3520 MV errors in P frame
[h264 @ 0xa0f137b80] Invalid level prefix
[h264 @ 0xa0f137b80] error while decoding MB 20 84
[h264 @ 0xa0f137b80] concealing 989 DC, 989 AC, 989 MV errors in I frame
[h264 @ 0xa0f137b80] Invalid level prefix
[h264 @ 0xa0f137b80] error while decoding MB 106 72
[h264 @ 0xa0f137b80] concealing 2823 DC, 2823 AC, 2823 MV errors in P frame
[h264 @ 0xa0f137b80] Invalid level prefix
[h264 @ 0xa0f137b80] error while decoding MB 114 76
[h264 @ 0xa0f137b80] concealing 2175 DC, 2175 AC, 2175 MV errors in P frame
[h264 @ 0xa0f137b80] Invalid level prefix
[h264 @ 0xa0f137b80] error while decoding MB 120 65
[h264 @ 0xa0f137b80] concealing 3929 DC, 3929 AC, 3929 MV errors in P frame
[h264 @ 0xa0f137b80] Invalid level prefix
[h264 @ 0xa0f137b80] error while decoding MB 133 65
[h264 @ 0xa0f137b80] concealing 3916 DC, 3916 AC, 3916 MV errors in P frame
[h264 @ 0xa0f137b80] corrupted macroblock 123 65 (total_coeff=-1)
[h264 @ 0xa0f137b80] error while decoding MB 123 65
[h264 @ 0xa0f137b80] concealing 3926 DC, 3926 AC, 3926 MV errors in P frame
[h264 @ 0xa0f137b80] Invalid level prefix
[h264 @ 0xa0f137b80] error while decoding MB 105 57
[h264 @ 0xa0f137b80] concealing 5224 DC, 5224 AC, 5224 MV errors in P frame
[h264 @ 0xa0f137b80] Invalid level prefix
[h264 @ 0xa0f137b80] error while decoding MB 121 77
[h264 @ 0xa0f137b80] concealing 2008 DC, 2008 AC, 2008 MV errors in P frame
[h264 @ 0xa0f137b80] corrupted macroblock 123 77 (total_coeff=-1)
[h264 @ 0xa0f137b80] error while decoding MB 123 77
[h264 @ 0xa0f137b80] concealing 2006 DC, 2006 AC, 2006 MV errors in P frame
[h264 @ 0xa0f137b80] Invalid level prefix
[h264 @ 0xa0f137b80] error while decoding MB 123 77
[h264 @ 0xa0f137b80] concealing 2006 DC, 2006 AC, 2006 MV errors in P frame
[h264 @ 0xa0f137b80] concealing 3520 DC, 3520 AC, 3520 MV errors in P frame
[h264 @ 0xa0f137b80] Invalid level prefix
[h264 @ 0xa0f137b80] error while decoding MB 115 78
[h264 @ 0xa0f137b80] concealing 1854 DC, 1854 AC, 1854 MV errors in P frame
[h264 @ 0xa0f137b80] corrupted macroblock 115 57 (total_coeff=-1)
[h264 @ 0xa0f137b80] error while decoding MB 115 57
[h264 @ 0xa0f137b80] concealing 5214 DC, 5214 AC, 5214 MV errors in P frame
[h264 @ 0xa0f137b80] Invalid level prefix
[h264 @ 0xa0f137b80] error while decoding MB 122 75
[h264 @ 0xa0f137b80] concealing 2327 DC, 2327 AC, 2327 MV errors in P frame
[h264 @ 0xa0f137b80] Invalid level prefix
[h264 @ 0xa0f137b80] error while decoding MB 123 69
[h264 @ 0xa0f137b80] concealing 3286 DC, 3286 AC, 3286 MV errors in P frame
[h264 @ 0xa0f137b80] Invalid level prefix
[h264 @ 0xa0f137b80] error while decoding MB 126 64
[h264 @ 0xa0f137b80] concealing 4083 DC, 4083 AC, 4083 MV errors in P frame
[h264 @ 0xa0f137b80] Invalid level prefix
[h264 @ 0xa0f137b80] error while decoding MB 111 74
[h264 @ 0xa0f137b80] concealing 2498 DC, 2498 AC, 2498 MV errors in P frame
[h264 @ 0xa0f137b80] Invalid level prefix
[h264 @ 0xa0f137b80] error while decoding MB 116 63
[h264 @ 0xa0f137b80] concealing 4253 DC, 4253 AC, 4253 MV errors in P frame
[h264 @ 0xa0f137b80] corrupted macroblock 104 81 (total_coeff=-1)
[h264 @ 0xa0f137b80] error while decoding MB 104 81
[h264 @ 0xa0f137b80] concealing 1385 DC, 1385 AC, 1385 MV errors in I frame
[h264 @ 0xa0f137b80] Invalid level prefix
[h264 @ 0xa0f137b80] error while decoding MB 132 68
[h264 @ 0xa0f137b80] concealing 3437 DC, 3437 AC, 3437 MV errors in P frame
[h264 @ 0xa0f137b80] Invalid level prefix
[h264 @ 0xa0f137b80] error while decoding MB 102 73
[h264 @ 0xa0f137b80] concealing 2667 DC, 2667 AC, 2667 MV errors in P frame
[h264 @ 0xa0f137b80] Invalid level prefix
[h264 @ 0xa0f137b80] error while decoding MB 111 71
[h264 @ 0xa0f137b80] concealing 2978 DC, 2978 AC, 2978 MV errors in P frame
[h264 @ 0xa0f137b80] Invalid level prefix
[h264 @ 0xa0f137b80] error while decoding MB 121 66
[h264 @ 0xa0f137b80] concealing 3768 DC, 3768 AC, 3768 MV errors in P frame
[h264 @ 0xa0f137b80] Invalid level prefix
[h264 @ 0xa0f137b80] error while decoding MB 96 62
[h264 @ 0xa0f137b80] concealing 4433 DC, 4433 AC, 4433 MV errors in I frame
[h264 @ 0xa0f137b80] Invalid level prefix
[h264 @ 0xa0f137b80] error while decoding MB 129 68
[h264 @ 0xa0f137b80] concealing 3440 DC, 3440 AC, 3440 MV errors in P frame
[h264 @ 0xa0f137b80] Invalid level prefix
[h264 @ 0xa0f137b80] error while decoding MB 122 76
[h264 @ 0xa0f137b80] concealing 2167 DC, 2167 AC, 2167 MV errors in P frame
[h264 @ 0xa0f137b80] Invalid level prefix
[h264 @ 0xa0f137b80] error while decoding MB 126 76
[h264 @ 0xa0f137b80] concealing 2163 DC, 2163 AC, 2163 MV errors in P frame
[h264 @ 0xa0f137b80] Invalid level prefix
[h264 @ 0xa0f137b80] error while decoding MB 103 67
[h264 @ 0xa0f137b80] concealing 3626 DC, 3626 AC, 3626 MV errors in P frame
[h264 @ 0xa0f137b80] corrupted macroblock 136 66 (total_coeff=-1)
[h264 @ 0xa0f137b80] error while decoding MB 136 66
[h264 @ 0xa0f137b80] concealing 3753 DC, 3753 AC, 3753 MV errors in P frame
[h264 @ 0xa0f711500] Invalid level prefix
[h264 @ 0xa0f711500] error while decoding MB 102 58
[h264 @ 0xa0f711500] concealing 5067 DC, 5067 AC, 5067 MV errors in P frame
[h264 @ 0xa0f137b80] Invalid level prefix
[h264 @ 0xa0f137b80] error while decoding MB 102 64
[h264 @ 0xa0f137b80] concealing 4107 DC, 4107 AC, 4107 MV errors in P frame
[h264 @ 0xa0f711500] Invalid level prefix
[h264 @ 0xa0f711500] error while decoding MB 104 59
[h264 @ 0xa0f711500] concealing 4905 DC, 4905 AC, 4905 MV errors in P frame
[h264 @ 0xa0f137b80] Invalid level prefix
[h264 @ 0xa0f137b80] error while decoding MB 116 59
[h264 @ 0xa0f137b80] concealing 4893 DC, 4893 AC, 4893 MV errors in I frame
[h264 @ 0xa0f711500] concealing 7200 DC, 7200 AC, 7200 MV errors in I frame
[h264 @ 0xa0f137b80] corrupted macroblock 120 62 (total_coeff=-1)
[h264 @ 0xa0f137b80] error while decoding MB 120 62
[h264 @ 0xa0f137b80] concealing 4409 DC, 4409 AC, 4409 MV errors in P frame
[h264 @ 0xa0f711500] Invalid level prefix
[h264 @ 0xa0f711500] error while decoding MB 111 78
[h264 @ 0xa0f711500] concealing 1858 DC, 1858 AC, 1858 MV errors in P frame
[h264 @ 0xa0f137b80] corrupted macroblock 113 61 (total_coeff=-1)
[h264 @ 0xa0f137b80] error while decoding MB 113 61
[h264 @ 0xa0f137b80] concealing 4576 DC, 4576 AC, 4576 MV errors in P frame
[h264 @ 0xa0f711500] Invalid level prefix
[h264 @ 0xa0f711500] error while decoding MB 129 58
[h264 @ 0xa0f711500] concealing 5040 DC, 5040 AC, 5040 MV errors in P frame
[h264 @ 0xa0f137b80] Invalid level prefix
[h264 @ 0xa0f137b80] error while decoding MB 104 62
[h264 @ 0xa0f137b80] concealing 4425 DC, 4425 AC, 4425 MV errors in I frame
[h264 @ 0xa0f137b80] Invalid level prefix
[h264 @ 0xa0f137b80] error while decoding MB 117 72
[h264 @ 0xa0f137b80] concealing 2812 DC, 2812 AC, 2812 MV errors in P frame
[h264 @ 0xa0f137b80] Invalid level prefix
[h264 @ 0xa0f137b80] error while decoding MB 103 69
[h264 @ 0xa0f137b80] concealing 3306 DC, 3306 AC, 3306 MV errors in P frame
[h264 @ 0xa0f137b80] Invalid level prefix
[h264 @ 0xa0f137b80] error while decoding MB 114 69
[h264 @ 0xa0f137b80] concealing 3295 DC, 3295 AC, 3295 MV errors in P frame
[h264 @ 0xa0f137b80] Invalid level prefix
[h264 @ 0xa0f137b80] error while decoding MB 129 68
[h264 @ 0xa0f137b80] concealing 3440 DC, 3440 AC, 3440 MV errors in P frame
[h264 @ 0xa0f137b80] Invalid level prefix
[h264 @ 0xa0f137b80] error while decoding MB 128 56
[h264 @ 0xa0f137b80] concealing 5361 DC, 5361 AC, 5361 MV errors in P frame
[h264 @ 0xa0f137b80] Invalid level prefix
[h264 @ 0xa0f137b80] error while decoding MB 128 70
[h264 @ 0xa0f137b80] concealing 3121 DC, 3121 AC, 3121 MV errors in P frame
[h264 @ 0xa0f137b80] Invalid level prefix
[h264 @ 0xa0f137b80] error while decoding MB 120 66
[h264 @ 0xa0f137b80] concealing 3769 DC, 3769 AC, 3769 MV errors in P frame
[h264 @ 0xa0f137b80] Invalid level prefix
[h264 @ 0xa0f137b80] error while decoding MB 128 75
[h264 @ 0xa0f137b80] concealing 2321 DC, 2321 AC, 2321 MV errors in P frame
[h264 @ 0xa0f137b80] Invalid level prefix
[h264 @ 0xa0f137b80] error while decoding MB 121 65
[h264 @ 0xa0f137b80] concealing 3928 DC, 3928 AC, 3928 MV errors in P frame
[h264 @ 0xa0f137b80] cbp too large (3199971767) at 123 66
[h264 @ 0xa0f137b80] error while decoding MB 123 66
[h264 @ 0xa0f137b80] concealing 3766 DC, 3766 AC, 3766 MV errors in P frame
[h264 @ 0xa0f137b80] Invalid level prefix
[h264 @ 0xa0f137b80] error while decoding MB 125 65
[h264 @ 0xa0f137b80] concealing 3924 DC, 3924 AC, 3924 MV errors in P frame
[h264 @ 0xa0f137b80] Invalid level prefix
[h264 @ 0xa0f137b80] error while decoding MB 114 66
[h264 @ 0xa0f137b80] concealing 3775 DC, 3775 AC, 3775 MV errors in P frame
[h264 @ 0xa0f137b80] Invalid level prefix
[h264 @ 0xa0f137b80] error while decoding MB 130 77
[h264 @ 0xa0f137b80] concealing 1999 DC, 1999 AC, 1999 MV errors in P frame
[h264 @ 0xa0f137b80] corrupted macroblock 126 60 (total_coeff=-1)
[h264 @ 0xa0f137b80] error while decoding MB 126 60
[h264 @ 0xa0f137b80] negative number of zero coeffs at 108 68
[h264 @ 0xa0f137b80] error while decoding MB 108 68
[h264 @ 0xa0f137b80] concealing 4664 DC, 4664 AC, 4664 MV errors in P frame
[h264 @ 0xa0f137b80] Invalid level prefix
[h264 @ 0xa0f137b80] error while decoding MB 109 77
[h264 @ 0xa0f137b80] concealing 2020 DC, 2020 AC, 2020 MV errors in P frame
[h264 @ 0xa0f137b80] Invalid level prefix
[h264 @ 0xa0f137b80] error while decoding MB 102 66
[h264 @ 0xa0f137b80] concealing 3787 DC, 3787 AC, 3787 MV errors in P frame
[h264 @ 0xa0f137b80] Invalid level prefix
[h264 @ 0xa0f137b80] error while decoding MB 130 67
[h264 @ 0xa0f137b80] concealing 3599 DC, 3599 AC, 3599 MV errors in P frame
[h264 @ 0xa0f137b80] Invalid level prefix
[h264 @ 0xa0f137b80] error while decoding MB 109 65
[h264 @ 0xa0f137b80] concealing 3940 DC, 3940 AC, 3940 MV errors in P frame
[h264 @ 0xa0f137b80] Invalid level prefix
[h264 @ 0xa0f137b80] error while decoding MB 120 64
[h264 @ 0xa0f137b80] concealing 4089 DC, 4089 AC, 4089 MV errors in P frame
[h264 @ 0xa0f711500] Invalid level prefix
[h264 @ 0xa0f711500] error while decoding MB 82 88
[h264 @ 0xa0f711500] concealing 287 DC, 287 AC, 287 MV errors in P frame
[h264 @ 0xa0f137b80] Invalid level prefix
[h264 @ 0xa0f137b80] error while decoding MB 113 66
[h264 @ 0xa0f137b80] concealing 3776 DC, 3776 AC, 3776 MV errors in P frame
[h264 @ 0xa0f711500] Invalid level prefix
[h264 @ 0xa0f711500] error while decoding MB 105 67
[h264 @ 0xa0f711500] concealing 3624 DC, 3624 AC, 3624 MV errors in P frame
[h264 @ 0xa0f137b80] Invalid level prefix
[h264 @ 0xa0f137b80] error while decoding MB 120 66
[h264 @ 0xa0f137b80] concealing 3769 DC, 3769 AC, 3769 MV errors in P frame
[h264 @ 0xa0f711500] Invalid level prefix
[h264 @ 0xa0f711500] error while decoding MB 110 74
[h264 @ 0xa0f711500] concealing 2499 DC, 2499 AC, 2499 MV errors in P frame
[h264 @ 0xa0f137b80] Invalid level prefix
[h264 @ 0xa0f137b80] error while decoding MB 135 72
[h264 @ 0xa0f137b80] concealing 2794 DC, 2794 AC, 2794 MV errors in P frame
[h264 @ 0xa0f711500] Invalid level prefix
[h264 @ 0xa0f711500] error while decoding MB 105 77
[h264 @ 0xa0f711500] concealing 2024 DC, 2024 AC, 2024 MV errors in P frame
[h264 @ 0xa0f137b80] Invalid level prefix
[h264 @ 0xa0f137b80] error while decoding MB 100 58
[h264 @ 0xa0f137b80] concealing 5069 DC, 5069 AC, 5069 MV errors in P frame
[h264 @ 0xa0f137b80] cbp too large (3199971767) at 111 77
[h264 @ 0xa0f137b80] error while decoding MB 111 77
[h264 @ 0xa0f137b80] concealing 2018 DC, 2018 AC, 2018 MV errors in P frame
[h264 @ 0xa0f711500] Invalid level prefix
[h264 @ 0xa0f711500] error while decoding MB 128 76
[h264 @ 0xa0f711500] concealing 2161 DC, 2161 AC, 2161 MV errors in P frame
[h264 @ 0xa0f137b80] concealing 7200 DC, 7200 AC, 7200 MV errors in I frame
[h264 @ 0xa0f711500] Invalid level prefix
[h264 @ 0xa0f711500] error while decoding MB 102 66
[h264 @ 0xa0f711500] concealing 3787 DC, 3787 AC, 3787 MV errors in P frame
[h264 @ 0xa0f137b80] cbp too large (3199971767) at 106 59
[h264 @ 0xa0f137b80] error while decoding MB 106 59
[h264 @ 0xa0f137b80] concealing 4903 DC, 4903 AC, 4903 MV errors in P frame
[h264 @ 0xa0f137b80] corrupted macroblock 100 66 (total_coeff=-1)
[h264 @ 0xa0f137b80] error while decoding MB 100 66
[h264 @ 0xa0f137b80] concealing 3789 DC, 3789 AC, 3789 MV errors in P frame
[h264 @ 0xa0f137b80] Invalid level prefix
[h264 @ 0xa0f137b80] error while decoding MB 106 66
[h264 @ 0xa0f137b80] concealing 3783 DC, 3783 AC, 3783 MV errors in P frame
