{
  "timestamp": "2026-09-04T06:26:55Z",
  "machine_id": "morfess-MacBook-Air",
  "framework": "csharp_avalonia",
  "hardware_mode": "cpu",
  "window_duration_seconds": 60,
  "active_streams": 29,
  "fps_stream_seconds": {
    "acceptable": {
      "25_to_30_fps": 0,
      "20_to_24_fps": 0
    },
    "unacceptable": {
      "10_to_19_fps": 0,
      "5_to_9_fps": 80,
      "under_5_fps": 1670
    }
  }
}
{
  "timestamp": "2026-09-04T06:27:55Z",
  "machine_id": "morfess-MacBook-Air",
  "framework": "csharp_avalonia",
  "hardware_mode": "cpu",
  "window_duration_seconds": 60,
  "active_streams": 30,
  "fps_stream_seconds": {
    "acceptable": {
      "25_to_30_fps": 0,
      "20_to_24_fps": 0
    },
    "unacceptable": {
      "10_to_19_fps": 0,
      "5_to_9_fps": 0,
      "under_5_fps": 1800
    }
  }
}
{
  "timestamp": "2026-09-04T06:28:55Z",
  "machine_id": "morfess-MacBook-Air",
  "framework": "csharp_avalonia",
  "hardware_mode": "cpu",
  "window_duration_seconds": 60,
  "active_streams": 30,
  "fps_stream_seconds": {
    "acceptable": {
      "25_to_30_fps": 0,
      "20_to_24_fps": 0
    },
    "unacceptable": {
      "10_to_19_fps": 0,
      "5_to_9_fps": 0,
      "under_5_fps": 1800
    }
  }
}
{
  "timestamp": "2026-09-04T06:29:55Z",
  "machine_id": "morfess-MacBook-Air",
  "framework": "csharp_avalonia",
  "hardware_mode": "cpu",
  "window_duration_seconds": 60,
  "active_streams": 30,
  "fps_stream_seconds": {
    "acceptable": {
      "25_to_30_fps": 0,
      "20_to_24_fps": 0
    },
    "unacceptable": {
      "10_to_19_fps": 0,
      "5_to_9_fps": 0,
      "under_5_fps": 1800
    }
  }
}
{
  "timestamp": "2026-09-04T06:30:55Z",
  "machine_id": "morfess-MacBook-Air",
  "framework": "csharp_avalonia",
  "hardware_mode": "cpu",
  "window_duration_seconds": 60,
  "active_streams": 30,
  "fps_stream_seconds": {
    "acceptable": {
      "25_to_30_fps": 0,
      "20_to_24_fps": 0
    },
    "unacceptable": {
      "10_to_19_fps": 0,
      "5_to_9_fps": 0,
      "under_5_fps": 1800
    }
  }
}
{
  "timestamp": "2026-09-04T06:31:55Z",
  "machine_id": "morfess-MacBook-Air",
  "framework": "csharp_avalonia",
  "hardware_mode": "cpu",
  "window_duration_seconds": 60,
  "active_streams": 30,
  "fps_stream_seconds": {
    "acceptable": {
      "25_to_30_fps": 0,
      "20_to_24_fps": 0
    },
    "unacceptable": {
      "10_to_19_fps": 0,
      "5_to_9_fps": 0,
      "under_5_fps": 1800
    }
  }
}
{
  "timestamp": "2026-09-04T06:32:55Z",
  "machine_id": "morfess-MacBook-Air",
  "framework": "csharp_avalonia",
  "hardware_mode": "cpu",
  "window_duration_seconds": 60,
  "active_streams": 30,
  "fps_stream_seconds": {
    "acceptable": {
      "25_to_30_fps": 0,
      "20_to_24_fps": 0
    },
    "unacceptable": {
      "10_to_19_fps": 0,
      "5_to_9_fps": 0,
      "under_5_fps": 1800
    }
  }
}
{
  "timestamp": "2026-09-04T06:33:56Z",
  "machine_id": "morfess-MacBook-Air",
  "framework": "csharp_avalonia",
  "hardware_mode": "cpu",
  "window_duration_seconds": 60,
  "active_streams": 30,
  "fps_stream_seconds": {
    "acceptable": {
      "25_to_30_fps": 0,
      "20_to_24_fps": 0
    },
    "unacceptable": {
      "10_to_19_fps": 0,
      "5_to_9_fps": 0,
      "under_5_fps": 1800
    }
  }
}
