{
  "timestamp": "2026-09-05T15:08:54Z",
  "machine_id": "Mac",
  "framework": "csharp_avalonia",
  "hardware_mode": "cpu",
  "window_duration_seconds": 60,
  "active_streams": 30,
  "ui_frames": 43234,
  "decoded_frames": 44542,
  "fps_stream_seconds": {
    "acceptable": {
      "25_to_30_fps": 1284,
      "20_to_24_fps": 456
    },
    "unacceptable": {
      "10_to_19_fps": 0,
      "5_to_9_fps": 4,
      "under_5_fps": 26
    }
  },
  "decode_fps_stream_seconds": {
    "acceptable": {
      "25_to_30_fps": 1579,
      "20_to_24_fps": 165
    },
    "unacceptable": {
      "10_to_19_fps": 25,
      "5_to_9_fps": 1,
      "under_5_fps": 0
    }
  },
  "avg_painted_fps": 24.43,
  "avg_decoded_fps": 25.16
}
{
  "timestamp": "2026-09-05T15:09:54Z",
  "machine_id": "Mac",
  "framework": "csharp_avalonia",
  "hardware_mode": "cpu",
  "window_duration_seconds": 60,
  "active_streams": 30,
  "ui_frames": 44741,
  "decoded_frames": 45038,
  "fps_stream_seconds": {
    "acceptable": {
      "25_to_30_fps": 1421,
      "20_to_24_fps": 379
    },
    "unacceptable": {
      "10_to_19_fps": 0,
      "5_to_9_fps": 0,
      "under_5_fps": 0
    }
  },
  "decode_fps_stream_seconds": {
    "acceptable": {
      "25_to_30_fps": 1533,
      "20_to_24_fps": 267
    },
    "unacceptable": {
      "10_to_19_fps": 0,
      "5_to_9_fps": 0,
      "under_5_fps": 0
    }
  },
  "avg_painted_fps": 24.86,
  "avg_decoded_fps": 25.02
}
{
  "timestamp": "2026-09-05T15:10:54Z",
  "machine_id": "Mac",
  "framework": "csharp_avalonia",
  "hardware_mode": "cpu",
  "window_duration_seconds": 60,
  "active_streams": 30,
  "ui_frames": 44787,
  "decoded_frames": 45007,
  "fps_stream_seconds": {
    "acceptable": {
      "25_to_30_fps": 1399,
      "20_to_24_fps": 401
    },
    "unacceptable": {
      "10_to_19_fps": 0,
      "5_to_9_fps": 0,
      "under_5_fps": 0
    }
  },
  "decode_fps_stream_seconds": {
    "acceptable": {
      "25_to_30_fps": 1791,
      "20_to_24_fps": 9
    },
    "unacceptable": {
      "10_to_19_fps": 0,
      "5_to_9_fps": 0,
      "under_5_fps": 0
    }
  },
  "avg_painted_fps": 24.88,
  "avg_decoded_fps": 25
}
{
  "timestamp": "2026-09-05T15:11:54Z",
  "machine_id": "Mac",
  "framework": "csharp_avalonia",
  "hardware_mode": "cpu",
  "window_duration_seconds": 60,
  "active_streams": 30,
  "ui_frames": 44857,
  "decoded_frames": 45023,
  "fps_stream_seconds": {
    "acceptable": {
      "25_to_30_fps": 1405,
      "20_to_24_fps": 395
    },
    "unacceptable": {
      "10_to_19_fps": 0,
      "5_to_9_fps": 0,
      "under_5_fps": 0
    }
  },
  "decode_fps_stream_seconds": {
    "acceptable": {
      "25_to_30_fps": 1694,
      "20_to_24_fps": 106
    },
    "unacceptable": {
      "10_to_19_fps": 0,
      "5_to_9_fps": 0,
      "under_5_fps": 0
    }
  },
  "avg_painted_fps": 24.92,
  "avg_decoded_fps": 25.01
}
{
  "timestamp": "2026-09-05T15:12:54Z",
  "machine_id": "Mac",
  "framework": "csharp_avalonia",
  "hardware_mode": "cpu",
  "window_duration_seconds": 60,
  "active_streams": 30,
  "ui_frames": 44907,
  "decoded_frames": 45030,
  "fps_stream_seconds": {
    "acceptable": {
      "25_to_30_fps": 1504,
      "20_to_24_fps": 296
    },
    "unacceptable": {
      "10_to_19_fps": 0,
      "5_to_9_fps": 0,
      "under_5_fps": 0
    }
  },
  "decode_fps_stream_seconds": {
    "acceptable": {
      "25_to_30_fps": 1676,
      "20_to_24_fps": 124
    },
    "unacceptable": {
      "10_to_19_fps": 0,
      "5_to_9_fps": 0,
      "under_5_fps": 0
    }
  },
  "avg_painted_fps": 24.95,
  "avg_decoded_fps": 25.02
}
{
  "timestamp": "2026-09-05T15:13:54Z",
  "machine_id": "Mac",
  "framework": "csharp_avalonia",
  "hardware_mode": "cpu",
  "window_duration_seconds": 60,
  "active_streams": 30,
  "ui_frames": 44943,
  "decoded_frames": 45003,
  "fps_stream_seconds": {
    "acceptable": {
      "25_to_30_fps": 1714,
      "20_to_24_fps": 86
    },
    "unacceptable": {
      "10_to_19_fps": 0,
      "5_to_9_fps": 0,
      "under_5_fps": 0
    }
  },
  "decode_fps_stream_seconds": {
    "acceptable": {
      "25_to_30_fps": 1781,
      "20_to_24_fps": 19
    },
    "unacceptable": {
      "10_to_19_fps": 0,
      "5_to_9_fps": 0,
      "under_5_fps": 0
    }
  },
  "avg_painted_fps": 24.97,
  "avg_decoded_fps": 25
}
{
  "timestamp": "2026-09-05T15:14:54Z",
  "machine_id": "Mac",
  "framework": "csharp_avalonia",
  "hardware_mode": "cpu",
  "window_duration_seconds": 60,
  "active_streams": 30,
  "ui_frames": 44878,
  "decoded_frames": 45027,
  "fps_stream_seconds": {
    "acceptable": {
      "25_to_30_fps": 1375,
      "20_to_24_fps": 425
    },
    "unacceptable": {
      "10_to_19_fps": 0,
      "5_to_9_fps": 0,
      "under_5_fps": 0
    }
  },
  "decode_fps_stream_seconds": {
    "acceptable": {
      "25_to_30_fps": 1680,
      "20_to_24_fps": 120
    },
    "unacceptable": {
      "10_to_19_fps": 0,
      "5_to_9_fps": 0,
      "under_5_fps": 0
    }
  },
  "avg_painted_fps": 24.93,
  "avg_decoded_fps": 25.02
}
{
  "timestamp": "2026-09-05T15:15:54Z",
  "machine_id": "Mac",
  "framework": "csharp_avalonia",
  "hardware_mode": "cpu",
  "window_duration_seconds": 60,
  "active_streams": 30,
  "ui_frames": 45009,
  "decoded_frames": 45030,
  "fps_stream_seconds": {
    "acceptable": {
      "25_to_30_fps": 1652,
      "20_to_24_fps": 148
    },
    "unacceptable": {
      "10_to_19_fps": 0,
      "5_to_9_fps": 0,
      "under_5_fps": 0
    }
  },
  "decode_fps_stream_seconds": {
    "acceptable": {
      "25_to_30_fps": 1649,
      "20_to_24_fps": 151
    },
    "unacceptable": {
      "10_to_19_fps": 0,
      "5_to_9_fps": 0,
      "under_5_fps": 0
    }
  },
  "avg_painted_fps": 25,
  "avg_decoded_fps": 25.02
}
{
  "timestamp": "2026-09-05T15:16:54Z",
  "machine_id": "Mac",
  "framework": "csharp_avalonia",
  "hardware_mode": "cpu",
  "window_duration_seconds": 60,
  "active_streams": 30,
  "ui_frames": 44889,
  "decoded_frames": 45024,
  "fps_stream_seconds": {
    "acceptable": {
      "25_to_30_fps": 1666,
      "20_to_24_fps": 134
    },
    "unacceptable": {
      "10_to_19_fps": 0,
      "5_to_9_fps": 0,
      "under_5_fps": 0
    }
  },
  "decode_fps_stream_seconds": {
    "acceptable": {
      "25_to_30_fps": 1652,
      "20_to_24_fps": 148
    },
    "unacceptable": {
      "10_to_19_fps": 0,
      "5_to_9_fps": 0,
      "under_5_fps": 0
    }
  },
  "avg_painted_fps": 24.94,
  "avg_decoded_fps": 25.01
}
{
  "timestamp": "2026-09-05T15:17:54Z",
  "machine_id": "Mac",
  "framework": "csharp_avalonia",
  "hardware_mode": "cpu",
  "window_duration_seconds": 60,
  "active_streams": 30,
  "ui_frames": 44943,
  "decoded_frames": 45006,
  "fps_stream_seconds": {
    "acceptable": {
      "25_to_30_fps": 1433,
      "20_to_24_fps": 367
    },
    "unacceptable": {
      "10_to_19_fps": 0,
      "5_to_9_fps": 0,
      "under_5_fps": 0
    }
  },
  "decode_fps_stream_seconds": {
    "acceptable": {
      "25_to_30_fps": 1770,
      "20_to_24_fps": 30
    },
    "unacceptable": {
      "10_to_19_fps": 0,
      "5_to_9_fps": 0,
      "under_5_fps": 0
    }
  },
  "avg_painted_fps": 24.97,
  "avg_decoded_fps": 25
}
{
  "timestamp": "2026-09-05T15:18:54Z",
  "machine_id": "Mac",
  "framework": "csharp_avalonia",
  "hardware_mode": "cpu",
  "window_duration_seconds": 60,
  "active_streams": 30,
  "ui_frames": 44898,
  "decoded_frames": 45030,
  "fps_stream_seconds": {
    "acceptable": {
      "25_to_30_fps": 1645,
      "20_to_24_fps": 155
    },
    "unacceptable": {
      "10_to_19_fps": 0,
      "5_to_9_fps": 0,
      "under_5_fps": 0
    }
  },
  "decode_fps_stream_seconds": {
    "acceptable": {
      "25_to_30_fps": 1674,
      "20_to_24_fps": 126
    },
    "unacceptable": {
      "10_to_19_fps": 0,
      "5_to_9_fps": 0,
      "under_5_fps": 0
    }
  },
  "avg_painted_fps": 24.94,
  "avg_decoded_fps": 25.02
}
{
  "timestamp": "2026-09-05T15:19:54Z",
  "machine_id": "Mac",
  "framework": "csharp_avalonia",
  "hardware_mode": "cpu",
  "window_duration_seconds": 60,
  "active_streams": 30,
  "ui_frames": 44905,
  "decoded_frames": 45009,
  "fps_stream_seconds": {
    "acceptable": {
      "25_to_30_fps": 1696,
      "20_to_24_fps": 104
    },
    "unacceptable": {
      "10_to_19_fps": 0,
      "5_to_9_fps": 0,
      "under_5_fps": 0
    }
  },
  "decode_fps_stream_seconds": {
    "acceptable": {
      "25_to_30_fps": 1771,
      "20_to_24_fps": 29
    },
    "unacceptable": {
      "10_to_19_fps": 0,
      "5_to_9_fps": 0,
      "under_5_fps": 0
    }
  },
  "avg_painted_fps": 24.95,
  "avg_decoded_fps": 25
}
{
  "timestamp": "2026-09-05T15:20:54Z",
  "machine_id": "Mac",
  "framework": "csharp_avalonia",
  "hardware_mode": "cpu",
  "window_duration_seconds": 60,
  "active_streams": 30,
  "ui_frames": 44824,
  "decoded_frames": 45051,
  "fps_stream_seconds": {
    "acceptable": {
      "25_to_30_fps": 1444,
      "20_to_24_fps": 356
    },
    "unacceptable": {
      "10_to_19_fps": 0,
      "5_to_9_fps": 0,
      "under_5_fps": 0
    }
  },
  "decode_fps_stream_seconds": {
    "acceptable": {
      "25_to_30_fps": 1691,
      "20_to_24_fps": 109
    },
    "unacceptable": {
      "10_to_19_fps": 0,
      "5_to_9_fps": 0,
      "under_5_fps": 0
    }
  },
  "avg_painted_fps": 24.9,
  "avg_decoded_fps": 25.03
}
{
  "timestamp": "2026-09-05T15:21:54Z",
  "machine_id": "Mac",
  "framework": "csharp_avalonia",
  "hardware_mode": "cpu",
  "window_duration_seconds": 60,
  "active_streams": 30,
  "ui_frames": 44778,
  "decoded_frames": 45004,
  "fps_stream_seconds": {
    "acceptable": {
      "25_to_30_fps": 1556,
      "20_to_24_fps": 244
    },
    "unacceptable": {
      "10_to_19_fps": 0,
      "5_to_9_fps": 0,
      "under_5_fps": 0
    }
  },
  "decode_fps_stream_seconds": {
    "acceptable": {
      "25_to_30_fps": 1769,
      "20_to_24_fps": 31
    },
    "unacceptable": {
      "10_to_19_fps": 0,
      "5_to_9_fps": 0,
      "under_5_fps": 0
    }
  },
  "avg_painted_fps": 24.88,
  "avg_decoded_fps": 25
}
{
  "timestamp": "2026-09-05T15:22:54Z",
  "machine_id": "Mac",
  "framework": "csharp_avalonia",
  "hardware_mode": "cpu",
  "window_duration_seconds": 60,
  "active_streams": 30,
  "ui_frames": 44687,
  "decoded_frames": 45056,
  "fps_stream_seconds": {
    "acceptable": {
      "25_to_30_fps": 1367,
      "20_to_24_fps": 433
    },
    "unacceptable": {
      "10_to_19_fps": 0,
      "5_to_9_fps": 0,
      "under_5_fps": 0
    }
  },
  "decode_fps_stream_seconds": {
    "acceptable": {
      "25_to_30_fps": 1602,
      "20_to_24_fps": 198
    },
    "unacceptable": {
      "10_to_19_fps": 0,
      "5_to_9_fps": 0,
      "under_5_fps": 0
    }
  },
  "avg_painted_fps": 24.83,
  "avg_decoded_fps": 25.03
}
{
  "timestamp": "2026-09-05T15:23:54Z",
  "machine_id": "Mac",
  "framework": "csharp_avalonia",
  "hardware_mode": "cpu",
  "window_duration_seconds": 60,
  "active_streams": 30,
  "ui_frames": 44671,
  "decoded_frames": 45008,
  "fps_stream_seconds": {
    "acceptable": {
      "25_to_30_fps": 1441,
      "20_to_24_fps": 359
    },
    "unacceptable": {
      "10_to_19_fps": 0,
      "5_to_9_fps": 0,
      "under_5_fps": 0
    }
  },
  "decode_fps_stream_seconds": {
    "acceptable": {
      "25_to_30_fps": 1633,
      "20_to_24_fps": 167
    },
    "unacceptable": {
      "10_to_19_fps": 0,
      "5_to_9_fps": 0,
      "under_5_fps": 0
    }
  },
  "avg_painted_fps": 24.82,
  "avg_decoded_fps": 25
}
{
  "timestamp": "2026-09-05T15:24:54Z",
  "machine_id": "Mac",
  "framework": "csharp_avalonia",
  "hardware_mode": "cpu",
  "window_duration_seconds": 60,
  "active_streams": 30,
  "ui_frames": 44681,
  "decoded_frames": 45022,
  "fps_stream_seconds": {
    "acceptable": {
      "25_to_30_fps": 1327,
      "20_to_24_fps": 473
    },
    "unacceptable": {
      "10_to_19_fps": 0,
      "5_to_9_fps": 0,
      "under_5_fps": 0
    }
  },
  "decode_fps_stream_seconds": {
    "acceptable": {
      "25_to_30_fps": 1661,
      "20_to_24_fps": 139
    },
    "unacceptable": {
      "10_to_19_fps": 0,
      "5_to_9_fps": 0,
      "under_5_fps": 0
    }
  },
  "avg_painted_fps": 24.82,
  "avg_decoded_fps": 25.01
}
{
  "timestamp": "2026-09-05T15:25:54Z",
  "machine_id": "Mac",
  "framework": "csharp_avalonia",
  "hardware_mode": "cpu",
  "window_duration_seconds": 60,
  "active_streams": 30,
  "ui_frames": 44675,
  "decoded_frames": 45036,
  "fps_stream_seconds": {
    "acceptable": {
      "25_to_30_fps": 1429,
      "20_to_24_fps": 371
    },
    "unacceptable": {
      "10_to_19_fps": 0,
      "5_to_9_fps": 0,
      "under_5_fps": 0
    }
  },
  "decode_fps_stream_seconds": {
    "acceptable": {
      "25_to_30_fps": 1643,
      "20_to_24_fps": 157
    },
    "unacceptable": {
      "10_to_19_fps": 0,
      "5_to_9_fps": 0,
      "under_5_fps": 0
    }
  },
  "avg_painted_fps": 24.82,
  "avg_decoded_fps": 25.02
}
{
  "timestamp": "2026-09-05T15:26:54Z",
  "machine_id": "Mac",
  "framework": "csharp_avalonia",
  "hardware_mode": "cpu",
  "window_duration_seconds": 60,
  "active_streams": 30,
  "ui_frames": 44635,
  "decoded_frames": 45038,
  "fps_stream_seconds": {
    "acceptable": {
      "25_to_30_fps": 1298,
      "20_to_24_fps": 502
    },
    "unacceptable": {
      "10_to_19_fps": 0,
      "5_to_9_fps": 0,
      "under_5_fps": 0
    }
  },
  "decode_fps_stream_seconds": {
    "acceptable": {
      "25_to_30_fps": 1578,
      "20_to_24_fps": 222
    },
    "unacceptable": {
      "10_to_19_fps": 0,
      "5_to_9_fps": 0,
      "under_5_fps": 0
    }
  },
  "avg_painted_fps": 24.8,
  "avg_decoded_fps": 25.02
}
{
  "timestamp": "2026-09-05T15:27:54Z",
  "machine_id": "Mac",
  "framework": "csharp_avalonia",
  "hardware_mode": "cpu",
  "window_duration_seconds": 60,
  "active_streams": 30,
  "ui_frames": 44816,
  "decoded_frames": 45046,
  "fps_stream_seconds": {
    "acceptable": {
      "25_to_30_fps": 1317,
      "20_to_24_fps": 483
    },
    "unacceptable": {
      "10_to_19_fps": 0,
      "5_to_9_fps": 0,
      "under_5_fps": 0
    }
  },
  "decode_fps_stream_seconds": {
    "acceptable": {
      "25_to_30_fps": 1553,
      "20_to_24_fps": 247
    },
    "unacceptable": {
      "10_to_19_fps": 0,
      "5_to_9_fps": 0,
      "under_5_fps": 0
    }
  },
  "avg_painted_fps": 24.9,
  "avg_decoded_fps": 25.03
}
{
  "timestamp": "2026-09-05T15:28:54Z",
  "machine_id": "Mac",
  "framework": "csharp_avalonia",
  "hardware_mode": "cpu",
  "window_duration_seconds": 60,
  "active_streams": 30,
  "ui_frames": 44749,
  "decoded_frames": 45000,
  "fps_stream_seconds": {
    "acceptable": {
      "25_to_30_fps": 1504,
      "20_to_24_fps": 296
    },
    "unacceptable": {
      "10_to_19_fps": 0,
      "5_to_9_fps": 0,
      "under_5_fps": 0
    }
  },
  "decode_fps_stream_seconds": {
    "acceptable": {
      "25_to_30_fps": 1789,
      "20_to_24_fps": 11
    },
    "unacceptable": {
      "10_to_19_fps": 0,
      "5_to_9_fps": 0,
      "under_5_fps": 0
    }
  },
  "avg_painted_fps": 24.86,
  "avg_decoded_fps": 25
}
{
  "timestamp": "2026-09-05T15:29:54Z",
  "machine_id": "Mac",
  "framework": "csharp_avalonia",
  "hardware_mode": "cpu",
  "window_duration_seconds": 60,
  "active_streams": 30,
  "ui_frames": 44869,
  "decoded_frames": 45008,
  "fps_stream_seconds": {
    "acceptable": {
      "25_to_30_fps": 1618,
      "20_to_24_fps": 182
    },
    "unacceptable": {
      "10_to_19_fps": 0,
      "5_to_9_fps": 0,
      "under_5_fps": 0
    }
  },
  "decode_fps_stream_seconds": {
    "acceptable": {
      "25_to_30_fps": 1769,
      "20_to_24_fps": 31
    },
    "unacceptable": {
      "10_to_19_fps": 0,
      "5_to_9_fps": 0,
      "under_5_fps": 0
    }
  },
  "avg_painted_fps": 24.93,
  "avg_decoded_fps": 25
}
{
  "timestamp": "2026-09-05T15:30:55Z",
  "machine_id": "Mac",
  "framework": "csharp_avalonia",
  "hardware_mode": "cpu",
  "window_duration_seconds": 60,
  "active_streams": 30,
  "ui_frames": 44965,
  "decoded_frames": 45038,
  "fps_stream_seconds": {
    "acceptable": {
      "25_to_30_fps": 1652,
      "20_to_24_fps": 148
    },
    "unacceptable": {
      "10_to_19_fps": 0,
      "5_to_9_fps": 0,
      "under_5_fps": 0
    }
  },
  "decode_fps_stream_seconds": {
    "acceptable": {
      "25_to_30_fps": 1698,
      "20_to_24_fps": 102
    },
    "unacceptable": {
      "10_to_19_fps": 0,
      "5_to_9_fps": 0,
      "under_5_fps": 0
    }
  },
  "avg_painted_fps": 24.98,
  "avg_decoded_fps": 25.02
}
{
  "timestamp": "2026-09-05T15:31:55Z",
  "machine_id": "Mac",
  "framework": "csharp_avalonia",
  "hardware_mode": "cpu",
  "window_duration_seconds": 60,
  "active_streams": 30,
  "ui_frames": 44930,
  "decoded_frames": 45014,
  "fps_stream_seconds": {
    "acceptable": {
      "25_to_30_fps": 1517,
      "20_to_24_fps": 283
    },
    "unacceptable": {
      "10_to_19_fps": 0,
      "5_to_9_fps": 0,
      "under_5_fps": 0
    }
  },
  "decode_fps_stream_seconds": {
    "acceptable": {
      "25_to_30_fps": 1800,
      "20_to_24_fps": 0
    },
    "unacceptable": {
      "10_to_19_fps": 0,
      "5_to_9_fps": 0,
      "under_5_fps": 0
    }
  },
  "avg_painted_fps": 24.96,
  "avg_decoded_fps": 25.01
}
{
  "timestamp": "2026-09-05T15:32:55Z",
  "machine_id": "Mac",
  "framework": "csharp_avalonia",
  "hardware_mode": "cpu",
  "window_duration_seconds": 60,
  "active_streams": 30,
  "ui_frames": 44844,
  "decoded_frames": 45000,
  "fps_stream_seconds": {
    "acceptable": {
      "25_to_30_fps": 1551,
      "20_to_24_fps": 249
    },
    "unacceptable": {
      "10_to_19_fps": 0,
      "5_to_9_fps": 0,
      "under_5_fps": 0
    }
  },
  "decode_fps_stream_seconds": {
    "acceptable": {
      "25_to_30_fps": 1800,
      "20_to_24_fps": 0
    },
    "unacceptable": {
      "10_to_19_fps": 0,
      "5_to_9_fps": 0,
      "under_5_fps": 0
    }
  },
  "avg_painted_fps": 24.91,
  "avg_decoded_fps": 25
}
{
  "timestamp": "2026-09-05T15:33:55Z",
  "machine_id": "Mac",
  "framework": "csharp_avalonia",
  "hardware_mode": "cpu",
  "window_duration_seconds": 60,
  "active_streams": 30,
  "ui_frames": 44780,
  "decoded_frames": 45022,
  "fps_stream_seconds": {
    "acceptable": {
      "25_to_30_fps": 1469,
      "20_to_24_fps": 331
    },
    "unacceptable": {
      "10_to_19_fps": 0,
      "5_to_9_fps": 0,
      "under_5_fps": 0
    }
  },
  "decode_fps_stream_seconds": {
    "acceptable": {
      "25_to_30_fps": 1753,
      "20_to_24_fps": 47
    },
    "unacceptable": {
      "10_to_19_fps": 0,
      "5_to_9_fps": 0,
      "under_5_fps": 0
    }
  },
  "avg_painted_fps": 24.88,
  "avg_decoded_fps": 25.01
}
{
  "timestamp": "2026-09-05T15:34:55Z",
  "machine_id": "Mac",
  "framework": "csharp_avalonia",
  "hardware_mode": "cpu",
  "window_duration_seconds": 60,
  "active_streams": 30,
  "ui_frames": 44713,
  "decoded_frames": 45008,
  "fps_stream_seconds": {
    "acceptable": {
      "25_to_30_fps": 1427,
      "20_to_24_fps": 373
    },
    "unacceptable": {
      "10_to_19_fps": 0,
      "5_to_9_fps": 0,
      "under_5_fps": 0
    }
  },
  "decode_fps_stream_seconds": {
    "acceptable": {
      "25_to_30_fps": 1656,
      "20_to_24_fps": 144
    },
    "unacceptable": {
      "10_to_19_fps": 0,
      "5_to_9_fps": 0,
      "under_5_fps": 0
    }
  },
  "avg_painted_fps": 24.84,
  "avg_decoded_fps": 25
}
{
  "timestamp": "2026-09-05T15:35:55Z",
  "machine_id": "Mac",
  "framework": "csharp_avalonia",
  "hardware_mode": "cpu",
  "window_duration_seconds": 60,
  "active_streams": 30,
  "ui_frames": 44858,
  "decoded_frames": 45030,
  "fps_stream_seconds": {
    "acceptable": {
      "25_to_30_fps": 1539,
      "20_to_24_fps": 261
    },
    "unacceptable": {
      "10_to_19_fps": 0,
      "5_to_9_fps": 0,
      "under_5_fps": 0
    }
  },
  "decode_fps_stream_seconds": {
    "acceptable": {
      "25_to_30_fps": 1739,
      "20_to_24_fps": 61
    },
    "unacceptable": {
      "10_to_19_fps": 0,
      "5_to_9_fps": 0,
      "under_5_fps": 0
    }
  },
  "avg_painted_fps": 24.92,
  "avg_decoded_fps": 25.02
}
{
  "timestamp": "2026-09-05T15:36:55Z",
  "machine_id": "Mac",
  "framework": "csharp_avalonia",
  "hardware_mode": "cpu",
  "window_duration_seconds": 60,
  "active_streams": 30,
  "ui_frames": 44835,
  "decoded_frames": 45030,
  "fps_stream_seconds": {
    "acceptable": {
      "25_to_30_fps": 1543,
      "20_to_24_fps": 257
    },
    "unacceptable": {
      "10_to_19_fps": 0,
      "5_to_9_fps": 0,
      "under_5_fps": 0
    }
  },
  "decode_fps_stream_seconds": {
    "acceptable": {
      "25_to_30_fps": 1622,
      "20_to_24_fps": 178
    },
    "unacceptable": {
      "10_to_19_fps": 0,
      "5_to_9_fps": 0,
      "under_5_fps": 0
    }
  },
  "avg_painted_fps": 24.91,
  "avg_decoded_fps": 25.02
}
{
  "timestamp": "2026-09-05T15:37:55Z",
  "machine_id": "Mac",
  "framework": "csharp_avalonia",
  "hardware_mode": "cpu",
  "window_duration_seconds": 60,
  "active_streams": 30,
  "ui_frames": 44769,
  "decoded_frames": 45005,
  "fps_stream_seconds": {
    "acceptable": {
      "25_to_30_fps": 1399,
      "20_to_24_fps": 400
    },
    "unacceptable": {
      "10_to_19_fps": 0,
      "5_to_9_fps": 0,
      "under_5_fps": 0
    }
  },
  "decode_fps_stream_seconds": {
    "acceptable": {
      "25_to_30_fps": 1651,
      "20_to_24_fps": 148
    },
    "unacceptable": {
      "10_to_19_fps": 0,
      "5_to_9_fps": 0,
      "under_5_fps": 0
    }
  },
  "avg_painted_fps": 24.89,
  "avg_decoded_fps": 25.02
}
{
  "timestamp": "2026-09-05T15:38:55Z",
  "machine_id": "Mac",
  "framework": "csharp_avalonia",
  "hardware_mode": "cpu",
  "window_duration_seconds": 60,
  "active_streams": 30,
  "ui_frames": 44212,
  "decoded_frames": 44353,
  "fps_stream_seconds": {
    "acceptable": {
      "25_to_30_fps": 1624,
      "20_to_24_fps": 148
    },
    "unacceptable": {
      "10_to_19_fps": 0,
      "5_to_9_fps": 1,
      "under_5_fps": 0
    }
  },
  "decode_fps_stream_seconds": {
    "acceptable": {
      "25_to_30_fps": 1573,
      "20_to_24_fps": 200
    },
    "unacceptable": {
      "10_to_19_fps": 0,
      "5_to_9_fps": 0,
      "under_5_fps": 0
    }
  },
  "avg_painted_fps": 24.94,
  "avg_decoded_fps": 25.02
}
{
  "timestamp": "2026-09-05T15:39:55Z",
  "machine_id": "Mac",
  "framework": "csharp_avalonia",
  "hardware_mode": "cpu",
  "window_duration_seconds": 60,
  "active_streams": 28,
  "ui_frames": 42518,
  "decoded_frames": 42663,
  "fps_stream_seconds": {
    "acceptable": {
      "25_to_30_fps": 1539,
      "20_to_24_fps": 162
    },
    "unacceptable": {
      "10_to_19_fps": 0,
      "5_to_9_fps": 3,
      "under_5_fps": 0
    }
  },
  "decode_fps_stream_seconds": {
    "acceptable": {
      "25_to_30_fps": 1631,
      "20_to_24_fps": 73
    },
    "unacceptable": {
      "10_to_19_fps": 0,
      "5_to_9_fps": 0,
      "under_5_fps": 0
    }
  },
  "avg_painted_fps": 24.95,
  "avg_decoded_fps": 25.04
}
{
  "timestamp": "2026-09-05T15:40:55Z",
  "machine_id": "Mac",
  "framework": "csharp_avalonia",
  "hardware_mode": "cpu",
  "window_duration_seconds": 60,
  "active_streams": 29,
  "ui_frames": 43809,
  "decoded_frames": 43935,
  "fps_stream_seconds": {
    "acceptable": {
      "25_to_30_fps": 1542,
      "20_to_24_fps": 214
    },
    "unacceptable": {
      "10_to_19_fps": 1,
      "5_to_9_fps": 0,
      "under_5_fps": 0
    }
  },
  "decode_fps_stream_seconds": {
    "acceptable": {
      "25_to_30_fps": 1735,
      "20_to_24_fps": 22
    },
    "unacceptable": {
      "10_to_19_fps": 0,
      "5_to_9_fps": 0,
      "under_5_fps": 0
    }
  },
  "avg_painted_fps": 24.93,
  "avg_decoded_fps": 25.01
}
{
  "timestamp": "2026-09-05T15:41:55Z",
  "machine_id": "Mac",
  "framework": "csharp_avalonia",
  "hardware_mode": "cpu",
  "window_duration_seconds": 60,
  "active_streams": 28,
  "ui_frames": 42298,
  "decoded_frames": 42508,
  "fps_stream_seconds": {
    "acceptable": {
      "25_to_30_fps": 1470,
      "20_to_24_fps": 225
    },
    "unacceptable": {
      "10_to_19_fps": 3,
      "5_to_9_fps": 0,
      "under_5_fps": 0
    }
  },
  "decode_fps_stream_seconds": {
    "acceptable": {
      "25_to_30_fps": 1571,
      "20_to_24_fps": 127
    },
    "unacceptable": {
      "10_to_19_fps": 0,
      "5_to_9_fps": 0,
      "under_5_fps": 0
    }
  },
  "avg_painted_fps": 24.91,
  "avg_decoded_fps": 25.03
}
{
  "timestamp": "2026-09-05T15:42:55Z",
  "machine_id": "Mac",
  "framework": "csharp_avalonia",
  "hardware_mode": "cpu",
  "window_duration_seconds": 60,
  "active_streams": 30,
  "ui_frames": 44217,
  "decoded_frames": 44385,
  "fps_stream_seconds": {
    "acceptable": {
      "25_to_30_fps": 1531,
      "20_to_24_fps": 243
    },
    "unacceptable": {
      "10_to_19_fps": 1,
      "5_to_9_fps": 0,
      "under_5_fps": 0
    }
  },
  "decode_fps_stream_seconds": {
    "acceptable": {
      "25_to_30_fps": 1772,
      "20_to_24_fps": 3
    },
    "unacceptable": {
      "10_to_19_fps": 0,
      "5_to_9_fps": 0,
      "under_5_fps": 0
    }
  },
  "avg_painted_fps": 24.91,
  "avg_decoded_fps": 25.01
}
{
  "timestamp": "2026-09-05T15:43:55Z",
  "machine_id": "Mac",
  "framework": "csharp_avalonia",
  "hardware_mode": "cpu",
  "window_duration_seconds": 60,
  "active_streams": 28,
  "ui_frames": 41320,
  "decoded_frames": 41560,
  "fps_stream_seconds": {
    "acceptable": {
      "25_to_30_fps": 1298,
      "20_to_24_fps": 359
    },
    "unacceptable": {
      "10_to_19_fps": 3,
      "5_to_9_fps": 0,
      "under_5_fps": 0
    }
  },
  "decode_fps_stream_seconds": {
    "acceptable": {
      "25_to_30_fps": 1470,
      "20_to_24_fps": 190
    },
    "unacceptable": {
      "10_to_19_fps": 0,
      "5_to_9_fps": 0,
      "under_5_fps": 0
    }
  },
  "avg_painted_fps": 24.89,
  "avg_decoded_fps": 25.04
}
{
  "timestamp": "2026-09-05T15:44:55Z",
  "machine_id": "Mac",
  "framework": "csharp_avalonia",
  "hardware_mode": "cpu",
  "window_duration_seconds": 60,
  "active_streams": 29,
  "ui_frames": 43732,
  "decoded_frames": 44026,
  "fps_stream_seconds": {
    "acceptable": {
      "25_to_30_fps": 1514,
      "20_to_24_fps": 244
    },
    "unacceptable": {
      "10_to_19_fps": 2,
      "5_to_9_fps": 0,
      "under_5_fps": 0
    }
  },
  "decode_fps_stream_seconds": {
    "acceptable": {
      "25_to_30_fps": 1742,
      "20_to_24_fps": 18
    },
    "unacceptable": {
      "10_to_19_fps": 0,
      "5_to_9_fps": 0,
      "under_5_fps": 0
    }
  },
  "avg_painted_fps": 24.85,
  "avg_decoded_fps": 25.01
}
{
  "timestamp": "2026-09-05T15:45:55Z",
  "machine_id": "Mac",
  "framework": "csharp_avalonia",
  "hardware_mode": "cpu",
  "window_duration_seconds": 60,
  "active_streams": 29,
  "ui_frames": 42829,
  "decoded_frames": 43112,
  "fps_stream_seconds": {
    "acceptable": {
      "25_to_30_fps": 1338,
      "20_to_24_fps": 381
    },
    "unacceptable": {
      "10_to_19_fps": 3,
      "5_to_9_fps": 0,
      "under_5_fps": 0
    }
  },
  "decode_fps_stream_seconds": {
    "acceptable": {
      "25_to_30_fps": 1508,
      "20_to_24_fps": 214
    },
    "unacceptable": {
      "10_to_19_fps": 0,
      "5_to_9_fps": 0,
      "under_5_fps": 0
    }
  },
  "avg_painted_fps": 24.87,
  "avg_decoded_fps": 25.04
}
{
  "timestamp": "2026-09-05T15:46:55Z",
  "machine_id": "Mac",
  "framework": "csharp_avalonia",
  "hardware_mode": "cpu",
  "window_duration_seconds": 60,
  "active_streams": 29,
  "ui_frames": 43788,
  "decoded_frames": 44092,
  "fps_stream_seconds": {
    "acceptable": {
      "25_to_30_fps": 1376,
      "20_to_24_fps": 385
    },
    "unacceptable": {
      "10_to_19_fps": 1,
      "5_to_9_fps": 0,
      "under_5_fps": 0
    }
  },
  "decode_fps_stream_seconds": {
    "acceptable": {
      "25_to_30_fps": 1516,
      "20_to_24_fps": 246
    },
    "unacceptable": {
      "10_to_19_fps": 0,
      "5_to_9_fps": 0,
      "under_5_fps": 0
    }
  },
  "avg_painted_fps": 24.85,
  "avg_decoded_fps": 25.02
}
{
  "timestamp": "2026-09-05T15:47:55Z",
  "machine_id": "Mac",
  "framework": "csharp_avalonia",
  "hardware_mode": "cpu",
  "window_duration_seconds": 60,
  "active_streams": 30,
  "ui_frames": 44606,
  "decoded_frames": 44929,
  "fps_stream_seconds": {
    "acceptable": {
      "25_to_30_fps": 1373,
      "20_to_24_fps": 423
    },
    "unacceptable": {
      "10_to_19_fps": 0,
      "5_to_9_fps": 0,
      "under_5_fps": 0
    }
  },
  "decode_fps_stream_seconds": {
    "acceptable": {
      "25_to_30_fps": 1661,
      "20_to_24_fps": 135
    },
    "unacceptable": {
      "10_to_19_fps": 0,
      "5_to_9_fps": 0,
      "under_5_fps": 0
    }
  },
  "avg_painted_fps": 24.84,
  "avg_decoded_fps": 25.02
}
{
  "timestamp": "2026-09-05T15:48:55Z",
  "machine_id": "Mac",
  "framework": "csharp_avalonia",
  "hardware_mode": "cpu",
  "window_duration_seconds": 60,
  "active_streams": 29,
  "ui_frames": 43120,
  "decoded_frames": 43478,
  "fps_stream_seconds": {
    "acceptable": {
      "25_to_30_fps": 1336,
      "20_to_24_fps": 400
    },
    "unacceptable": {
      "10_to_19_fps": 2,
      "5_to_9_fps": 0,
      "under_5_fps": 0
    }
  },
  "decode_fps_stream_seconds": {
    "acceptable": {
      "25_to_30_fps": 1587,
      "20_to_24_fps": 151
    },
    "unacceptable": {
      "10_to_19_fps": 0,
      "5_to_9_fps": 0,
      "under_5_fps": 0
    }
  },
  "avg_painted_fps": 24.81,
  "avg_decoded_fps": 25.02
}
{
  "timestamp": "2026-09-05T15:49:55Z",
  "machine_id": "Mac",
  "framework": "csharp_avalonia",
  "hardware_mode": "cpu",
  "window_duration_seconds": 60,
  "active_streams": 29,
  "ui_frames": 43925,
  "decoded_frames": 44189,
  "fps_stream_seconds": {
    "acceptable": {
      "25_to_30_fps": 1425,
      "20_to_24_fps": 341
    },
    "unacceptable": {
      "10_to_19_fps": 1,
      "5_to_9_fps": 0,
      "under_5_fps": 0
    }
  },
  "decode_fps_stream_seconds": {
    "acceptable": {
      "25_to_30_fps": 1767,
      "20_to_24_fps": 0
    },
    "unacceptable": {
      "10_to_19_fps": 0,
      "5_to_9_fps": 0,
      "under_5_fps": 0
    }
  },
  "avg_painted_fps": 24.86,
  "avg_decoded_fps": 25.01
}
{
  "timestamp": "2026-09-05T15:50:55Z",
  "machine_id": "Mac",
  "framework": "csharp_avalonia",
  "hardware_mode": "cpu",
  "window_duration_seconds": 60,
  "active_streams": 28,
  "ui_frames": 41883,
  "decoded_frames": 42222,
  "fps_stream_seconds": {
    "acceptable": {
      "25_to_30_fps": 1369,
      "20_to_24_fps": 314
    },
    "unacceptable": {
      "10_to_19_fps": 3,
      "5_to_9_fps": 0,
      "under_5_fps": 0
    }
  },
  "decode_fps_stream_seconds": {
    "acceptable": {
      "25_to_30_fps": 1416,
      "20_to_24_fps": 270
    },
    "unacceptable": {
      "10_to_19_fps": 0,
      "5_to_9_fps": 0,
      "under_5_fps": 0
    }
  },
  "avg_painted_fps": 24.84,
  "avg_decoded_fps": 25.04
}
{
  "timestamp": "2026-09-05T15:51:55Z",
  "machine_id": "Mac",
  "framework": "csharp_avalonia",
  "hardware_mode": "cpu",
  "window_duration_seconds": 60,
  "active_streams": 30,
  "ui_frames": 44713,
  "decoded_frames": 45001,
  "fps_stream_seconds": {
    "acceptable": {
      "25_to_30_fps": 1345,
      "20_to_24_fps": 455
    },
    "unacceptable": {
      "10_to_19_fps": 0,
      "5_to_9_fps": 0,
      "under_5_fps": 0
    }
  },
  "decode_fps_stream_seconds": {
    "acceptable": {
      "25_to_30_fps": 1759,
      "20_to_24_fps": 41
    },
    "unacceptable": {
      "10_to_19_fps": 0,
      "5_to_9_fps": 0,
      "under_5_fps": 0
    }
  },
  "avg_painted_fps": 24.84,
  "avg_decoded_fps": 25
}
{
  "timestamp": "2026-09-05T15:52:55Z",
  "machine_id": "Mac",
  "framework": "csharp_avalonia",
  "hardware_mode": "cpu",
  "window_duration_seconds": 60,
  "active_streams": 29,
  "ui_frames": 42484,
  "decoded_frames": 42859,
  "fps_stream_seconds": {
    "acceptable": {
      "25_to_30_fps": 1362,
      "20_to_24_fps": 348
    },
    "unacceptable": {
      "10_to_19_fps": 2,
      "5_to_9_fps": 0,
      "under_5_fps": 0
    }
  },
  "decode_fps_stream_seconds": {
    "acceptable": {
      "25_to_30_fps": 1604,
      "20_to_24_fps": 108
    },
    "unacceptable": {
      "10_to_19_fps": 0,
      "5_to_9_fps": 0,
      "under_5_fps": 0
    }
  },
  "avg_painted_fps": 24.82,
  "avg_decoded_fps": 25.03
}
{
  "timestamp": "2026-09-05T15:53:55Z",
  "machine_id": "Mac",
  "framework": "csharp_avalonia",
  "hardware_mode": "cpu",
  "window_duration_seconds": 60,
  "active_streams": 29,
  "ui_frames": 43037,
  "decoded_frames": 43229,
  "fps_stream_seconds": {
    "acceptable": {
      "25_to_30_fps": 1416,
      "20_to_24_fps": 312
    },
    "unacceptable": {
      "10_to_19_fps": 0,
      "5_to_9_fps": 0,
      "under_5_fps": 0
    }
  },
  "decode_fps_stream_seconds": {
    "acceptable": {
      "25_to_30_fps": 1622,
      "20_to_24_fps": 106
    },
    "unacceptable": {
      "10_to_19_fps": 0,
      "5_to_9_fps": 0,
      "under_5_fps": 0
    }
  },
  "avg_painted_fps": 24.91,
  "avg_decoded_fps": 25.02
}
{
  "timestamp": "2026-09-05T15:54:55Z",
  "machine_id": "Mac",
  "framework": "csharp_avalonia",
  "hardware_mode": "cpu",
  "window_duration_seconds": 60,
  "active_streams": 29,
  "ui_frames": 43789,
  "decoded_frames": 44023,
  "fps_stream_seconds": {
    "acceptable": {
      "25_to_30_fps": 1571,
      "20_to_24_fps": 184
    },
    "unacceptable": {
      "10_to_19_fps": 3,
      "5_to_9_fps": 0,
      "under_5_fps": 0
    }
  },
  "decode_fps_stream_seconds": {
    "acceptable": {
      "25_to_30_fps": 1563,
      "20_to_24_fps": 195
    },
    "unacceptable": {
      "10_to_19_fps": 0,
      "5_to_9_fps": 0,
      "under_5_fps": 0
    }
  },
  "avg_painted_fps": 24.91,
  "avg_decoded_fps": 25.04
}
{
  "timestamp": "2026-09-05T15:55:55Z",
  "machine_id": "Mac",
  "framework": "csharp_avalonia",
  "hardware_mode": "cpu",
  "window_duration_seconds": 60,
  "active_streams": 30,
  "ui_frames": 44200,
  "decoded_frames": 44300,
  "fps_stream_seconds": {
    "acceptable": {
      "25_to_30_fps": 1592,
      "20_to_24_fps": 178
    },
    "unacceptable": {
      "10_to_19_fps": 1,
      "5_to_9_fps": 0,
      "under_5_fps": 0
    }
  },
  "decode_fps_stream_seconds": {
    "acceptable": {
      "25_to_30_fps": 1686,
      "20_to_24_fps": 85
    },
    "unacceptable": {
      "10_to_19_fps": 0,
      "5_to_9_fps": 0,
      "under_5_fps": 0
    }
  },
  "avg_painted_fps": 24.96,
  "avg_decoded_fps": 25.01
}
{
  "timestamp": "2026-09-05T15:56:55Z",
  "machine_id": "Mac",
  "framework": "csharp_avalonia",
  "hardware_mode": "cpu",
  "window_duration_seconds": 60,
  "active_streams": 29,
  "ui_frames": 44044,
  "decoded_frames": 44155,
  "fps_stream_seconds": {
    "acceptable": {
      "25_to_30_fps": 1541,
      "20_to_24_fps": 224
    },
    "unacceptable": {
      "10_to_19_fps": 0,
      "5_to_9_fps": 0,
      "under_5_fps": 0
    }
  },
  "decode_fps_stream_seconds": {
    "acceptable": {
      "25_to_30_fps": 1645,
      "20_to_24_fps": 120
    },
    "unacceptable": {
      "10_to_19_fps": 0,
      "5_to_9_fps": 0,
      "under_5_fps": 0
    }
  },
  "avg_painted_fps": 24.95,
  "avg_decoded_fps": 25.02
}
{
  "timestamp": "2026-09-05T15:57:55Z",
  "machine_id": "Mac",
  "framework": "csharp_avalonia",
  "hardware_mode": "cpu",
  "window_duration_seconds": 60,
  "active_streams": 29,
  "ui_frames": 44074,
  "decoded_frames": 44202,
  "fps_stream_seconds": {
    "acceptable": {
      "25_to_30_fps": 1600,
      "20_to_24_fps": 165
    },
    "unacceptable": {
      "10_to_19_fps": 1,
      "5_to_9_fps": 0,
      "under_5_fps": 0
    }
  },
  "decode_fps_stream_seconds": {
    "acceptable": {
      "25_to_30_fps": 1655,
      "20_to_24_fps": 111
    },
    "unacceptable": {
      "10_to_19_fps": 0,
      "5_to_9_fps": 0,
      "under_5_fps": 0
    }
  },
  "avg_painted_fps": 24.96,
  "avg_decoded_fps": 25.03
}
{
  "timestamp": "2026-09-05T15:58:55Z",
  "machine_id": "Mac",
  "framework": "csharp_avalonia",
  "hardware_mode": "cpu",
  "window_duration_seconds": 60,
  "active_streams": 30,
  "ui_frames": 44431,
  "decoded_frames": 44622,
  "fps_stream_seconds": {
    "acceptable": {
      "25_to_30_fps": 1343,
      "20_to_24_fps": 440
    },
    "unacceptable": {
      "10_to_19_fps": 0,
      "5_to_9_fps": 0,
      "under_5_fps": 0
    }
  },
  "decode_fps_stream_seconds": {
    "acceptable": {
      "25_to_30_fps": 1683,
      "20_to_24_fps": 100
    },
    "unacceptable": {
      "10_to_19_fps": 0,
      "5_to_9_fps": 0,
      "under_5_fps": 0
    }
  },
  "avg_painted_fps": 24.92,
  "avg_decoded_fps": 25.03
}
{
  "timestamp": "2026-09-05T15:59:55Z",
  "machine_id": "Mac",
  "framework": "csharp_avalonia",
  "hardware_mode": "cpu",
  "window_duration_seconds": 60,
  "active_streams": 29,
  "ui_frames": 43418,
  "decoded_frames": 43718,
  "fps_stream_seconds": {
    "acceptable": {
      "25_to_30_fps": 1471,
      "20_to_24_fps": 275
    },
    "unacceptable": {
      "10_to_19_fps": 0,
      "5_to_9_fps": 0,
      "under_5_fps": 0
    }
  },
  "decode_fps_stream_seconds": {
    "acceptable": {
      "25_to_30_fps": 1537,
      "20_to_24_fps": 209
    },
    "unacceptable": {
      "10_to_19_fps": 0,
      "5_to_9_fps": 0,
      "under_5_fps": 0
    }
  },
  "avg_painted_fps": 24.87,
  "avg_decoded_fps": 25.04
}
{
  "timestamp": "2026-09-05T16:00:55Z",
  "machine_id": "Mac",
  "framework": "csharp_avalonia",
  "hardware_mode": "cpu",
  "window_duration_seconds": 60,
  "active_streams": 30,
  "ui_frames": 44149,
  "decoded_frames": 44451,
  "fps_stream_seconds": {
    "acceptable": {
      "25_to_30_fps": 1390,
      "20_to_24_fps": 387
    },
    "unacceptable": {
      "10_to_19_fps": 0,
      "5_to_9_fps": 0,
      "under_5_fps": 0
    }
  },
  "decode_fps_stream_seconds": {
    "acceptable": {
      "25_to_30_fps": 1746,
      "20_to_24_fps": 31
    },
    "unacceptable": {
      "10_to_19_fps": 0,
      "5_to_9_fps": 0,
      "under_5_fps": 0
    }
  },
  "avg_painted_fps": 24.84,
  "avg_decoded_fps": 25.01
}
{
  "timestamp": "2026-09-05T16:01:55Z",
  "machine_id": "Mac",
  "framework": "csharp_avalonia",
  "hardware_mode": "cpu",
  "window_duration_seconds": 60,
  "active_streams": 29,
  "ui_frames": 43111,
  "decoded_frames": 43465,
  "fps_stream_seconds": {
    "acceptable": {
      "25_to_30_fps": 1425,
      "20_to_24_fps": 311
    },
    "unacceptable": {
      "10_to_19_fps": 0,
      "5_to_9_fps": 0,
      "under_5_fps": 0
    }
  },
  "decode_fps_stream_seconds": {
    "acceptable": {
      "25_to_30_fps": 1594,
      "20_to_24_fps": 142
    },
    "unacceptable": {
      "10_to_19_fps": 0,
      "5_to_9_fps": 0,
      "under_5_fps": 0
    }
  },
  "avg_painted_fps": 24.83,
  "avg_decoded_fps": 25.04
}
{
  "timestamp": "2026-09-05T16:02:55Z",
  "machine_id": "Mac",
  "framework": "csharp_avalonia",
  "hardware_mode": "cpu",
  "window_duration_seconds": 60,
  "active_streams": 28,
  "ui_frames": 41790,
  "decoded_frames": 42030,
  "fps_stream_seconds": {
    "acceptable": {
      "25_to_30_fps": 1366,
      "20_to_24_fps": 314
    },
    "unacceptable": {
      "10_to_19_fps": 0,
      "5_to_9_fps": 0,
      "under_5_fps": 0
    }
  },
  "decode_fps_stream_seconds": {
    "acceptable": {
      "25_to_30_fps": 1594,
      "20_to_24_fps": 86
    },
    "unacceptable": {
      "10_to_19_fps": 0,
      "5_to_9_fps": 0,
      "under_5_fps": 0
    }
  },
  "avg_painted_fps": 24.88,
  "avg_decoded_fps": 25.02
}
{
  "timestamp": "2026-09-05T16:03:55Z",
  "machine_id": "Mac",
  "framework": "csharp_avalonia",
  "hardware_mode": "cpu",
  "window_duration_seconds": 60,
  "active_streams": 29,
  "ui_frames": 43666,
  "decoded_frames": 44051,
  "fps_stream_seconds": {
    "acceptable": {
      "25_to_30_fps": 1349,
      "20_to_24_fps": 408
    },
    "unacceptable": {
      "10_to_19_fps": 0,
      "5_to_9_fps": 0,
      "under_5_fps": 0
    }
  },
  "decode_fps_stream_seconds": {
    "acceptable": {
      "25_to_30_fps": 1753,
      "20_to_24_fps": 4
    },
    "unacceptable": {
      "10_to_19_fps": 0,
      "5_to_9_fps": 0,
      "under_5_fps": 0
    }
  },
  "avg_painted_fps": 24.85,
  "avg_decoded_fps": 25.07
}
{
  "timestamp": "2026-09-05T16:04:55Z",
  "machine_id": "Mac",
  "framework": "csharp_avalonia",
  "hardware_mode": "cpu",
  "window_duration_seconds": 60,
  "active_streams": 29,
  "ui_frames": 43157,
  "decoded_frames": 43448,
  "fps_stream_seconds": {
    "acceptable": {
      "25_to_30_fps": 1354,
      "20_to_24_fps": 382
    },
    "unacceptable": {
      "10_to_19_fps": 0,
      "5_to_9_fps": 0,
      "under_5_fps": 0
    }
  },
  "decode_fps_stream_seconds": {
    "acceptable": {
      "25_to_30_fps": 1434,
      "20_to_24_fps": 302
    },
    "unacceptable": {
      "10_to_19_fps": 0,
      "5_to_9_fps": 0,
      "under_5_fps": 0
    }
  },
  "avg_painted_fps": 24.86,
  "avg_decoded_fps": 25.03
}
{
  "timestamp": "2026-09-05T16:05:55Z",
  "machine_id": "Mac",
  "framework": "csharp_avalonia",
  "hardware_mode": "cpu",
  "window_duration_seconds": 60,
  "active_streams": 29,
  "ui_frames": 43936,
  "decoded_frames": 44079,
  "fps_stream_seconds": {
    "acceptable": {
      "25_to_30_fps": 1611,
      "20_to_24_fps": 151
    },
    "unacceptable": {
      "10_to_19_fps": 0,
      "5_to_9_fps": 0,
      "under_5_fps": 0
    }
  },
  "decode_fps_stream_seconds": {
    "acceptable": {
      "25_to_30_fps": 1644,
      "20_to_24_fps": 118
    },
    "unacceptable": {
      "10_to_19_fps": 0,
      "5_to_9_fps": 0,
      "under_5_fps": 0
    }
  },
  "avg_painted_fps": 24.94,
  "avg_decoded_fps": 25.02
}
{
  "timestamp": "2026-09-05T16:06:55Z",
  "machine_id": "Mac",
  "framework": "csharp_avalonia",
  "hardware_mode": "cpu",
  "window_duration_seconds": 60,
  "active_streams": 29,
  "ui_frames": 43820,
  "decoded_frames": 43958,
  "fps_stream_seconds": {
    "acceptable": {
      "25_to_30_fps": 1442,
      "20_to_24_fps": 316
    },
    "unacceptable": {
      "10_to_19_fps": 0,
      "5_to_9_fps": 0,
      "under_5_fps": 0
    }
  },
  "decode_fps_stream_seconds": {
    "acceptable": {
      "25_to_30_fps": 1439,
      "20_to_24_fps": 319
    },
    "unacceptable": {
      "10_to_19_fps": 0,
      "5_to_9_fps": 0,
      "under_5_fps": 0
    }
  },
  "avg_painted_fps": 24.93,
  "avg_decoded_fps": 25
}
