{
    "active_streams": 30,
    "decoded_frames": 44747,
    "fps_stream_seconds": {
        "acceptable": {
            "20_to_24_fps": 4,
            "25_to_30_fps": 0
        },
        "unacceptable": {
            "10_to_19_fps": 1675,
            "5_to_9_fps": 69,
            "under_5_fps": 22
        }
    },
    "framework": "cpp_qt6",
    "hardware_mode": "gpu",
    "machine_id": "Mac",
    "timestamp": "2026-09-05T13:29:18Z",
    "ui_frames": 23847,
    "window_duration_seconds": 60
}

{
    "active_streams": 30,
    "decoded_frames": 44999,
    "fps_stream_seconds": {
        "acceptable": {
            "20_to_24_fps": 5,
            "25_to_30_fps": 0
        },
        "unacceptable": {
            "10_to_19_fps": 1759,
            "5_to_9_fps": 36,
            "under_5_fps": 0
        }
    },
    "framework": "cpp_qt6",
    "hardware_mode": "gpu",
    "machine_id": "Mac",
    "timestamp": "2026-09-05T13:30:18Z",
    "ui_frames": 24580,
    "window_duration_seconds": 60
}

{
    "active_streams": 30,
    "decoded_frames": 45014,
    "fps_stream_seconds": {
        "acceptable": {
            "20_to_24_fps": 4,
            "25_to_30_fps": 0
        },
        "unacceptable": {
            "10_to_19_fps": 1757,
            "5_to_9_fps": 39,
            "under_5_fps": 0
        }
    },
    "framework": "cpp_qt6",
    "hardware_mode": "gpu",
    "machine_id": "Mac",
    "timestamp": "2026-09-05T13:31:18Z",
    "ui_frames": 24584,
    "window_duration_seconds": 60
}

{
    "active_streams": 30,
    "decoded_frames": 45001,
    "fps_stream_seconds": {
        "acceptable": {
            "20_to_24_fps": 4,
            "25_to_30_fps": 0
        },
        "unacceptable": {
            "10_to_19_fps": 1742,
            "5_to_9_fps": 54,
            "under_5_fps": 0
        }
    },
    "framework": "cpp_qt6",
    "hardware_mode": "gpu",
    "machine_id": "Mac",
    "timestamp": "2026-09-05T13:32:18Z",
    "ui_frames": 24484,
    "window_duration_seconds": 60
}

{
    "active_streams": 30,
    "decoded_frames": 44985,
    "fps_stream_seconds": {
        "acceptable": {
            "20_to_24_fps": 10,
            "25_to_30_fps": 0
        },
        "unacceptable": {
            "10_to_19_fps": 1744,
            "5_to_9_fps": 46,
            "under_5_fps": 0
        }
    },
    "framework": "cpp_qt6",
    "hardware_mode": "gpu",
    "machine_id": "Mac",
    "timestamp": "2026-09-05T13:33:18Z",
    "ui_frames": 24666,
    "window_duration_seconds": 60
}

{
    "active_streams": 30,
    "decoded_frames": 45001,
    "fps_stream_seconds": {
        "acceptable": {
            "20_to_24_fps": 0,
            "25_to_30_fps": 0
        },
        "unacceptable": {
            "10_to_19_fps": 1734,
            "5_to_9_fps": 66,
            "under_5_fps": 0
        }
    },
    "framework": "cpp_qt6",
    "hardware_mode": "gpu",
    "machine_id": "Mac",
    "timestamp": "2026-09-05T13:34:18Z",
    "ui_frames": 24242,
    "window_duration_seconds": 60
}

{
    "active_streams": 30,
    "decoded_frames": 45009,
    "fps_stream_seconds": {
        "acceptable": {
            "20_to_24_fps": 0,
            "25_to_30_fps": 0
        },
        "unacceptable": {
            "10_to_19_fps": 1671,
            "5_to_9_fps": 129,
            "under_5_fps": 0
        }
    },
    "framework": "cpp_qt6",
    "hardware_mode": "gpu",
    "machine_id": "Mac",
    "timestamp": "2026-09-05T13:35:18Z",
    "ui_frames": 23507,
    "window_duration_seconds": 60
}

{
    "active_streams": 30,
    "decoded_frames": 44975,
    "fps_stream_seconds": {
        "acceptable": {
            "20_to_24_fps": 0,
            "25_to_30_fps": 0
        },
        "unacceptable": {
            "10_to_19_fps": 1656,
            "5_to_9_fps": 144,
            "under_5_fps": 0
        }
    },
    "framework": "cpp_qt6",
    "hardware_mode": "gpu",
    "machine_id": "Mac",
    "timestamp": "2026-09-05T13:36:18Z",
    "ui_frames": 23528,
    "window_duration_seconds": 60
}

{
    "active_streams": 30,
    "decoded_frames": 45018,
    "fps_stream_seconds": {
        "acceptable": {
            "20_to_24_fps": 0,
            "25_to_30_fps": 0
        },
        "unacceptable": {
            "10_to_19_fps": 1682,
            "5_to_9_fps": 118,
            "under_5_fps": 0
        }
    },
    "framework": "cpp_qt6",
    "hardware_mode": "gpu",
    "machine_id": "Mac",
    "timestamp": "2026-09-05T13:37:18Z",
    "ui_frames": 23829,
    "window_duration_seconds": 60
}

{
    "active_streams": 30,
    "decoded_frames": 44971,
    "fps_stream_seconds": {
        "acceptable": {
            "20_to_24_fps": 0,
            "25_to_30_fps": 0
        },
        "unacceptable": {
            "10_to_19_fps": 1676,
            "5_to_9_fps": 123,
            "under_5_fps": 0
        }
    },
    "framework": "cpp_qt6",
    "hardware_mode": "gpu",
    "machine_id": "Mac",
    "timestamp": "2026-09-05T13:38:18Z",
    "ui_frames": 23484,
    "window_duration_seconds": 60
}

{
    "active_streams": 30,
    "decoded_frames": 44310,
    "fps_stream_seconds": {
        "acceptable": {
            "20_to_24_fps": 4,
            "25_to_30_fps": 0
        },
        "unacceptable": {
            "10_to_19_fps": 1669,
            "5_to_9_fps": 99,
            "under_5_fps": 0
        }
    },
    "framework": "cpp_qt6",
    "hardware_mode": "gpu",
    "machine_id": "Mac",
    "timestamp": "2026-09-05T13:39:18Z",
    "ui_frames": 23551,
    "window_duration_seconds": 60
}

{
    "active_streams": 28,
    "decoded_frames": 42659,
    "fps_stream_seconds": {
        "acceptable": {
            "20_to_24_fps": 39,
            "25_to_30_fps": 0
        },
        "unacceptable": {
            "10_to_19_fps": 1593,
            "5_to_9_fps": 72,
            "under_5_fps": 0
        }
    },
    "framework": "cpp_qt6",
    "hardware_mode": "gpu",
    "machine_id": "Mac",
    "timestamp": "2026-09-05T13:40:18Z",
    "ui_frames": 23744,
    "window_duration_seconds": 60
}

{
    "active_streams": 29,
    "decoded_frames": 43917,
    "fps_stream_seconds": {
        "acceptable": {
            "20_to_24_fps": 3,
            "25_to_30_fps": 0
        },
        "unacceptable": {
            "10_to_19_fps": 1686,
            "5_to_9_fps": 67,
            "under_5_fps": 0
        }
    },
    "framework": "cpp_qt6",
    "hardware_mode": "gpu",
    "machine_id": "Mac",
    "timestamp": "2026-09-05T13:41:18Z",
    "ui_frames": 23612,
    "window_duration_seconds": 60
}

{
    "active_streams": 28,
    "decoded_frames": 42364,
    "fps_stream_seconds": {
        "acceptable": {
            "20_to_24_fps": 44,
            "25_to_30_fps": 0
        },
        "unacceptable": {
            "10_to_19_fps": 1598,
            "5_to_9_fps": 53,
            "under_5_fps": 0
        }
    },
    "framework": "cpp_qt6",
    "hardware_mode": "gpu",
    "machine_id": "Mac",
    "timestamp": "2026-09-05T13:42:18Z",
    "ui_frames": 24011,
    "window_duration_seconds": 60
}

{
    "active_streams": 30,
    "decoded_frames": 44387,
    "fps_stream_seconds": {
        "acceptable": {
            "20_to_24_fps": 6,
            "25_to_30_fps": 0
        },
        "unacceptable": {
            "10_to_19_fps": 1699,
            "5_to_9_fps": 69,
            "under_5_fps": 0
        }
    },
    "framework": "cpp_qt6",
    "hardware_mode": "gpu",
    "machine_id": "Mac",
    "timestamp": "2026-09-05T13:43:18Z",
    "ui_frames": 23966,
    "window_duration_seconds": 60
}

{
    "active_streams": 28,
    "decoded_frames": 41497,
    "fps_stream_seconds": {
        "acceptable": {
            "20_to_24_fps": 63,
            "25_to_30_fps": 0
        },
        "unacceptable": {
            "10_to_19_fps": 1572,
            "5_to_9_fps": 24,
            "under_5_fps": 0
        }
    },
    "framework": "cpp_qt6",
    "hardware_mode": "gpu",
    "machine_id": "Mac",
    "timestamp": "2026-09-05T13:44:18Z",
    "ui_frames": 24095,
    "window_duration_seconds": 60
}

{
    "active_streams": 29,
    "decoded_frames": 44074,
    "fps_stream_seconds": {
        "acceptable": {
            "20_to_24_fps": 9,
            "25_to_30_fps": 0
        },
        "unacceptable": {
            "10_to_19_fps": 1660,
            "5_to_9_fps": 91,
            "under_5_fps": 0
        }
    },
    "framework": "cpp_qt6",
    "hardware_mode": "gpu",
    "machine_id": "Mac",
    "timestamp": "2026-09-05T13:45:18Z",
    "ui_frames": 23767,
    "window_duration_seconds": 60
}

{
    "active_streams": 29,
    "decoded_frames": 43099,
    "fps_stream_seconds": {
        "acceptable": {
            "20_to_24_fps": 38,
            "25_to_30_fps": 0
        },
        "unacceptable": {
            "10_to_19_fps": 1592,
            "5_to_9_fps": 92,
            "under_5_fps": 0
        }
    },
    "framework": "cpp_qt6",
    "hardware_mode": "gpu",
    "machine_id": "Mac",
    "timestamp": "2026-09-05T13:46:18Z",
    "ui_frames": 23722,
    "window_duration_seconds": 60
}

{
    "active_streams": 29,
    "decoded_frames": 44076,
    "fps_stream_seconds": {
        "acceptable": {
            "20_to_24_fps": 3,
            "25_to_30_fps": 0
        },
        "unacceptable": {
            "10_to_19_fps": 1694,
            "5_to_9_fps": 65,
            "under_5_fps": 0
        }
    },
    "framework": "cpp_qt6",
    "hardware_mode": "gpu",
    "machine_id": "Mac",
    "timestamp": "2026-09-05T13:47:18Z",
    "ui_frames": 23851,
    "window_duration_seconds": 60
}

