{
    "active_streams": 30,
    "decoded_frames": 44760,
    "fps_stream_seconds": {
        "acceptable": {
            "20_to_24_fps": 852,
            "25_to_30_fps": 888
        },
        "unacceptable": {
            "10_to_19_fps": 20,
            "5_to_9_fps": 10,
            "under_5_fps": 0
        }
    },
    "framework": "cpp_qt6",
    "hardware_mode": "cpu",
    "machine_id": "Mac",
    "timestamp": "2026-09-05T13:04:07Z",
    "ui_frames": 43025,
    "window_duration_seconds": 60
}

{
    "active_streams": 30,
    "decoded_frames": 45000,
    "fps_stream_seconds": {
        "acceptable": {
            "20_to_24_fps": 911,
            "25_to_30_fps": 889
        },
        "unacceptable": {
            "10_to_19_fps": 0,
            "5_to_9_fps": 0,
            "under_5_fps": 0
        }
    },
    "framework": "cpp_qt6",
    "hardware_mode": "cpu",
    "machine_id": "Mac",
    "timestamp": "2026-09-05T13:05:07Z",
    "ui_frames": 44060,
    "window_duration_seconds": 60
}

{
    "active_streams": 30,
    "decoded_frames": 45000,
    "fps_stream_seconds": {
        "acceptable": {
            "20_to_24_fps": 907,
            "25_to_30_fps": 893
        },
        "unacceptable": {
            "10_to_19_fps": 0,
            "5_to_9_fps": 0,
            "under_5_fps": 0
        }
    },
    "framework": "cpp_qt6",
    "hardware_mode": "cpu",
    "machine_id": "Mac",
    "timestamp": "2026-09-05T13:06:07Z",
    "ui_frames": 44118,
    "window_duration_seconds": 60
}

{
    "active_streams": 30,
    "decoded_frames": 45000,
    "fps_stream_seconds": {
        "acceptable": {
            "20_to_24_fps": 935,
            "25_to_30_fps": 865
        },
        "unacceptable": {
            "10_to_19_fps": 0,
            "5_to_9_fps": 0,
            "under_5_fps": 0
        }
    },
    "framework": "cpp_qt6",
    "hardware_mode": "cpu",
    "machine_id": "Mac",
    "timestamp": "2026-09-05T13:07:07Z",
    "ui_frames": 44052,
    "window_duration_seconds": 60
}

{
    "active_streams": 30,
    "decoded_frames": 45000,
    "fps_stream_seconds": {
        "acceptable": {
            "20_to_24_fps": 968,
            "25_to_30_fps": 832
        },
        "unacceptable": {
            "10_to_19_fps": 0,
            "5_to_9_fps": 0,
            "under_5_fps": 0
        }
    },
    "framework": "cpp_qt6",
    "hardware_mode": "cpu",
    "machine_id": "Mac",
    "timestamp": "2026-09-05T13:08:07Z",
    "ui_frames": 43924,
    "window_duration_seconds": 60
}

{
    "active_streams": 30,
    "decoded_frames": 45000,
    "fps_stream_seconds": {
        "acceptable": {
            "20_to_24_fps": 1022,
            "25_to_30_fps": 778
        },
        "unacceptable": {
            "10_to_19_fps": 0,
            "5_to_9_fps": 0,
            "under_5_fps": 0
        }
    },
    "framework": "cpp_qt6",
    "hardware_mode": "cpu",
    "machine_id": "Mac",
    "timestamp": "2026-09-05T13:09:07Z",
    "ui_frames": 43759,
    "window_duration_seconds": 60
}

{
    "active_streams": 30,
    "decoded_frames": 45000,
    "fps_stream_seconds": {
        "acceptable": {
            "20_to_24_fps": 1067,
            "25_to_30_fps": 733
        },
        "unacceptable": {
            "10_to_19_fps": 0,
            "5_to_9_fps": 0,
            "under_5_fps": 0
        }
    },
    "framework": "cpp_qt6",
    "hardware_mode": "cpu",
    "machine_id": "Mac",
    "timestamp": "2026-09-05T13:10:07Z",
    "ui_frames": 43664,
    "window_duration_seconds": 60
}

{
    "active_streams": 30,
    "decoded_frames": 45000,
    "fps_stream_seconds": {
        "acceptable": {
            "20_to_24_fps": 1039,
            "25_to_30_fps": 761
        },
        "unacceptable": {
            "10_to_19_fps": 0,
            "5_to_9_fps": 0,
            "under_5_fps": 0
        }
    },
    "framework": "cpp_qt6",
    "hardware_mode": "cpu",
    "machine_id": "Mac",
    "timestamp": "2026-09-05T13:11:07Z",
    "ui_frames": 43726,
    "window_duration_seconds": 60
}

{
    "active_streams": 30,
    "decoded_frames": 45000,
    "fps_stream_seconds": {
        "acceptable": {
            "20_to_24_fps": 1020,
            "25_to_30_fps": 780
        },
        "unacceptable": {
            "10_to_19_fps": 0,
            "5_to_9_fps": 0,
            "under_5_fps": 0
        }
    },
    "framework": "cpp_qt6",
    "hardware_mode": "cpu",
    "machine_id": "Mac",
    "timestamp": "2026-09-05T13:12:07Z",
    "ui_frames": 43760,
    "window_duration_seconds": 60
}

{
    "active_streams": 30,
    "decoded_frames": 44975,
    "fps_stream_seconds": {
        "acceptable": {
            "20_to_24_fps": 1094,
            "25_to_30_fps": 705
        },
        "unacceptable": {
            "10_to_19_fps": 0,
            "5_to_9_fps": 0,
            "under_5_fps": 0
        }
    },
    "framework": "cpp_qt6",
    "hardware_mode": "cpu",
    "machine_id": "Mac",
    "timestamp": "2026-09-05T13:13:07Z",
    "ui_frames": 43694,
    "window_duration_seconds": 60
}

{
    "active_streams": 30,
    "decoded_frames": 44317,
    "fps_stream_seconds": {
        "acceptable": {
            "20_to_24_fps": 958,
            "25_to_30_fps": 813
        },
        "unacceptable": {
            "10_to_19_fps": 1,
            "5_to_9_fps": 0,
            "under_5_fps": 0
        }
    },
    "framework": "cpp_qt6",
    "hardware_mode": "cpu",
    "machine_id": "Mac",
    "timestamp": "2026-09-05T13:14:07Z",
    "ui_frames": 43319,
    "window_duration_seconds": 60
}

{
    "active_streams": 28,
    "decoded_frames": 42651,
    "fps_stream_seconds": {
        "acceptable": {
            "20_to_24_fps": 849,
            "25_to_30_fps": 852
        },
        "unacceptable": {
            "10_to_19_fps": 3,
            "5_to_9_fps": 0,
            "under_5_fps": 0
        }
    },
    "framework": "cpp_qt6",
    "hardware_mode": "cpu",
    "machine_id": "Mac",
    "timestamp": "2026-09-05T13:15:07Z",
    "ui_frames": 41728,
    "window_duration_seconds": 60
}

{
    "active_streams": 29,
    "decoded_frames": 43917,
    "fps_stream_seconds": {
        "acceptable": {
            "20_to_24_fps": 898,
            "25_to_30_fps": 857
        },
        "unacceptable": {
            "10_to_19_fps": 1,
            "5_to_9_fps": 0,
            "under_5_fps": 0
        }
    },
    "framework": "cpp_qt6",
    "hardware_mode": "cpu",
    "machine_id": "Mac",
    "timestamp": "2026-09-05T13:16:07Z",
    "ui_frames": 43064,
    "window_duration_seconds": 60
}

{
    "active_streams": 28,
    "decoded_frames": 42426,
    "fps_stream_seconds": {
        "acceptable": {
            "20_to_24_fps": 860,
            "25_to_30_fps": 832
        },
        "unacceptable": {
            "10_to_19_fps": 3,
            "5_to_9_fps": 0,
            "under_5_fps": 0
        }
    },
    "framework": "cpp_qt6",
    "hardware_mode": "cpu",
    "machine_id": "Mac",
    "timestamp": "2026-09-05T13:17:07Z",
    "ui_frames": 41508,
    "window_duration_seconds": 60
}

{
    "active_streams": 30,
    "decoded_frames": 44367,
    "fps_stream_seconds": {
        "acceptable": {
            "20_to_24_fps": 826,
            "25_to_30_fps": 947
        },
        "unacceptable": {
            "10_to_19_fps": 1,
            "5_to_9_fps": 0,
            "under_5_fps": 0
        }
    },
    "framework": "cpp_qt6",
    "hardware_mode": "cpu",
    "machine_id": "Mac",
    "timestamp": "2026-09-05T13:18:07Z",
    "ui_frames": 43589,
    "window_duration_seconds": 60
}

{
    "active_streams": 28,
    "decoded_frames": 41526,
    "fps_stream_seconds": {
        "acceptable": {
            "20_to_24_fps": 764,
            "25_to_30_fps": 892
        },
        "unacceptable": {
            "10_to_19_fps": 3,
            "5_to_9_fps": 0,
            "under_5_fps": 0
        }
    },
    "framework": "cpp_qt6",
    "hardware_mode": "cpu",
    "machine_id": "Mac",
    "timestamp": "2026-09-05T13:19:07Z",
    "ui_frames": 40713,
    "window_duration_seconds": 60
}

{
    "active_streams": 29,
    "decoded_frames": 44034,
    "fps_stream_seconds": {
        "acceptable": {
            "20_to_24_fps": 780,
            "25_to_30_fps": 978
        },
        "unacceptable": {
            "10_to_19_fps": 2,
            "5_to_9_fps": 0,
            "under_5_fps": 0
        }
    },
    "framework": "cpp_qt6",
    "hardware_mode": "cpu",
    "machine_id": "Mac",
    "timestamp": "2026-09-05T13:20:07Z",
    "ui_frames": 43246,
    "window_duration_seconds": 60
}

{
    "active_streams": 29,
    "decoded_frames": 43101,
    "fps_stream_seconds": {
        "acceptable": {
            "20_to_24_fps": 788,
            "25_to_30_fps": 931
        },
        "unacceptable": {
            "10_to_19_fps": 3,
            "5_to_9_fps": 0,
            "under_5_fps": 0
        }
    },
    "framework": "cpp_qt6",
    "hardware_mode": "cpu",
    "machine_id": "Mac",
    "timestamp": "2026-09-05T13:21:07Z",
    "ui_frames": 42292,
    "window_duration_seconds": 60
}

{
    "active_streams": 29,
    "decoded_frames": 44067,
    "fps_stream_seconds": {
        "acceptable": {
            "20_to_24_fps": 863,
            "25_to_30_fps": 898
        },
        "unacceptable": {
            "10_to_19_fps": 1,
            "5_to_9_fps": 0,
            "under_5_fps": 0
        }
    },
    "framework": "cpp_qt6",
    "hardware_mode": "cpu",
    "machine_id": "Mac",
    "timestamp": "2026-09-05T13:22:07Z",
    "ui_frames": 43169,
    "window_duration_seconds": 60
}

