{
  "timestamp": "2026-09-05T08:23:07Z",
  "machine_id": "Mac",
  "framework": "csharp_avalonia",
  "hardware_mode": "cpu",
  "window_duration_seconds": 60,
  "active_streams": 29,
  "ui_frames": 11015,
  "decoded_frames": 44316,
  "fps_stream_seconds": {
    "acceptable": {
      "25_to_30_fps": 0,
      "20_to_24_fps": 5
    },
    "unacceptable": {
      "10_to_19_fps": 0,
      "5_to_9_fps": 1655,
      "under_5_fps": 85
    }
  },
  "decode_fps_stream_seconds": {
    "acceptable": {
      "25_to_30_fps": 1642,
      "20_to_24_fps": 102
    },
    "unacceptable": {
      "10_to_19_fps": 1,
      "5_to_9_fps": 0,
      "under_5_fps": 0
    }
  },
  "avg_painted_fps": 6.31,
  "avg_decoded_fps": 25.4
}
{
  "timestamp": "2026-09-05T08:24:07Z",
  "machine_id": "Mac",
  "framework": "csharp_avalonia",
  "hardware_mode": "cpu",
  "window_duration_seconds": 60,
  "active_streams": 30,
  "ui_frames": 10980,
  "decoded_frames": 45059,
  "fps_stream_seconds": {
    "acceptable": {
      "25_to_30_fps": 0,
      "20_to_24_fps": 0
    },
    "unacceptable": {
      "10_to_19_fps": 0,
      "5_to_9_fps": 1800,
      "under_5_fps": 0
    }
  },
  "decode_fps_stream_seconds": {
    "acceptable": {
      "25_to_30_fps": 1562,
      "20_to_24_fps": 238
    },
    "unacceptable": {
      "10_to_19_fps": 0,
      "5_to_9_fps": 0,
      "under_5_fps": 0
    }
  },
  "avg_painted_fps": 6.1,
  "avg_decoded_fps": 25.03
}
{
  "timestamp": "2026-09-05T08:25:07Z",
  "machine_id": "Mac",
  "framework": "csharp_avalonia",
  "hardware_mode": "cpu",
  "window_duration_seconds": 60,
  "active_streams": 30,
  "ui_frames": 10530,
  "decoded_frames": 45060,
  "fps_stream_seconds": {
    "acceptable": {
      "25_to_30_fps": 0,
      "20_to_24_fps": 0
    },
    "unacceptable": {
      "10_to_19_fps": 0,
      "5_to_9_fps": 1800,
      "under_5_fps": 0
    }
  },
  "decode_fps_stream_seconds": {
    "acceptable": {
      "25_to_30_fps": 1658,
      "20_to_24_fps": 142
    },
    "unacceptable": {
      "10_to_19_fps": 0,
      "5_to_9_fps": 0,
      "under_5_fps": 0
    }
  },
  "avg_painted_fps": 5.85,
  "avg_decoded_fps": 25.03
}
{
  "timestamp": "2026-09-05T08:26:07Z",
  "machine_id": "Mac",
  "framework": "csharp_avalonia",
  "hardware_mode": "cpu",
  "window_duration_seconds": 60,
  "active_streams": 30,
  "ui_frames": 10260,
  "decoded_frames": 45060,
  "fps_stream_seconds": {
    "acceptable": {
      "25_to_30_fps": 0,
      "20_to_24_fps": 0
    },
    "unacceptable": {
      "10_to_19_fps": 0,
      "5_to_9_fps": 1800,
      "under_5_fps": 0
    }
  },
  "decode_fps_stream_seconds": {
    "acceptable": {
      "25_to_30_fps": 1655,
      "20_to_24_fps": 145
    },
    "unacceptable": {
      "10_to_19_fps": 0,
      "5_to_9_fps": 0,
      "under_5_fps": 0
    }
  },
  "avg_painted_fps": 5.7,
  "avg_decoded_fps": 25.03
}
{
  "timestamp": "2026-09-05T08:27:08Z",
  "machine_id": "Mac",
  "framework": "csharp_avalonia",
  "hardware_mode": "cpu",
  "window_duration_seconds": 60,
  "active_streams": 30,
  "ui_frames": 10140,
  "decoded_frames": 45061,
  "fps_stream_seconds": {
    "acceptable": {
      "25_to_30_fps": 0,
      "20_to_24_fps": 0
    },
    "unacceptable": {
      "10_to_19_fps": 0,
      "5_to_9_fps": 1800,
      "under_5_fps": 0
    }
  },
  "decode_fps_stream_seconds": {
    "acceptable": {
      "25_to_30_fps": 1635,
      "20_to_24_fps": 165
    },
    "unacceptable": {
      "10_to_19_fps": 0,
      "5_to_9_fps": 0,
      "under_5_fps": 0
    }
  },
  "avg_painted_fps": 5.63,
  "avg_decoded_fps": 25.03
}
{
  "timestamp": "2026-09-05T08:28:08Z",
  "machine_id": "Mac",
  "framework": "csharp_avalonia",
  "hardware_mode": "cpu",
  "window_duration_seconds": 60,
  "active_streams": 30,
  "ui_frames": 9570,
  "decoded_frames": 45099,
  "fps_stream_seconds": {
    "acceptable": {
      "25_to_30_fps": 0,
      "20_to_24_fps": 0
    },
    "unacceptable": {
      "10_to_19_fps": 0,
      "5_to_9_fps": 1740,
      "under_5_fps": 60
    }
  },
  "decode_fps_stream_seconds": {
    "acceptable": {
      "25_to_30_fps": 1686,
      "20_to_24_fps": 114
    },
    "unacceptable": {
      "10_to_19_fps": 0,
      "5_to_9_fps": 0,
      "under_5_fps": 0
    }
  },
  "avg_painted_fps": 5.32,
  "avg_decoded_fps": 25.06
}
{
  "timestamp": "2026-09-05T08:29:08Z",
  "machine_id": "Mac",
  "framework": "csharp_avalonia",
  "hardware_mode": "cpu",
  "window_duration_seconds": 60,
  "active_streams": 30,
  "ui_frames": 8670,
  "decoded_frames": 45050,
  "fps_stream_seconds": {
    "acceptable": {
      "25_to_30_fps": 0,
      "20_to_24_fps": 0
    },
    "unacceptable": {
      "10_to_19_fps": 0,
      "5_to_9_fps": 1440,
      "under_5_fps": 360
    }
  },
  "decode_fps_stream_seconds": {
    "acceptable": {
      "25_to_30_fps": 1560,
      "20_to_24_fps": 240
    },
    "unacceptable": {
      "10_to_19_fps": 0,
      "5_to_9_fps": 0,
      "under_5_fps": 0
    }
  },
  "avg_painted_fps": 4.82,
  "avg_decoded_fps": 25.03
}
{
  "timestamp": "2026-09-05T08:30:08Z",
  "machine_id": "Mac",
  "framework": "csharp_avalonia",
  "hardware_mode": "cpu",
  "window_duration_seconds": 60,
  "active_streams": 30,
  "ui_frames": 8400,
  "decoded_frames": 45060,
  "fps_stream_seconds": {
    "acceptable": {
      "25_to_30_fps": 0,
      "20_to_24_fps": 0
    },
    "unacceptable": {
      "10_to_19_fps": 0,
      "5_to_9_fps": 1200,
      "under_5_fps": 600
    }
  },
  "decode_fps_stream_seconds": {
    "acceptable": {
      "25_to_30_fps": 1646,
      "20_to_24_fps": 154
    },
    "unacceptable": {
      "10_to_19_fps": 0,
      "5_to_9_fps": 0,
      "under_5_fps": 0
    }
  },
  "avg_painted_fps": 4.67,
  "avg_decoded_fps": 25.03
}
{
  "timestamp": "2026-09-05T08:31:08Z",
  "machine_id": "Mac",
  "framework": "csharp_avalonia",
  "hardware_mode": "cpu",
  "window_duration_seconds": 60,
  "active_streams": 30,
  "ui_frames": 9390,
  "decoded_frames": 45060,
  "fps_stream_seconds": {
    "acceptable": {
      "25_to_30_fps": 0,
      "20_to_24_fps": 0
    },
    "unacceptable": {
      "10_to_19_fps": 0,
      "5_to_9_fps": 1800,
      "under_5_fps": 0
    }
  },
  "decode_fps_stream_seconds": {
    "acceptable": {
      "25_to_30_fps": 1600,
      "20_to_24_fps": 200
    },
    "unacceptable": {
      "10_to_19_fps": 0,
      "5_to_9_fps": 0,
      "under_5_fps": 0
    }
  },
  "avg_painted_fps": 5.22,
  "avg_decoded_fps": 25.03
}
{
  "timestamp": "2026-09-05T08:32:08Z",
  "machine_id": "Mac",
  "framework": "csharp_avalonia",
  "hardware_mode": "cpu",
  "window_duration_seconds": 60,
  "active_streams": 30,
  "ui_frames": 9600,
  "decoded_frames": 45030,
  "fps_stream_seconds": {
    "acceptable": {
      "25_to_30_fps": 0,
      "20_to_24_fps": 0
    },
    "unacceptable": {
      "10_to_19_fps": 0,
      "5_to_9_fps": 1800,
      "under_5_fps": 0
    }
  },
  "decode_fps_stream_seconds": {
    "acceptable": {
      "25_to_30_fps": 1700,
      "20_to_24_fps": 100
    },
    "unacceptable": {
      "10_to_19_fps": 0,
      "5_to_9_fps": 0,
      "under_5_fps": 0
    }
  },
  "avg_painted_fps": 5.33,
  "avg_decoded_fps": 25.02
}
{
  "timestamp": "2026-09-05T08:33:08Z",
  "machine_id": "Mac",
  "framework": "csharp_avalonia",
  "hardware_mode": "cpu",
  "window_duration_seconds": 60,
  "active_streams": 30,
  "ui_frames": 9540,
  "decoded_frames": 45060,
  "fps_stream_seconds": {
    "acceptable": {
      "25_to_30_fps": 0,
      "20_to_24_fps": 0
    },
    "unacceptable": {
      "10_to_19_fps": 0,
      "5_to_9_fps": 1800,
      "under_5_fps": 0
    }
  },
  "decode_fps_stream_seconds": {
    "acceptable": {
      "25_to_30_fps": 1674,
      "20_to_24_fps": 126
    },
    "unacceptable": {
      "10_to_19_fps": 0,
      "5_to_9_fps": 0,
      "under_5_fps": 0
    }
  },
  "avg_painted_fps": 5.3,
  "avg_decoded_fps": 25.03
}
{
  "timestamp": "2026-09-05T08:34:08Z",
  "machine_id": "Mac",
  "framework": "csharp_avalonia",
  "hardware_mode": "cpu",
  "window_duration_seconds": 60,
  "active_streams": 30,
  "ui_frames": 9630,
  "decoded_frames": 45075,
  "fps_stream_seconds": {
    "acceptable": {
      "25_to_30_fps": 0,
      "20_to_24_fps": 0
    },
    "unacceptable": {
      "10_to_19_fps": 0,
      "5_to_9_fps": 1800,
      "under_5_fps": 0
    }
  },
  "decode_fps_stream_seconds": {
    "acceptable": {
      "25_to_30_fps": 1708,
      "20_to_24_fps": 92
    },
    "unacceptable": {
      "10_to_19_fps": 0,
      "5_to_9_fps": 0,
      "under_5_fps": 0
    }
  },
  "avg_painted_fps": 5.35,
  "avg_decoded_fps": 25.04
}
{
  "timestamp": "2026-09-05T08:35:08Z",
  "machine_id": "Mac",
  "framework": "csharp_avalonia",
  "hardware_mode": "cpu",
  "window_duration_seconds": 60,
  "active_streams": 30,
  "ui_frames": 9510,
  "decoded_frames": 45041,
  "fps_stream_seconds": {
    "acceptable": {
      "25_to_30_fps": 0,
      "20_to_24_fps": 0
    },
    "unacceptable": {
      "10_to_19_fps": 0,
      "5_to_9_fps": 1800,
      "under_5_fps": 0
    }
  },
  "decode_fps_stream_seconds": {
    "acceptable": {
      "25_to_30_fps": 1658,
      "20_to_24_fps": 142
    },
    "unacceptable": {
      "10_to_19_fps": 0,
      "5_to_9_fps": 0,
      "under_5_fps": 0
    }
  },
  "avg_painted_fps": 5.28,
  "avg_decoded_fps": 25.02
}
{
  "timestamp": "2026-09-05T08:36:08Z",
  "machine_id": "Mac",
  "framework": "csharp_avalonia",
  "hardware_mode": "cpu",
  "window_duration_seconds": 60,
  "active_streams": 30,
  "ui_frames": 9630,
  "decoded_frames": 45060,
  "fps_stream_seconds": {
    "acceptable": {
      "25_to_30_fps": 0,
      "20_to_24_fps": 0
    },
    "unacceptable": {
      "10_to_19_fps": 0,
      "5_to_9_fps": 1800,
      "under_5_fps": 0
    }
  },
  "decode_fps_stream_seconds": {
    "acceptable": {
      "25_to_30_fps": 1596,
      "20_to_24_fps": 204
    },
    "unacceptable": {
      "10_to_19_fps": 0,
      "5_to_9_fps": 0,
      "under_5_fps": 0
    }
  },
  "avg_painted_fps": 5.35,
  "avg_decoded_fps": 25.03
}
{
  "timestamp": "2026-09-05T08:37:08Z",
  "machine_id": "Mac",
  "framework": "csharp_avalonia",
  "hardware_mode": "cpu",
  "window_duration_seconds": 60,
  "active_streams": 30,
  "ui_frames": 9600,
  "decoded_frames": 45022,
  "fps_stream_seconds": {
    "acceptable": {
      "25_to_30_fps": 0,
      "20_to_24_fps": 0
    },
    "unacceptable": {
      "10_to_19_fps": 0,
      "5_to_9_fps": 1770,
      "under_5_fps": 30
    }
  },
  "decode_fps_stream_seconds": {
    "acceptable": {
      "25_to_30_fps": 1586,
      "20_to_24_fps": 214
    },
    "unacceptable": {
      "10_to_19_fps": 0,
      "5_to_9_fps": 0,
      "under_5_fps": 0
    }
  },
  "avg_painted_fps": 5.33,
  "avg_decoded_fps": 25.01
}
{
  "timestamp": "2026-09-05T08:38:08Z",
  "machine_id": "Mac",
  "framework": "csharp_avalonia",
  "hardware_mode": "cpu",
  "window_duration_seconds": 60,
  "active_streams": 30,
  "ui_frames": 9660,
  "decoded_frames": 45045,
  "fps_stream_seconds": {
    "acceptable": {
      "25_to_30_fps": 0,
      "20_to_24_fps": 0
    },
    "unacceptable": {
      "10_to_19_fps": 0,
      "5_to_9_fps": 1770,
      "under_5_fps": 30
    }
  },
  "decode_fps_stream_seconds": {
    "acceptable": {
      "25_to_30_fps": 1614,
      "20_to_24_fps": 186
    },
    "unacceptable": {
      "10_to_19_fps": 0,
      "5_to_9_fps": 0,
      "under_5_fps": 0
    }
  },
  "avg_painted_fps": 5.37,
  "avg_decoded_fps": 25.02
}
{
  "timestamp": "2026-09-05T08:39:08Z",
  "machine_id": "Mac",
  "framework": "csharp_avalonia",
  "hardware_mode": "cpu",
  "window_duration_seconds": 60,
  "active_streams": 30,
  "ui_frames": 9690,
  "decoded_frames": 45057,
  "fps_stream_seconds": {
    "acceptable": {
      "25_to_30_fps": 0,
      "20_to_24_fps": 0
    },
    "unacceptable": {
      "10_to_19_fps": 0,
      "5_to_9_fps": 1800,
      "under_5_fps": 0
    }
  },
  "decode_fps_stream_seconds": {
    "acceptable": {
      "25_to_30_fps": 1653,
      "20_to_24_fps": 147
    },
    "unacceptable": {
      "10_to_19_fps": 0,
      "5_to_9_fps": 0,
      "under_5_fps": 0
    }
  },
  "avg_painted_fps": 5.38,
  "avg_decoded_fps": 25.03
}
{
  "timestamp": "2026-09-05T08:40:08Z",
  "machine_id": "Mac",
  "framework": "csharp_avalonia",
  "hardware_mode": "cpu",
  "window_duration_seconds": 60,
  "active_streams": 30,
  "ui_frames": 9390,
  "decoded_frames": 45058,
  "fps_stream_seconds": {
    "acceptable": {
      "25_to_30_fps": 0,
      "20_to_24_fps": 0
    },
    "unacceptable": {
      "10_to_19_fps": 0,
      "5_to_9_fps": 1770,
      "under_5_fps": 30
    }
  },
  "decode_fps_stream_seconds": {
    "acceptable": {
      "25_to_30_fps": 1599,
      "20_to_24_fps": 201
    },
    "unacceptable": {
      "10_to_19_fps": 0,
      "5_to_9_fps": 0,
      "under_5_fps": 0
    }
  },
  "avg_painted_fps": 5.22,
  "avg_decoded_fps": 25.03
}
{
  "timestamp": "2026-09-05T08:41:08Z",
  "machine_id": "Mac",
  "framework": "csharp_avalonia",
  "hardware_mode": "cpu",
  "window_duration_seconds": 60,
  "active_streams": 30,
  "ui_frames": 9150,
  "decoded_frames": 45032,
  "fps_stream_seconds": {
    "acceptable": {
      "25_to_30_fps": 0,
      "20_to_24_fps": 0
    },
    "unacceptable": {
      "10_to_19_fps": 0,
      "5_to_9_fps": 1800,
      "under_5_fps": 0
    }
  },
  "decode_fps_stream_seconds": {
    "acceptable": {
      "25_to_30_fps": 1676,
      "20_to_24_fps": 124
    },
    "unacceptable": {
      "10_to_19_fps": 0,
      "5_to_9_fps": 0,
      "under_5_fps": 0
    }
  },
  "avg_painted_fps": 5.08,
  "avg_decoded_fps": 25.02
}
{
  "timestamp": "2026-09-05T08:42:08Z",
  "machine_id": "Mac",
  "framework": "csharp_avalonia",
  "hardware_mode": "cpu",
  "window_duration_seconds": 60,
  "active_streams": 30,
  "ui_frames": 9270,
  "decoded_frames": 45060,
  "fps_stream_seconds": {
    "acceptable": {
      "25_to_30_fps": 0,
      "20_to_24_fps": 0
    },
    "unacceptable": {
      "10_to_19_fps": 0,
      "5_to_9_fps": 1740,
      "under_5_fps": 60
    }
  },
  "decode_fps_stream_seconds": {
    "acceptable": {
      "25_to_30_fps": 1664,
      "20_to_24_fps": 136
    },
    "unacceptable": {
      "10_to_19_fps": 0,
      "5_to_9_fps": 0,
      "under_5_fps": 0
    }
  },
  "avg_painted_fps": 5.15,
  "avg_decoded_fps": 25.03
}
{
  "timestamp": "2026-09-05T08:43:09Z",
  "machine_id": "Mac",
  "framework": "csharp_avalonia",
  "hardware_mode": "cpu",
  "window_duration_seconds": 60,
  "active_streams": 30,
  "ui_frames": 9420,
  "decoded_frames": 45030,
  "fps_stream_seconds": {
    "acceptable": {
      "25_to_30_fps": 0,
      "20_to_24_fps": 0
    },
    "unacceptable": {
      "10_to_19_fps": 0,
      "5_to_9_fps": 1770,
      "under_5_fps": 30
    }
  },
  "decode_fps_stream_seconds": {
    "acceptable": {
      "25_to_30_fps": 1679,
      "20_to_24_fps": 121
    },
    "unacceptable": {
      "10_to_19_fps": 0,
      "5_to_9_fps": 0,
      "under_5_fps": 0
    }
  },
  "avg_painted_fps": 5.23,
  "avg_decoded_fps": 25.02
}
{
  "timestamp": "2026-09-05T08:44:09Z",
  "machine_id": "Mac",
  "framework": "csharp_avalonia",
  "hardware_mode": "cpu",
  "window_duration_seconds": 60,
  "active_streams": 30,
  "ui_frames": 9600,
  "decoded_frames": 45055,
  "fps_stream_seconds": {
    "acceptable": {
      "25_to_30_fps": 0,
      "20_to_24_fps": 0
    },
    "unacceptable": {
      "10_to_19_fps": 0,
      "5_to_9_fps": 1770,
      "under_5_fps": 30
    }
  },
  "decode_fps_stream_seconds": {
    "acceptable": {
      "25_to_30_fps": 1608,
      "20_to_24_fps": 192
    },
    "unacceptable": {
      "10_to_19_fps": 0,
      "5_to_9_fps": 0,
      "under_5_fps": 0
    }
  },
  "avg_painted_fps": 5.33,
  "avg_decoded_fps": 25.03
}
{
  "timestamp": "2026-09-05T08:45:09Z",
  "machine_id": "Mac",
  "framework": "csharp_avalonia",
  "hardware_mode": "cpu",
  "window_duration_seconds": 60,
  "active_streams": 30,
  "ui_frames": 9660,
  "decoded_frames": 45036,
  "fps_stream_seconds": {
    "acceptable": {
      "25_to_30_fps": 0,
      "20_to_24_fps": 0
    },
    "unacceptable": {
      "10_to_19_fps": 0,
      "5_to_9_fps": 1800,
      "under_5_fps": 0
    }
  },
  "decode_fps_stream_seconds": {
    "acceptable": {
      "25_to_30_fps": 1734,
      "20_to_24_fps": 66
    },
    "unacceptable": {
      "10_to_19_fps": 0,
      "5_to_9_fps": 0,
      "under_5_fps": 0
    }
  },
  "avg_painted_fps": 5.37,
  "avg_decoded_fps": 25.02
}
{
  "timestamp": "2026-09-05T08:46:09Z",
  "machine_id": "Mac",
  "framework": "csharp_avalonia",
  "hardware_mode": "cpu",
  "window_duration_seconds": 60,
  "active_streams": 30,
  "ui_frames": 9390,
  "decoded_frames": 45059,
  "fps_stream_seconds": {
    "acceptable": {
      "25_to_30_fps": 0,
      "20_to_24_fps": 0
    },
    "unacceptable": {
      "10_to_19_fps": 0,
      "5_to_9_fps": 1770,
      "under_5_fps": 30
    }
  },
  "decode_fps_stream_seconds": {
    "acceptable": {
      "25_to_30_fps": 1692,
      "20_to_24_fps": 108
    },
    "unacceptable": {
      "10_to_19_fps": 0,
      "5_to_9_fps": 0,
      "under_5_fps": 0
    }
  },
  "avg_painted_fps": 5.22,
  "avg_decoded_fps": 25.03
}
{
  "timestamp": "2026-09-05T08:47:09Z",
  "machine_id": "Mac",
  "framework": "csharp_avalonia",
  "hardware_mode": "cpu",
  "window_duration_seconds": 60,
  "active_streams": 30,
  "ui_frames": 9270,
  "decoded_frames": 45046,
  "fps_stream_seconds": {
    "acceptable": {
      "25_to_30_fps": 0,
      "20_to_24_fps": 0
    },
    "unacceptable": {
      "10_to_19_fps": 0,
      "5_to_9_fps": 1710,
      "under_5_fps": 90
    }
  },
  "decode_fps_stream_seconds": {
    "acceptable": {
      "25_to_30_fps": 1587,
      "20_to_24_fps": 213
    },
    "unacceptable": {
      "10_to_19_fps": 0,
      "5_to_9_fps": 0,
      "under_5_fps": 0
    }
  },
  "avg_painted_fps": 5.15,
  "avg_decoded_fps": 25.03
}
{
  "timestamp": "2026-09-05T08:48:09Z",
  "machine_id": "Mac",
  "framework": "csharp_avalonia",
  "hardware_mode": "cpu",
  "window_duration_seconds": 60,
  "active_streams": 30,
  "ui_frames": 9330,
  "decoded_frames": 45044,
  "fps_stream_seconds": {
    "acceptable": {
      "25_to_30_fps": 0,
      "20_to_24_fps": 0
    },
    "unacceptable": {
      "10_to_19_fps": 0,
      "5_to_9_fps": 1740,
      "under_5_fps": 60
    }
  },
  "decode_fps_stream_seconds": {
    "acceptable": {
      "25_to_30_fps": 1654,
      "20_to_24_fps": 146
    },
    "unacceptable": {
      "10_to_19_fps": 0,
      "5_to_9_fps": 0,
      "under_5_fps": 0
    }
  },
  "avg_painted_fps": 5.18,
  "avg_decoded_fps": 25.02
}
{
  "timestamp": "2026-09-05T08:49:09Z",
  "machine_id": "Mac",
  "framework": "csharp_avalonia",
  "hardware_mode": "cpu",
  "window_duration_seconds": 60,
  "active_streams": 30,
  "ui_frames": 9270,
  "decoded_frames": 45053,
  "fps_stream_seconds": {
    "acceptable": {
      "25_to_30_fps": 0,
      "20_to_24_fps": 0
    },
    "unacceptable": {
      "10_to_19_fps": 0,
      "5_to_9_fps": 1770,
      "under_5_fps": 30
    }
  },
  "decode_fps_stream_seconds": {
    "acceptable": {
      "25_to_30_fps": 1639,
      "20_to_24_fps": 161
    },
    "unacceptable": {
      "10_to_19_fps": 0,
      "5_to_9_fps": 0,
      "under_5_fps": 0
    }
  },
  "avg_painted_fps": 5.15,
  "avg_decoded_fps": 25.03
}
{
  "timestamp": "2026-09-05T08:50:09Z",
  "machine_id": "Mac",
  "framework": "csharp_avalonia",
  "hardware_mode": "cpu",
  "window_duration_seconds": 60,
  "active_streams": 30,
  "ui_frames": 9120,
  "decoded_frames": 45037,
  "fps_stream_seconds": {
    "acceptable": {
      "25_to_30_fps": 0,
      "20_to_24_fps": 0
    },
    "unacceptable": {
      "10_to_19_fps": 0,
      "5_to_9_fps": 1800,
      "under_5_fps": 0
    }
  },
  "decode_fps_stream_seconds": {
    "acceptable": {
      "25_to_30_fps": 1668,
      "20_to_24_fps": 132
    },
    "unacceptable": {
      "10_to_19_fps": 0,
      "5_to_9_fps": 0,
      "under_5_fps": 0
    }
  },
  "avg_painted_fps": 5.07,
  "avg_decoded_fps": 25.02
}
{
  "timestamp": "2026-09-05T08:51:09Z",
  "machine_id": "Mac",
  "framework": "csharp_avalonia",
  "hardware_mode": "cpu",
  "window_duration_seconds": 60,
  "active_streams": 30,
  "ui_frames": 9180,
  "decoded_frames": 45054,
  "fps_stream_seconds": {
    "acceptable": {
      "25_to_30_fps": 0,
      "20_to_24_fps": 0
    },
    "unacceptable": {
      "10_to_19_fps": 0,
      "5_to_9_fps": 1740,
      "under_5_fps": 60
    }
  },
  "decode_fps_stream_seconds": {
    "acceptable": {
      "25_to_30_fps": 1649,
      "20_to_24_fps": 151
    },
    "unacceptable": {
      "10_to_19_fps": 0,
      "5_to_9_fps": 0,
      "under_5_fps": 0
    }
  },
  "avg_painted_fps": 5.1,
  "avg_decoded_fps": 25.03
}
{
  "timestamp": "2026-09-05T08:52:09Z",
  "machine_id": "Mac",
  "framework": "csharp_avalonia",
  "hardware_mode": "cpu",
  "window_duration_seconds": 60,
  "active_streams": 30,
  "ui_frames": 9217,
  "decoded_frames": 44942,
  "fps_stream_seconds": {
    "acceptable": {
      "25_to_30_fps": 0,
      "20_to_24_fps": 0
    },
    "unacceptable": {
      "10_to_19_fps": 0,
      "5_to_9_fps": 1676,
      "under_5_fps": 120
    }
  },
  "decode_fps_stream_seconds": {
    "acceptable": {
      "25_to_30_fps": 1657,
      "20_to_24_fps": 139
    },
    "unacceptable": {
      "10_to_19_fps": 0,
      "5_to_9_fps": 0,
      "under_5_fps": 0
    }
  },
  "avg_painted_fps": 5.13,
  "avg_decoded_fps": 25.02
}
{
  "timestamp": "2026-09-05T08:53:09Z",
  "machine_id": "Mac",
  "framework": "csharp_avalonia",
  "hardware_mode": "cpu",
  "window_duration_seconds": 60,
  "active_streams": 30,
  "ui_frames": 9102,
  "decoded_frames": 44444,
  "fps_stream_seconds": {
    "acceptable": {
      "25_to_30_fps": 0,
      "20_to_24_fps": 0
    },
    "unacceptable": {
      "10_to_19_fps": 0,
      "5_to_9_fps": 1595,
      "under_5_fps": 180
    }
  },
  "decode_fps_stream_seconds": {
    "acceptable": {
      "25_to_30_fps": 1592,
      "20_to_24_fps": 183
    },
    "unacceptable": {
      "10_to_19_fps": 0,
      "5_to_9_fps": 0,
      "under_5_fps": 0
    }
  },
  "avg_painted_fps": 5.13,
  "avg_decoded_fps": 25.04
}
{
  "timestamp": "2026-09-05T08:54:09Z",
  "machine_id": "Mac",
  "framework": "csharp_avalonia",
  "hardware_mode": "cpu",
  "window_duration_seconds": 60,
  "active_streams": 28,
  "ui_frames": 9916,
  "decoded_frames": 42680,
  "fps_stream_seconds": {
    "acceptable": {
      "25_to_30_fps": 0,
      "20_to_24_fps": 0
    },
    "unacceptable": {
      "10_to_19_fps": 0,
      "5_to_9_fps": 1639,
      "under_5_fps": 63
    }
  },
  "decode_fps_stream_seconds": {
    "acceptable": {
      "25_to_30_fps": 1596,
      "20_to_24_fps": 106
    },
    "unacceptable": {
      "10_to_19_fps": 0,
      "5_to_9_fps": 0,
      "under_5_fps": 0
    }
  },
  "avg_painted_fps": 5.83,
  "avg_decoded_fps": 25.08
}
{
  "timestamp": "2026-09-05T08:55:09Z",
  "machine_id": "Mac",
  "framework": "csharp_avalonia",
  "hardware_mode": "cpu",
  "window_duration_seconds": 60,
  "active_streams": 29,
  "ui_frames": 9484,
  "decoded_frames": 44018,
  "fps_stream_seconds": {
    "acceptable": {
      "25_to_30_fps": 0,
      "20_to_24_fps": 0
    },
    "unacceptable": {
      "10_to_19_fps": 0,
      "5_to_9_fps": 1638,
      "under_5_fps": 121
    }
  },
  "decode_fps_stream_seconds": {
    "acceptable": {
      "25_to_30_fps": 1655,
      "20_to_24_fps": 103
    },
    "unacceptable": {
      "10_to_19_fps": 0,
      "5_to_9_fps": 0,
      "under_5_fps": 1
    }
  },
  "avg_painted_fps": 5.39,
  "avg_decoded_fps": 25.02
}
{
  "timestamp": "2026-09-05T08:56:09Z",
  "machine_id": "Mac",
  "framework": "csharp_avalonia",
  "hardware_mode": "cpu",
  "window_duration_seconds": 60,
  "active_streams": 28,
  "ui_frames": 9704,
  "decoded_frames": 42522,
  "fps_stream_seconds": {
    "acceptable": {
      "25_to_30_fps": 0,
      "20_to_24_fps": 0
    },
    "unacceptable": {
      "10_to_19_fps": 0,
      "5_to_9_fps": 1515,
      "under_5_fps": 183
    }
  },
  "decode_fps_stream_seconds": {
    "acceptable": {
      "25_to_30_fps": 1619,
      "20_to_24_fps": 76
    },
    "unacceptable": {
      "10_to_19_fps": 0,
      "5_to_9_fps": 3,
      "under_5_fps": 0
    }
  },
  "avg_painted_fps": 5.71,
  "avg_decoded_fps": 25.04
}
{
  "timestamp": "2026-09-05T08:57:09Z",
  "machine_id": "Mac",
  "framework": "csharp_avalonia",
  "hardware_mode": "cpu",
  "window_duration_seconds": 60,
  "active_streams": 30,
  "ui_frames": 8981,
  "decoded_frames": 44455,
  "fps_stream_seconds": {
    "acceptable": {
      "25_to_30_fps": 0,
      "20_to_24_fps": 0
    },
    "unacceptable": {
      "10_to_19_fps": 0,
      "5_to_9_fps": 1624,
      "under_5_fps": 151
    }
  },
  "decode_fps_stream_seconds": {
    "acceptable": {
      "25_to_30_fps": 1596,
      "20_to_24_fps": 179
    },
    "unacceptable": {
      "10_to_19_fps": 0,
      "5_to_9_fps": 0,
      "under_5_fps": 0
    }
  },
  "avg_painted_fps": 5.06,
  "avg_decoded_fps": 25.05
}
{
  "timestamp": "2026-09-05T08:58:09Z",
  "machine_id": "Mac",
  "framework": "csharp_avalonia",
  "hardware_mode": "cpu",
  "window_duration_seconds": 60,
  "active_streams": 28,
  "ui_frames": 10017,
  "decoded_frames": 41607,
  "fps_stream_seconds": {
    "acceptable": {
      "25_to_30_fps": 0,
      "20_to_24_fps": 0
    },
    "unacceptable": {
      "10_to_19_fps": 0,
      "5_to_9_fps": 1569,
      "under_5_fps": 93
    }
  },
  "decode_fps_stream_seconds": {
    "acceptable": {
      "25_to_30_fps": 1487,
      "20_to_24_fps": 175
    },
    "unacceptable": {
      "10_to_19_fps": 0,
      "5_to_9_fps": 0,
      "under_5_fps": 0
    }
  },
  "avg_painted_fps": 6.03,
  "avg_decoded_fps": 25.03
}
{
  "timestamp": "2026-09-05T08:59:10Z",
  "machine_id": "Mac",
  "framework": "csharp_avalonia",
  "hardware_mode": "cpu",
  "window_duration_seconds": 60,
  "active_streams": 29,
  "ui_frames": 9124,
  "decoded_frames": 44111,
  "fps_stream_seconds": {
    "acceptable": {
      "25_to_30_fps": 0,
      "20_to_24_fps": 0
    },
    "unacceptable": {
      "10_to_19_fps": 0,
      "5_to_9_fps": 1550,
      "under_5_fps": 212
    }
  },
  "decode_fps_stream_seconds": {
    "acceptable": {
      "25_to_30_fps": 1687,
      "20_to_24_fps": 75
    },
    "unacceptable": {
      "10_to_19_fps": 0,
      "5_to_9_fps": 0,
      "under_5_fps": 0
    }
  },
  "avg_painted_fps": 5.18,
  "avg_decoded_fps": 25.03
}
{
  "timestamp": "2026-09-05T09:00:10Z",
  "machine_id": "Mac",
  "framework": "csharp_avalonia",
  "hardware_mode": "cpu",
  "window_duration_seconds": 60,
  "active_streams": 29,
  "ui_frames": 9519,
  "decoded_frames": 43214,
  "fps_stream_seconds": {
    "acceptable": {
      "25_to_30_fps": 0,
      "20_to_24_fps": 0
    },
    "unacceptable": {
      "10_to_19_fps": 0,
      "5_to_9_fps": 1602,
      "under_5_fps": 123
    }
  },
  "decode_fps_stream_seconds": {
    "acceptable": {
      "25_to_30_fps": 1598,
      "20_to_24_fps": 127
    },
    "unacceptable": {
      "10_to_19_fps": 0,
      "5_to_9_fps": 0,
      "under_5_fps": 0
    }
  },
  "avg_painted_fps": 5.52,
  "avg_decoded_fps": 25.05
}
{
  "timestamp": "2026-09-05T09:01:10Z",
  "machine_id": "Mac",
  "framework": "csharp_avalonia",
  "hardware_mode": "cpu",
  "window_duration_seconds": 60,
  "active_streams": 29,
  "ui_frames": 9508,
  "decoded_frames": 44121,
  "fps_stream_seconds": {
    "acceptable": {
      "25_to_30_fps": 0,
      "20_to_24_fps": 0
    },
    "unacceptable": {
      "10_to_19_fps": 0,
      "5_to_9_fps": 1672,
      "under_5_fps": 91
    }
  },
  "decode_fps_stream_seconds": {
    "acceptable": {
      "25_to_30_fps": 1686,
      "20_to_24_fps": 77
    },
    "unacceptable": {
      "10_to_19_fps": 0,
      "5_to_9_fps": 0,
      "under_5_fps": 0
    }
  },
  "avg_painted_fps": 5.39,
  "avg_decoded_fps": 25.03
}
{
  "timestamp": "2026-09-05T09:02:10Z",
  "machine_id": "Mac",
  "framework": "csharp_avalonia",
  "hardware_mode": "cpu",
  "window_duration_seconds": 60,
  "active_streams": 30,
  "ui_frames": 8940,
  "decoded_frames": 44780,
  "fps_stream_seconds": {
    "acceptable": {
      "25_to_30_fps": 0,
      "20_to_24_fps": 0
    },
    "unacceptable": {
      "10_to_19_fps": 0,
      "5_to_9_fps": 1610,
      "under_5_fps": 180
    }
  },
  "decode_fps_stream_seconds": {
    "acceptable": {
      "25_to_30_fps": 1560,
      "20_to_24_fps": 230
    },
    "unacceptable": {
      "10_to_19_fps": 0,
      "5_to_9_fps": 0,
      "under_5_fps": 0
    }
  },
  "avg_painted_fps": 4.99,
  "avg_decoded_fps": 25.02
}
{
  "timestamp": "2026-09-05T09:03:10Z",
  "machine_id": "Mac",
  "framework": "csharp_avalonia",
  "hardware_mode": "cpu",
  "window_duration_seconds": 60,
  "active_streams": 29,
  "ui_frames": 9352,
  "decoded_frames": 43662,
  "fps_stream_seconds": {
    "acceptable": {
      "25_to_30_fps": 0,
      "20_to_24_fps": 0
    },
    "unacceptable": {
      "10_to_19_fps": 0,
      "5_to_9_fps": 1591,
      "under_5_fps": 152
    }
  },
  "decode_fps_stream_seconds": {
    "acceptable": {
      "25_to_30_fps": 1617,
      "20_to_24_fps": 126
    },
    "unacceptable": {
      "10_to_19_fps": 0,
      "5_to_9_fps": 0,
      "under_5_fps": 0
    }
  },
  "avg_painted_fps": 5.37,
  "avg_decoded_fps": 25.05
}
{
  "timestamp": "2026-09-05T09:04:10Z",
  "machine_id": "Mac",
  "framework": "csharp_avalonia",
  "hardware_mode": "cpu",
  "window_duration_seconds": 60,
  "active_streams": 30,
  "ui_frames": 8960,
  "decoded_frames": 44327,
  "fps_stream_seconds": {
    "acceptable": {
      "25_to_30_fps": 0,
      "20_to_24_fps": 0
    },
    "unacceptable": {
      "10_to_19_fps": 0,
      "5_to_9_fps": 1500,
      "under_5_fps": 271
    }
  },
  "decode_fps_stream_seconds": {
    "acceptable": {
      "25_to_30_fps": 1601,
      "20_to_24_fps": 170
    },
    "unacceptable": {
      "10_to_19_fps": 0,
      "5_to_9_fps": 0,
      "under_5_fps": 0
    }
  },
  "avg_painted_fps": 5.06,
  "avg_decoded_fps": 25.03
}
{
  "timestamp": "2026-09-05T09:05:10Z",
  "machine_id": "Mac",
  "framework": "csharp_avalonia",
  "hardware_mode": "cpu",
  "window_duration_seconds": 60,
  "active_streams": 28,
  "ui_frames": 9603,
  "decoded_frames": 42327,
  "fps_stream_seconds": {
    "acceptable": {
      "25_to_30_fps": 0,
      "20_to_24_fps": 0
    },
    "unacceptable": {
      "10_to_19_fps": 0,
      "5_to_9_fps": 1446,
      "under_5_fps": 243
    }
  },
  "decode_fps_stream_seconds": {
    "acceptable": {
      "25_to_30_fps": 1494,
      "20_to_24_fps": 195
    },
    "unacceptable": {
      "10_to_19_fps": 0,
      "5_to_9_fps": 0,
      "under_5_fps": 0
    }
  },
  "avg_painted_fps": 5.69,
  "avg_decoded_fps": 25.06
}
{
  "timestamp": "2026-09-05T09:06:10Z",
  "machine_id": "Mac",
  "framework": "csharp_avalonia",
  "hardware_mode": "cpu",
  "window_duration_seconds": 60,
  "active_streams": 30,
  "ui_frames": 8604,
  "decoded_frames": 44894,
  "fps_stream_seconds": {
    "acceptable": {
      "25_to_30_fps": 0,
      "20_to_24_fps": 0
    },
    "unacceptable": {
      "10_to_19_fps": 0,
      "5_to_9_fps": 1314,
      "under_5_fps": 480
    }
  },
  "decode_fps_stream_seconds": {
    "acceptable": {
      "25_to_30_fps": 1692,
      "20_to_24_fps": 102
    },
    "unacceptable": {
      "10_to_19_fps": 0,
      "5_to_9_fps": 0,
      "under_5_fps": 0
    }
  },
  "avg_painted_fps": 4.8,
  "avg_decoded_fps": 25.02
}
{
  "timestamp": "2026-09-05T09:07:10Z",
  "machine_id": "Mac",
  "framework": "csharp_avalonia",
  "hardware_mode": "cpu",
  "window_duration_seconds": 60,
  "active_streams": 29,
  "ui_frames": 9512,
  "decoded_frames": 43095,
  "fps_stream_seconds": {
    "acceptable": {
      "25_to_30_fps": 0,
      "20_to_24_fps": 0
    },
    "unacceptable": {
      "10_to_19_fps": 0,
      "5_to_9_fps": 1598,
      "under_5_fps": 122
    }
  },
  "decode_fps_stream_seconds": {
    "acceptable": {
      "25_to_30_fps": 1607,
      "20_to_24_fps": 113
    },
    "unacceptable": {
      "10_to_19_fps": 0,
      "5_to_9_fps": 0,
      "under_5_fps": 0
    }
  },
  "avg_painted_fps": 5.53,
  "avg_decoded_fps": 25.06
}
{
  "timestamp": "2026-09-05T09:08:10Z",
  "machine_id": "Mac",
  "framework": "csharp_avalonia",
  "hardware_mode": "cpu",
  "window_duration_seconds": 60,
  "active_streams": 29,
  "ui_frames": 9420,
  "decoded_frames": 42955,
  "fps_stream_seconds": {
    "acceptable": {
      "25_to_30_fps": 0,
      "20_to_24_fps": 0
    },
    "unacceptable": {
      "10_to_19_fps": 0,
      "5_to_9_fps": 1476,
      "under_5_fps": 240
    }
  },
  "decode_fps_stream_seconds": {
    "acceptable": {
      "25_to_30_fps": 1531,
      "20_to_24_fps": 185
    },
    "unacceptable": {
      "10_to_19_fps": 0,
      "5_to_9_fps": 0,
      "under_5_fps": 0
    }
  },
  "avg_painted_fps": 5.49,
  "avg_decoded_fps": 25.03
}
{
  "timestamp": "2026-09-05T09:09:10Z",
  "machine_id": "Mac",
  "framework": "csharp_avalonia",
  "hardware_mode": "cpu",
  "window_duration_seconds": 60,
  "active_streams": 30,
  "ui_frames": 8574,
  "decoded_frames": 44412,
  "fps_stream_seconds": {
    "acceptable": {
      "25_to_30_fps": 0,
      "20_to_24_fps": 0
    },
    "unacceptable": {
      "10_to_19_fps": 0,
      "5_to_9_fps": 1197,
      "under_5_fps": 573
    }
  },
  "decode_fps_stream_seconds": {
    "acceptable": {
      "25_to_30_fps": 1549,
      "20_to_24_fps": 221
    },
    "unacceptable": {
      "10_to_19_fps": 0,
      "5_to_9_fps": 0,
      "under_5_fps": 0
    }
  },
  "avg_painted_fps": 4.84,
  "avg_decoded_fps": 25.09
}
{
  "timestamp": "2026-09-05T09:10:10Z",
  "machine_id": "Mac",
  "framework": "csharp_avalonia",
  "hardware_mode": "cpu",
  "window_duration_seconds": 60,
  "active_streams": 30,
  "ui_frames": 8872,
  "decoded_frames": 44338,
  "fps_stream_seconds": {
    "acceptable": {
      "25_to_30_fps": 0,
      "20_to_24_fps": 0
    },
    "unacceptable": {
      "10_to_19_fps": 0,
      "5_to_9_fps": 1470,
      "under_5_fps": 301
    }
  },
  "decode_fps_stream_seconds": {
    "acceptable": {
      "25_to_30_fps": 1641,
      "20_to_24_fps": 129
    },
    "unacceptable": {
      "10_to_19_fps": 0,
      "5_to_9_fps": 0,
      "under_5_fps": 1
    }
  },
  "avg_painted_fps": 5.01,
  "avg_decoded_fps": 25.04
}
{
  "timestamp": "2026-09-05T09:11:10Z",
  "machine_id": "Mac",
  "framework": "csharp_avalonia",
  "hardware_mode": "cpu",
  "window_duration_seconds": 60,
  "active_streams": 29,
  "ui_frames": 8914,
  "decoded_frames": 44113,
  "fps_stream_seconds": {
    "acceptable": {
      "25_to_30_fps": 0,
      "20_to_24_fps": 0
    },
    "unacceptable": {
      "10_to_19_fps": 0,
      "5_to_9_fps": 1551,
      "under_5_fps": 210
    }
  },
  "decode_fps_stream_seconds": {
    "acceptable": {
      "25_to_30_fps": 1571,
      "20_to_24_fps": 190
    },
    "unacceptable": {
      "10_to_19_fps": 0,
      "5_to_9_fps": 0,
      "under_5_fps": 0
    }
  },
  "avg_painted_fps": 5.06,
  "avg_decoded_fps": 25.05
}
{
  "timestamp": "2026-09-05T09:12:10Z",
  "machine_id": "Mac",
  "framework": "csharp_avalonia",
  "hardware_mode": "cpu",
  "window_duration_seconds": 60,
  "active_streams": 29,
  "ui_frames": 8681,
  "decoded_frames": 44301,
  "fps_stream_seconds": {
    "acceptable": {
      "25_to_30_fps": 0,
      "20_to_24_fps": 0
    },
    "unacceptable": {
      "10_to_19_fps": 0,
      "5_to_9_fps": 1437,
      "under_5_fps": 332
    }
  },
  "decode_fps_stream_seconds": {
    "acceptable": {
      "25_to_30_fps": 1663,
      "20_to_24_fps": 106
    },
    "unacceptable": {
      "10_to_19_fps": 0,
      "5_to_9_fps": 0,
      "under_5_fps": 0
    }
  },
  "avg_painted_fps": 4.91,
  "avg_decoded_fps": 25.04
}
{
  "timestamp": "2026-09-05T09:13:10Z",
  "machine_id": "Mac",
  "framework": "csharp_avalonia",
  "hardware_mode": "cpu",
  "window_duration_seconds": 60,
  "active_streams": 30,
  "ui_frames": 8682,
  "decoded_frames": 44438,
  "fps_stream_seconds": {
    "acceptable": {
      "25_to_30_fps": 0,
      "20_to_24_fps": 0
    },
    "unacceptable": {
      "10_to_19_fps": 0,
      "5_to_9_fps": 1326,
      "under_5_fps": 450
    }
  },
  "decode_fps_stream_seconds": {
    "acceptable": {
      "25_to_30_fps": 1637,
      "20_to_24_fps": 139
    },
    "unacceptable": {
      "10_to_19_fps": 0,
      "5_to_9_fps": 0,
      "under_5_fps": 0
    }
  },
  "avg_painted_fps": 4.89,
  "avg_decoded_fps": 25.02
}
{
  "timestamp": "2026-09-05T09:14:11Z",
  "machine_id": "Mac",
  "framework": "csharp_avalonia",
  "hardware_mode": "cpu",
  "window_duration_seconds": 60,
  "active_streams": 29,
  "ui_frames": 8932,
  "decoded_frames": 43904,
  "fps_stream_seconds": {
    "acceptable": {
      "25_to_30_fps": 0,
      "20_to_24_fps": 0
    },
    "unacceptable": {
      "10_to_19_fps": 0,
      "5_to_9_fps": 1364,
      "under_5_fps": 390
    }
  },
  "decode_fps_stream_seconds": {
    "acceptable": {
      "25_to_30_fps": 1558,
      "20_to_24_fps": 196
    },
    "unacceptable": {
      "10_to_19_fps": 0,
      "5_to_9_fps": 0,
      "under_5_fps": 0
    }
  },
  "avg_painted_fps": 5.09,
  "avg_decoded_fps": 25.03
}
{
  "timestamp": "2026-09-05T09:15:11Z",
  "machine_id": "Mac",
  "framework": "csharp_avalonia",
  "hardware_mode": "cpu",
  "window_duration_seconds": 60,
  "active_streams": 30,
  "ui_frames": 8697,
  "decoded_frames": 44485,
  "fps_stream_seconds": {
    "acceptable": {
      "25_to_30_fps": 0,
      "20_to_24_fps": 0
    },
    "unacceptable": {
      "10_to_19_fps": 0,
      "5_to_9_fps": 1418,
      "under_5_fps": 359
    }
  },
  "decode_fps_stream_seconds": {
    "acceptable": {
      "25_to_30_fps": 1669,
      "20_to_24_fps": 108
    },
    "unacceptable": {
      "10_to_19_fps": 0,
      "5_to_9_fps": 0,
      "under_5_fps": 0
    }
  },
  "avg_painted_fps": 4.89,
  "avg_decoded_fps": 25.03
}
{
  "timestamp": "2026-09-05T09:16:11Z",
  "machine_id": "Mac",
  "framework": "csharp_avalonia",
  "hardware_mode": "cpu",
  "window_duration_seconds": 60,
  "active_streams": 29,
  "ui_frames": 9018,
  "decoded_frames": 43488,
  "fps_stream_seconds": {
    "acceptable": {
      "25_to_30_fps": 0,
      "20_to_24_fps": 0
    },
    "unacceptable": {
      "10_to_19_fps": 0,
      "5_to_9_fps": 1406,
      "under_5_fps": 330
    }
  },
  "decode_fps_stream_seconds": {
    "acceptable": {
      "25_to_30_fps": 1604,
      "20_to_24_fps": 132
    },
    "unacceptable": {
      "10_to_19_fps": 0,
      "5_to_9_fps": 0,
      "under_5_fps": 0
    }
  },
  "avg_painted_fps": 5.19,
  "avg_decoded_fps": 25.05
}
{
  "timestamp": "2026-09-05T09:17:11Z",
  "machine_id": "Mac",
  "framework": "csharp_avalonia",
  "hardware_mode": "cpu",
  "window_duration_seconds": 60,
  "active_streams": 28,
  "ui_frames": 9433,
  "decoded_frames": 42031,
  "fps_stream_seconds": {
    "acceptable": {
      "25_to_30_fps": 0,
      "20_to_24_fps": 0
    },
    "unacceptable": {
      "10_to_19_fps": 0,
      "5_to_9_fps": 1437,
      "under_5_fps": 240
    }
  },
  "decode_fps_stream_seconds": {
    "acceptable": {
      "25_to_30_fps": 1551,
      "20_to_24_fps": 126
    },
    "unacceptable": {
      "10_to_19_fps": 0,
      "5_to_9_fps": 0,
      "under_5_fps": 0
    }
  },
  "avg_painted_fps": 5.62,
  "avg_decoded_fps": 25.06
}
{
  "timestamp": "2026-09-05T09:18:11Z",
  "machine_id": "Mac",
  "framework": "csharp_avalonia",
  "hardware_mode": "cpu",
  "window_duration_seconds": 60,
  "active_streams": 29,
  "ui_frames": 8528,
  "decoded_frames": 44097,
  "fps_stream_seconds": {
    "acceptable": {
      "25_to_30_fps": 0,
      "20_to_24_fps": 0
    },
    "unacceptable": {
      "10_to_19_fps": 0,
      "5_to_9_fps": 1100,
      "under_5_fps": 660
    }
  },
  "decode_fps_stream_seconds": {
    "acceptable": {
      "25_to_30_fps": 1647,
      "20_to_24_fps": 113
    },
    "unacceptable": {
      "10_to_19_fps": 0,
      "5_to_9_fps": 0,
      "under_5_fps": 0
    }
  },
  "avg_painted_fps": 4.85,
  "avg_decoded_fps": 25.06
}
{
  "timestamp": "2026-09-05T09:19:11Z",
  "machine_id": "Mac",
  "framework": "csharp_avalonia",
  "hardware_mode": "cpu",
  "window_duration_seconds": 60,
  "active_streams": 29,
  "ui_frames": 9076,
  "decoded_frames": 43500,
  "fps_stream_seconds": {
    "acceptable": {
      "25_to_30_fps": 0,
      "20_to_24_fps": 0
    },
    "unacceptable": {
      "10_to_19_fps": 0,
      "5_to_9_fps": 1464,
      "under_5_fps": 272
    }
  },
  "decode_fps_stream_seconds": {
    "acceptable": {
      "25_to_30_fps": 1466,
      "20_to_24_fps": 270
    },
    "unacceptable": {
      "10_to_19_fps": 0,
      "5_to_9_fps": 0,
      "under_5_fps": 0
    }
  },
  "avg_painted_fps": 5.23,
  "avg_decoded_fps": 25.06
}
{
  "timestamp": "2026-09-05T09:20:11Z",
  "machine_id": "Mac",
  "framework": "csharp_avalonia",
  "hardware_mode": "cpu",
  "window_duration_seconds": 60,
  "active_streams": 29,
  "ui_frames": 8860,
  "decoded_frames": 44144,
  "fps_stream_seconds": {
    "acceptable": {
      "25_to_30_fps": 0,
      "20_to_24_fps": 0
    },
    "unacceptable": {
      "10_to_19_fps": 0,
      "5_to_9_fps": 1551,
      "under_5_fps": 211
    }
  },
  "decode_fps_stream_seconds": {
    "acceptable": {
      "25_to_30_fps": 1638,
      "20_to_24_fps": 124
    },
    "unacceptable": {
      "10_to_19_fps": 0,
      "5_to_9_fps": 0,
      "under_5_fps": 0
    }
  },
  "avg_painted_fps": 5.03,
  "avg_decoded_fps": 25.05
}
{
  "timestamp": "2026-09-05T09:21:11Z",
  "machine_id": "Mac",
  "framework": "csharp_avalonia",
  "hardware_mode": "cpu",
  "window_duration_seconds": 60,
  "active_streams": 29,
  "ui_frames": 9045,
  "decoded_frames": 43722,
  "fps_stream_seconds": {
    "acceptable": {
      "25_to_30_fps": 0,
      "20_to_24_fps": 0
    },
    "unacceptable": {
      "10_to_19_fps": 0,
      "5_to_9_fps": 1386,
      "under_5_fps": 360
    }
  },
  "decode_fps_stream_seconds": {
    "acceptable": {
      "25_to_30_fps": 1572,
      "20_to_24_fps": 174
    },
    "unacceptable": {
      "10_to_19_fps": 0,
      "5_to_9_fps": 0,
      "under_5_fps": 0
    }
  },
  "avg_painted_fps": 5.18,
  "avg_decoded_fps": 25.04
}
