{
    "active_streams": 30,
    "decoded_frames": 44992,
    "fps_stream_seconds": {
        "acceptable": {
            "20_to_24_fps": 804,
            "25_to_30_fps": 954
        },
        "unacceptable": {
            "10_to_19_fps": 0,
            "5_to_9_fps": 6,
            "under_5_fps": 24
        }
    },
    "framework": "cpp_qt6",
    "hardware_mode": "cpu",
    "machine_id": "Mac",
    "timestamp": "2026-09-05T06:30:12Z",
    "ui_frames": 43299,
    "window_duration_seconds": 60
}

{
    "active_streams": 30,
    "decoded_frames": 45008,
    "fps_stream_seconds": {
        "acceptable": {
            "20_to_24_fps": 885,
            "25_to_30_fps": 915
        },
        "unacceptable": {
            "10_to_19_fps": 0,
            "5_to_9_fps": 0,
            "under_5_fps": 0
        }
    },
    "framework": "cpp_qt6",
    "hardware_mode": "cpu",
    "machine_id": "Mac",
    "timestamp": "2026-09-05T06:31:12Z",
    "ui_frames": 44025,
    "window_duration_seconds": 60
}

{
    "active_streams": 30,
    "decoded_frames": 45000,
    "fps_stream_seconds": {
        "acceptable": {
            "20_to_24_fps": 748,
            "25_to_30_fps": 1052
        },
        "unacceptable": {
            "10_to_19_fps": 0,
            "5_to_9_fps": 0,
            "under_5_fps": 0
        }
    },
    "framework": "cpp_qt6",
    "hardware_mode": "cpu",
    "machine_id": "Mac",
    "timestamp": "2026-09-05T06:32:12Z",
    "ui_frames": 44168,
    "window_duration_seconds": 60
}

{
    "active_streams": 30,
    "decoded_frames": 45000,
    "fps_stream_seconds": {
        "acceptable": {
            "20_to_24_fps": 737,
            "25_to_30_fps": 1063
        },
        "unacceptable": {
            "10_to_19_fps": 0,
            "5_to_9_fps": 0,
            "under_5_fps": 0
        }
    },
    "framework": "cpp_qt6",
    "hardware_mode": "cpu",
    "machine_id": "Mac",
    "timestamp": "2026-09-05T06:33:12Z",
    "ui_frames": 44182,
    "window_duration_seconds": 60
}

{
    "active_streams": 30,
    "decoded_frames": 45000,
    "fps_stream_seconds": {
        "acceptable": {
            "20_to_24_fps": 745,
            "25_to_30_fps": 1055
        },
        "unacceptable": {
            "10_to_19_fps": 0,
            "5_to_9_fps": 0,
            "under_5_fps": 0
        }
    },
    "framework": "cpp_qt6",
    "hardware_mode": "cpu",
    "machine_id": "Mac",
    "timestamp": "2026-09-05T06:34:12Z",
    "ui_frames": 44166,
    "window_duration_seconds": 60
}

{
    "active_streams": 30,
    "decoded_frames": 45000,
    "fps_stream_seconds": {
        "acceptable": {
            "20_to_24_fps": 724,
            "25_to_30_fps": 1076
        },
        "unacceptable": {
            "10_to_19_fps": 0,
            "5_to_9_fps": 0,
            "under_5_fps": 0
        }
    },
    "framework": "cpp_qt6",
    "hardware_mode": "cpu",
    "machine_id": "Mac",
    "timestamp": "2026-09-05T06:35:12Z",
    "ui_frames": 44199,
    "window_duration_seconds": 60
}

{
    "active_streams": 30,
    "decoded_frames": 45000,
    "fps_stream_seconds": {
        "acceptable": {
            "20_to_24_fps": 760,
            "25_to_30_fps": 1040
        },
        "unacceptable": {
            "10_to_19_fps": 0,
            "5_to_9_fps": 0,
            "under_5_fps": 0
        }
    },
    "framework": "cpp_qt6",
    "hardware_mode": "cpu",
    "machine_id": "Mac",
    "timestamp": "2026-09-05T06:36:12Z",
    "ui_frames": 44139,
    "window_duration_seconds": 60
}

{
    "active_streams": 30,
    "decoded_frames": 45000,
    "fps_stream_seconds": {
        "acceptable": {
            "20_to_24_fps": 793,
            "25_to_30_fps": 1007
        },
        "unacceptable": {
            "10_to_19_fps": 0,
            "5_to_9_fps": 0,
            "under_5_fps": 0
        }
    },
    "framework": "cpp_qt6",
    "hardware_mode": "cpu",
    "machine_id": "Mac",
    "timestamp": "2026-09-05T06:37:12Z",
    "ui_frames": 44086,
    "window_duration_seconds": 60
}

{
    "active_streams": 30,
    "decoded_frames": 45000,
    "fps_stream_seconds": {
        "acceptable": {
            "20_to_24_fps": 739,
            "25_to_30_fps": 1061
        },
        "unacceptable": {
            "10_to_19_fps": 0,
            "5_to_9_fps": 0,
            "under_5_fps": 0
        }
    },
    "framework": "cpp_qt6",
    "hardware_mode": "cpu",
    "machine_id": "Mac",
    "timestamp": "2026-09-05T06:38:12Z",
    "ui_frames": 44191,
    "window_duration_seconds": 60
}

{
    "active_streams": 30,
    "decoded_frames": 44975,
    "fps_stream_seconds": {
        "acceptable": {
            "20_to_24_fps": 782,
            "25_to_30_fps": 1017
        },
        "unacceptable": {
            "10_to_19_fps": 0,
            "5_to_9_fps": 0,
            "under_5_fps": 0
        }
    },
    "framework": "cpp_qt6",
    "hardware_mode": "cpu",
    "machine_id": "Mac",
    "timestamp": "2026-09-05T06:39:12Z",
    "ui_frames": 44110,
    "window_duration_seconds": 60
}

{
    "active_streams": 30,
    "decoded_frames": 44335,
    "fps_stream_seconds": {
        "acceptable": {
            "20_to_24_fps": 874,
            "25_to_30_fps": 898
        },
        "unacceptable": {
            "10_to_19_fps": 0,
            "5_to_9_fps": 1,
            "under_5_fps": 0
        }
    },
    "framework": "cpp_qt6",
    "hardware_mode": "cpu",
    "machine_id": "Mac",
    "timestamp": "2026-09-05T06:40:12Z",
    "ui_frames": 43258,
    "window_duration_seconds": 60
}

{
    "active_streams": 28,
    "decoded_frames": 42705,
    "fps_stream_seconds": {
        "acceptable": {
            "20_to_24_fps": 766,
            "25_to_30_fps": 938
        },
        "unacceptable": {
            "10_to_19_fps": 0,
            "5_to_9_fps": 3,
            "under_5_fps": 0
        }
    },
    "framework": "cpp_qt6",
    "hardware_mode": "cpu",
    "machine_id": "Mac",
    "timestamp": "2026-09-05T06:41:12Z",
    "ui_frames": 41776,
    "window_duration_seconds": 60
}

{
    "active_streams": 29,
    "decoded_frames": 43935,
    "fps_stream_seconds": {
        "acceptable": {
            "20_to_24_fps": 862,
            "25_to_30_fps": 894
        },
        "unacceptable": {
            "10_to_19_fps": 0,
            "5_to_9_fps": 1,
            "under_5_fps": 0
        }
    },
    "framework": "cpp_qt6",
    "hardware_mode": "cpu",
    "machine_id": "Mac",
    "timestamp": "2026-09-05T06:42:12Z",
    "ui_frames": 42938,
    "window_duration_seconds": 60
}

{
    "active_streams": 28,
    "decoded_frames": 42480,
    "fps_stream_seconds": {
        "acceptable": {
            "20_to_24_fps": 779,
            "25_to_30_fps": 916
        },
        "unacceptable": {
            "10_to_19_fps": 0,
            "5_to_9_fps": 3,
            "under_5_fps": 0
        }
    },
    "framework": "cpp_qt6",
    "hardware_mode": "cpu",
    "machine_id": "Mac",
    "timestamp": "2026-09-05T06:43:12Z",
    "ui_frames": 41520,
    "window_duration_seconds": 60
}

{
    "active_streams": 30,
    "decoded_frames": 44385,
    "fps_stream_seconds": {
        "acceptable": {
            "20_to_24_fps": 806,
            "25_to_30_fps": 968
        },
        "unacceptable": {
            "10_to_19_fps": 0,
            "5_to_9_fps": 1,
            "under_5_fps": 0
        }
    },
    "framework": "cpp_qt6",
    "hardware_mode": "cpu",
    "machine_id": "Mac",
    "timestamp": "2026-09-05T06:44:12Z",
    "ui_frames": 43451,
    "window_duration_seconds": 60
}

{
    "active_streams": 28,
    "decoded_frames": 41580,
    "fps_stream_seconds": {
        "acceptable": {
            "20_to_24_fps": 792,
            "25_to_30_fps": 867
        },
        "unacceptable": {
            "10_to_19_fps": 0,
            "5_to_9_fps": 3,
            "under_5_fps": 0
        }
    },
    "framework": "cpp_qt6",
    "hardware_mode": "cpu",
    "machine_id": "Mac",
    "timestamp": "2026-09-05T06:45:12Z",
    "ui_frames": 40629,
    "window_duration_seconds": 60
}

{
    "active_streams": 29,
    "decoded_frames": 44070,
    "fps_stream_seconds": {
        "acceptable": {
            "20_to_24_fps": 901,
            "25_to_30_fps": 859
        },
        "unacceptable": {
            "10_to_19_fps": 0,
            "5_to_9_fps": 2,
            "under_5_fps": 0
        }
    },
    "framework": "cpp_qt6",
    "hardware_mode": "cpu",
    "machine_id": "Mac",
    "timestamp": "2026-09-05T06:46:12Z",
    "ui_frames": 42997,
    "window_duration_seconds": 60
}

{
    "active_streams": 29,
    "decoded_frames": 43101,
    "fps_stream_seconds": {
        "acceptable": {
            "20_to_24_fps": 884,
            "25_to_30_fps": 835
        },
        "unacceptable": {
            "10_to_19_fps": 0,
            "5_to_9_fps": 3,
            "under_5_fps": 0
        }
    },
    "framework": "cpp_qt6",
    "hardware_mode": "cpu",
    "machine_id": "Mac",
    "timestamp": "2026-09-05T06:47:12Z",
    "ui_frames": 42100,
    "window_duration_seconds": 60
}

{
    "active_streams": 29,
    "decoded_frames": 44070,
    "fps_stream_seconds": {
        "acceptable": {
            "20_to_24_fps": 835,
            "25_to_30_fps": 926
        },
        "unacceptable": {
            "10_to_19_fps": 0,
            "5_to_9_fps": 1,
            "under_5_fps": 0
        }
    },
    "framework": "cpp_qt6",
    "hardware_mode": "cpu",
    "machine_id": "Mac",
    "timestamp": "2026-09-05T06:48:12Z",
    "ui_frames": 43146,
    "window_duration_seconds": 60
}

