{
    "active_streams": 29,
    "decoded_frames": 44900,
    "fps_stream_seconds": {
        "acceptable": {
            "20_to_24_fps": 0,
            "25_to_30_fps": 0
        },
        "unacceptable": {
            "10_to_19_fps": 1626,
            "5_to_9_fps": 142,
            "under_5_fps": 0
        }
    },
    "framework": "cpp_qt6",
    "hardware_mode": "gpu",
    "machine_id": "Mac",
    "timestamp": "2026-09-05T06:52:42Z",
    "ui_frames": 23000,
    "window_duration_seconds": 60
}

{
    "active_streams": 30,
    "decoded_frames": 45018,
    "fps_stream_seconds": {
        "acceptable": {
            "20_to_24_fps": 0,
            "25_to_30_fps": 0
        },
        "unacceptable": {
            "10_to_19_fps": 1669,
            "5_to_9_fps": 131,
            "under_5_fps": 0
        }
    },
    "framework": "cpp_qt6",
    "hardware_mode": "gpu",
    "machine_id": "Mac",
    "timestamp": "2026-09-05T06:53:42Z",
    "ui_frames": 23462,
    "window_duration_seconds": 60
}

{
    "active_streams": 30,
    "decoded_frames": 44988,
    "fps_stream_seconds": {
        "acceptable": {
            "20_to_24_fps": 0,
            "25_to_30_fps": 0
        },
        "unacceptable": {
            "10_to_19_fps": 1674,
            "5_to_9_fps": 126,
            "under_5_fps": 0
        }
    },
    "framework": "cpp_qt6",
    "hardware_mode": "gpu",
    "machine_id": "Mac",
    "timestamp": "2026-09-05T06:54:42Z",
    "ui_frames": 23434,
    "window_duration_seconds": 60
}

{
    "active_streams": 30,
    "decoded_frames": 44993,
    "fps_stream_seconds": {
        "acceptable": {
            "20_to_24_fps": 1,
            "25_to_30_fps": 0
        },
        "unacceptable": {
            "10_to_19_fps": 1696,
            "5_to_9_fps": 103,
            "under_5_fps": 0
        }
    },
    "framework": "cpp_qt6",
    "hardware_mode": "gpu",
    "machine_id": "Mac",
    "timestamp": "2026-09-05T06:55:42Z",
    "ui_frames": 23466,
    "window_duration_seconds": 60
}

{
    "active_streams": 30,
    "decoded_frames": 45002,
    "fps_stream_seconds": {
        "acceptable": {
            "20_to_24_fps": 0,
            "25_to_30_fps": 0
        },
        "unacceptable": {
            "10_to_19_fps": 1679,
            "5_to_9_fps": 121,
            "under_5_fps": 0
        }
    },
    "framework": "cpp_qt6",
    "hardware_mode": "gpu",
    "machine_id": "Mac",
    "timestamp": "2026-09-05T06:56:42Z",
    "ui_frames": 23462,
    "window_duration_seconds": 60
}

{
    "active_streams": 30,
    "decoded_frames": 44996,
    "fps_stream_seconds": {
        "acceptable": {
            "20_to_24_fps": 0,
            "25_to_30_fps": 0
        },
        "unacceptable": {
            "10_to_19_fps": 1674,
            "5_to_9_fps": 126,
            "under_5_fps": 0
        }
    },
    "framework": "cpp_qt6",
    "hardware_mode": "gpu",
    "machine_id": "Mac",
    "timestamp": "2026-09-05T06:57:42Z",
    "ui_frames": 23524,
    "window_duration_seconds": 60
}

{
    "active_streams": 30,
    "decoded_frames": 44996,
    "fps_stream_seconds": {
        "acceptable": {
            "20_to_24_fps": 0,
            "25_to_30_fps": 0
        },
        "unacceptable": {
            "10_to_19_fps": 1689,
            "5_to_9_fps": 111,
            "under_5_fps": 0
        }
    },
    "framework": "cpp_qt6",
    "hardware_mode": "gpu",
    "machine_id": "Mac",
    "timestamp": "2026-09-05T06:58:42Z",
    "ui_frames": 23550,
    "window_duration_seconds": 60
}

{
    "active_streams": 30,
    "decoded_frames": 45038,
    "fps_stream_seconds": {
        "acceptable": {
            "20_to_24_fps": 0,
            "25_to_30_fps": 0
        },
        "unacceptable": {
            "10_to_19_fps": 1677,
            "5_to_9_fps": 123,
            "under_5_fps": 0
        }
    },
    "framework": "cpp_qt6",
    "hardware_mode": "gpu",
    "machine_id": "Mac",
    "timestamp": "2026-09-05T06:59:42Z",
    "ui_frames": 23554,
    "window_duration_seconds": 60
}

{
    "active_streams": 30,
    "decoded_frames": 44987,
    "fps_stream_seconds": {
        "acceptable": {
            "20_to_24_fps": 0,
            "25_to_30_fps": 0
        },
        "unacceptable": {
            "10_to_19_fps": 1675,
            "5_to_9_fps": 125,
            "under_5_fps": 0
        }
    },
    "framework": "cpp_qt6",
    "hardware_mode": "gpu",
    "machine_id": "Mac",
    "timestamp": "2026-09-05T07:00:42Z",
    "ui_frames": 23532,
    "window_duration_seconds": 60
}

{
    "active_streams": 30,
    "decoded_frames": 44982,
    "fps_stream_seconds": {
        "acceptable": {
            "20_to_24_fps": 0,
            "25_to_30_fps": 0
        },
        "unacceptable": {
            "10_to_19_fps": 1699,
            "5_to_9_fps": 100,
            "under_5_fps": 0
        }
    },
    "framework": "cpp_qt6",
    "hardware_mode": "gpu",
    "machine_id": "Mac",
    "timestamp": "2026-09-05T07:01:42Z",
    "ui_frames": 23591,
    "window_duration_seconds": 60
}

{
    "active_streams": 30,
    "decoded_frames": 44286,
    "fps_stream_seconds": {
        "acceptable": {
            "20_to_24_fps": 2,
            "25_to_30_fps": 0
        },
        "unacceptable": {
            "10_to_19_fps": 1694,
            "5_to_9_fps": 76,
            "under_5_fps": 0
        }
    },
    "framework": "cpp_qt6",
    "hardware_mode": "gpu",
    "machine_id": "Mac",
    "timestamp": "2026-09-05T07:02:42Z",
    "ui_frames": 23755,
    "window_duration_seconds": 60
}

{
    "active_streams": 28,
    "decoded_frames": 42574,
    "fps_stream_seconds": {
        "acceptable": {
            "20_to_24_fps": 37,
            "25_to_30_fps": 0
        },
        "unacceptable": {
            "10_to_19_fps": 1581,
            "5_to_9_fps": 86,
            "under_5_fps": 0
        }
    },
    "framework": "cpp_qt6",
    "hardware_mode": "gpu",
    "machine_id": "Mac",
    "timestamp": "2026-09-05T07:03:42Z",
    "ui_frames": 23502,
    "window_duration_seconds": 60
}

{
    "active_streams": 29,
    "decoded_frames": 43860,
    "fps_stream_seconds": {
        "acceptable": {
            "20_to_24_fps": 0,
            "25_to_30_fps": 0
        },
        "unacceptable": {
            "10_to_19_fps": 1574,
            "5_to_9_fps": 185,
            "under_5_fps": 0
        }
    },
    "framework": "cpp_qt6",
    "hardware_mode": "gpu",
    "machine_id": "Mac",
    "timestamp": "2026-09-05T07:04:42Z",
    "ui_frames": 22678,
    "window_duration_seconds": 60
}

{
    "active_streams": 28,
    "decoded_frames": 42500,
    "fps_stream_seconds": {
        "acceptable": {
            "20_to_24_fps": 16,
            "25_to_30_fps": 0
        },
        "unacceptable": {
            "10_to_19_fps": 1581,
            "5_to_9_fps": 96,
            "under_5_fps": 0
        }
    },
    "framework": "cpp_qt6",
    "hardware_mode": "gpu",
    "machine_id": "Mac",
    "timestamp": "2026-09-05T07:05:42Z",
    "ui_frames": 22822,
    "window_duration_seconds": 60
}

{
    "active_streams": 30,
    "decoded_frames": 44356,
    "fps_stream_seconds": {
        "acceptable": {
            "20_to_24_fps": 0,
            "25_to_30_fps": 0
        },
        "unacceptable": {
            "10_to_19_fps": 1633,
            "5_to_9_fps": 141,
            "under_5_fps": 0
        }
    },
    "framework": "cpp_qt6",
    "hardware_mode": "gpu",
    "machine_id": "Mac",
    "timestamp": "2026-09-05T07:06:42Z",
    "ui_frames": 23141,
    "window_duration_seconds": 60
}

{
    "active_streams": 28,
    "decoded_frames": 41577,
    "fps_stream_seconds": {
        "acceptable": {
            "20_to_24_fps": 34,
            "25_to_30_fps": 0
        },
        "unacceptable": {
            "10_to_19_fps": 1579,
            "5_to_9_fps": 46,
            "under_5_fps": 0
        }
    },
    "framework": "cpp_qt6",
    "hardware_mode": "gpu",
    "machine_id": "Mac",
    "timestamp": "2026-09-05T07:07:42Z",
    "ui_frames": 23454,
    "window_duration_seconds": 60
}

{
    "active_streams": 29,
    "decoded_frames": 44072,
    "fps_stream_seconds": {
        "acceptable": {
            "20_to_24_fps": 2,
            "25_to_30_fps": 0
        },
        "unacceptable": {
            "10_to_19_fps": 1622,
            "5_to_9_fps": 136,
            "under_5_fps": 0
        }
    },
    "framework": "cpp_qt6",
    "hardware_mode": "gpu",
    "machine_id": "Mac",
    "timestamp": "2026-09-05T07:08:42Z",
    "ui_frames": 23206,
    "window_duration_seconds": 60
}

{
    "active_streams": 29,
    "decoded_frames": 43127,
    "fps_stream_seconds": {
        "acceptable": {
            "20_to_24_fps": 15,
            "25_to_30_fps": 0
        },
        "unacceptable": {
            "10_to_19_fps": 1606,
            "5_to_9_fps": 101,
            "under_5_fps": 0
        }
    },
    "framework": "cpp_qt6",
    "hardware_mode": "gpu",
    "machine_id": "Mac",
    "timestamp": "2026-09-05T07:09:42Z",
    "ui_frames": 23281,
    "window_duration_seconds": 60
}

{
    "active_streams": 29,
    "decoded_frames": 44134,
    "fps_stream_seconds": {
        "acceptable": {
            "20_to_24_fps": 0,
            "25_to_30_fps": 0
        },
        "unacceptable": {
            "10_to_19_fps": 1660,
            "5_to_9_fps": 102,
            "under_5_fps": 0
        }
    },
    "framework": "cpp_qt6",
    "hardware_mode": "gpu",
    "machine_id": "Mac",
    "timestamp": "2026-09-05T07:10:42Z",
    "ui_frames": 23278,
    "window_duration_seconds": 60
}

