{
  "timestamp": "2026-09-05T10:33:32.141Z",
  "machine_id": "Mac",
  "framework": "electron",
  "hardware_mode": "cpu",
  "window_duration_seconds": 60,
  "active_streams": 30,
  "ui_frames": 44796,
  "decoded_frames": 44796,
  "fps_stream_seconds": {
    "acceptable": {
      "25_to_30_fps": 1510,
      "20_to_24_fps": 282
    },
    "unacceptable": {
      "10_to_19_fps": 0,
      "5_to_9_fps": 0,
      "under_5_fps": 0
    }
  }
}

{
  "timestamp": "2026-09-05T10:34:32.141Z",
  "machine_id": "Mac",
  "framework": "electron",
  "hardware_mode": "cpu",
  "window_duration_seconds": 60,
  "active_streams": 30,
  "ui_frames": 45000,
  "decoded_frames": 45000,
  "fps_stream_seconds": {
    "acceptable": {
      "25_to_30_fps": 1471,
      "20_to_24_fps": 329
    },
    "unacceptable": {
      "10_to_19_fps": 0,
      "5_to_9_fps": 0,
      "under_5_fps": 0
    }
  }
}

{
  "timestamp": "2026-09-05T10:35:32.146Z",
  "machine_id": "Mac",
  "framework": "electron",
  "hardware_mode": "cpu",
  "window_duration_seconds": 60,
  "active_streams": 30,
  "ui_frames": 44984,
  "decoded_frames": 44984,
  "fps_stream_seconds": {
    "acceptable": {
      "25_to_30_fps": 1448,
      "20_to_24_fps": 352
    },
    "unacceptable": {
      "10_to_19_fps": 0,
      "5_to_9_fps": 0,
      "under_5_fps": 0
    }
  }
}

{
  "timestamp": "2026-09-05T10:36:32.142Z",
  "machine_id": "Mac",
  "framework": "electron",
  "hardware_mode": "cpu",
  "window_duration_seconds": 60,
  "active_streams": 30,
  "ui_frames": 45019,
  "decoded_frames": 45019,
  "fps_stream_seconds": {
    "acceptable": {
      "25_to_30_fps": 1509,
      "20_to_24_fps": 291
    },
    "unacceptable": {
      "10_to_19_fps": 0,
      "5_to_9_fps": 0,
      "under_5_fps": 0
    }
  }
}

{
  "timestamp": "2026-09-05T10:37:32.146Z",
  "machine_id": "Mac",
  "framework": "electron",
  "hardware_mode": "cpu",
  "window_duration_seconds": 60,
  "active_streams": 30,
  "ui_frames": 44996,
  "decoded_frames": 44996,
  "fps_stream_seconds": {
    "acceptable": {
      "25_to_30_fps": 1506,
      "20_to_24_fps": 294
    },
    "unacceptable": {
      "10_to_19_fps": 0,
      "5_to_9_fps": 0,
      "under_5_fps": 0
    }
  }
}

{
  "timestamp": "2026-09-05T10:38:32.093Z",
  "machine_id": "Mac",
  "framework": "electron",
  "hardware_mode": "cpu",
  "window_duration_seconds": 60,
  "active_streams": 30,
  "ui_frames": 45000,
  "decoded_frames": 45000,
  "fps_stream_seconds": {
    "acceptable": {
      "25_to_30_fps": 1503,
      "20_to_24_fps": 297
    },
    "unacceptable": {
      "10_to_19_fps": 0,
      "5_to_9_fps": 0,
      "under_5_fps": 0
    }
  }
}

{
  "timestamp": "2026-09-05T10:39:32.093Z",
  "machine_id": "Mac",
  "framework": "electron",
  "hardware_mode": "cpu",
  "window_duration_seconds": 60,
  "active_streams": 30,
  "ui_frames": 45001,
  "decoded_frames": 45001,
  "fps_stream_seconds": {
    "acceptable": {
      "25_to_30_fps": 1534,
      "20_to_24_fps": 266
    },
    "unacceptable": {
      "10_to_19_fps": 0,
      "5_to_9_fps": 0,
      "under_5_fps": 0
    }
  }
}

{
  "timestamp": "2026-09-05T10:40:32.091Z",
  "machine_id": "Mac",
  "framework": "electron",
  "hardware_mode": "cpu",
  "window_duration_seconds": 60,
  "active_streams": 30,
  "ui_frames": 44996,
  "decoded_frames": 44996,
  "fps_stream_seconds": {
    "acceptable": {
      "25_to_30_fps": 1499,
      "20_to_24_fps": 301
    },
    "unacceptable": {
      "10_to_19_fps": 0,
      "5_to_9_fps": 0,
      "under_5_fps": 0
    }
  }
}

{
  "timestamp": "2026-09-05T10:41:32.090Z",
  "machine_id": "Mac",
  "framework": "electron",
  "hardware_mode": "cpu",
  "window_duration_seconds": 60,
  "active_streams": 30,
  "ui_frames": 45006,
  "decoded_frames": 45006,
  "fps_stream_seconds": {
    "acceptable": {
      "25_to_30_fps": 1427,
      "20_to_24_fps": 373
    },
    "unacceptable": {
      "10_to_19_fps": 0,
      "5_to_9_fps": 0,
      "under_5_fps": 0
    }
  }
}

{
  "timestamp": "2026-09-05T10:42:32.090Z",
  "machine_id": "Mac",
  "framework": "electron",
  "hardware_mode": "cpu",
  "window_duration_seconds": 60,
  "active_streams": 30,
  "ui_frames": 45000,
  "decoded_frames": 45000,
  "fps_stream_seconds": {
    "acceptable": {
      "25_to_30_fps": 1437,
      "20_to_24_fps": 363
    },
    "unacceptable": {
      "10_to_19_fps": 0,
      "5_to_9_fps": 0,
      "under_5_fps": 0
    }
  }
}

{
  "timestamp": "2026-09-05T10:43:32.092Z",
  "machine_id": "Mac",
  "framework": "electron",
  "hardware_mode": "cpu",
  "window_duration_seconds": 60,
  "active_streams": 30,
  "ui_frames": 45002,
  "decoded_frames": 45002,
  "fps_stream_seconds": {
    "acceptable": {
      "25_to_30_fps": 1408,
      "20_to_24_fps": 392
    },
    "unacceptable": {
      "10_to_19_fps": 0,
      "5_to_9_fps": 0,
      "under_5_fps": 0
    }
  }
}

{
  "timestamp": "2026-09-05T10:44:32.090Z",
  "machine_id": "Mac",
  "framework": "electron",
  "hardware_mode": "cpu",
  "window_duration_seconds": 60,
  "active_streams": 30,
  "ui_frames": 44999,
  "decoded_frames": 44999,
  "fps_stream_seconds": {
    "acceptable": {
      "25_to_30_fps": 1397,
      "20_to_24_fps": 403
    },
    "unacceptable": {
      "10_to_19_fps": 0,
      "5_to_9_fps": 0,
      "under_5_fps": 0
    }
  }
}

{
  "timestamp": "2026-09-05T10:45:32.092Z",
  "machine_id": "Mac",
  "framework": "electron",
  "hardware_mode": "cpu",
  "window_duration_seconds": 60,
  "active_streams": 30,
  "ui_frames": 45000,
  "decoded_frames": 45000,
  "fps_stream_seconds": {
    "acceptable": {
      "25_to_30_fps": 1433,
      "20_to_24_fps": 367
    },
    "unacceptable": {
      "10_to_19_fps": 0,
      "5_to_9_fps": 0,
      "under_5_fps": 0
    }
  }
}

{
  "timestamp": "2026-09-05T10:46:32.095Z",
  "machine_id": "Mac",
  "framework": "electron",
  "hardware_mode": "cpu",
  "window_duration_seconds": 60,
  "active_streams": 30,
  "ui_frames": 45005,
  "decoded_frames": 45005,
  "fps_stream_seconds": {
    "acceptable": {
      "25_to_30_fps": 1504,
      "20_to_24_fps": 296
    },
    "unacceptable": {
      "10_to_19_fps": 0,
      "5_to_9_fps": 0,
      "under_5_fps": 0
    }
  }
}

{
  "timestamp": "2026-09-05T10:47:32.092Z",
  "machine_id": "Mac",
  "framework": "electron",
  "hardware_mode": "cpu",
  "window_duration_seconds": 60,
  "active_streams": 30,
  "ui_frames": 44990,
  "decoded_frames": 44990,
  "fps_stream_seconds": {
    "acceptable": {
      "25_to_30_fps": 1552,
      "20_to_24_fps": 248
    },
    "unacceptable": {
      "10_to_19_fps": 0,
      "5_to_9_fps": 0,
      "under_5_fps": 0
    }
  }
}

{
  "timestamp": "2026-09-05T10:48:32.093Z",
  "machine_id": "Mac",
  "framework": "electron",
  "hardware_mode": "cpu",
  "window_duration_seconds": 60,
  "active_streams": 30,
  "ui_frames": 45005,
  "decoded_frames": 45005,
  "fps_stream_seconds": {
    "acceptable": {
      "25_to_30_fps": 1514,
      "20_to_24_fps": 286
    },
    "unacceptable": {
      "10_to_19_fps": 0,
      "5_to_9_fps": 0,
      "under_5_fps": 0
    }
  }
}

{
  "timestamp": "2026-09-05T10:49:32.092Z",
  "machine_id": "Mac",
  "framework": "electron",
  "hardware_mode": "cpu",
  "window_duration_seconds": 60,
  "active_streams": 30,
  "ui_frames": 44995,
  "decoded_frames": 44995,
  "fps_stream_seconds": {
    "acceptable": {
      "25_to_30_fps": 1507,
      "20_to_24_fps": 293
    },
    "unacceptable": {
      "10_to_19_fps": 0,
      "5_to_9_fps": 0,
      "under_5_fps": 0
    }
  }
}

{
  "timestamp": "2026-09-05T10:50:32.092Z",
  "machine_id": "Mac",
  "framework": "electron",
  "hardware_mode": "cpu",
  "window_duration_seconds": 60,
  "active_streams": 30,
  "ui_frames": 44999,
  "decoded_frames": 44999,
  "fps_stream_seconds": {
    "acceptable": {
      "25_to_30_fps": 1503,
      "20_to_24_fps": 297
    },
    "unacceptable": {
      "10_to_19_fps": 0,
      "5_to_9_fps": 0,
      "under_5_fps": 0
    }
  }
}

{
  "timestamp": "2026-09-05T10:51:32.093Z",
  "machine_id": "Mac",
  "framework": "electron",
  "hardware_mode": "cpu",
  "window_duration_seconds": 60,
  "active_streams": 30,
  "ui_frames": 45010,
  "decoded_frames": 45010,
  "fps_stream_seconds": {
    "acceptable": {
      "25_to_30_fps": 1450,
      "20_to_24_fps": 350
    },
    "unacceptable": {
      "10_to_19_fps": 0,
      "5_to_9_fps": 0,
      "under_5_fps": 0
    }
  }
}

{
  "timestamp": "2026-09-05T10:52:32.096Z",
  "machine_id": "Mac",
  "framework": "electron",
  "hardware_mode": "cpu",
  "window_duration_seconds": 60,
  "active_streams": 30,
  "ui_frames": 45001,
  "decoded_frames": 45001,
  "fps_stream_seconds": {
    "acceptable": {
      "25_to_30_fps": 1378,
      "20_to_24_fps": 422
    },
    "unacceptable": {
      "10_to_19_fps": 0,
      "5_to_9_fps": 0,
      "under_5_fps": 0
    }
  }
}

{
  "timestamp": "2026-09-05T10:53:32.095Z",
  "machine_id": "Mac",
  "framework": "electron",
  "hardware_mode": "cpu",
  "window_duration_seconds": 60,
  "active_streams": 30,
  "ui_frames": 45001,
  "decoded_frames": 45001,
  "fps_stream_seconds": {
    "acceptable": {
      "25_to_30_fps": 1387,
      "20_to_24_fps": 413
    },
    "unacceptable": {
      "10_to_19_fps": 0,
      "5_to_9_fps": 0,
      "under_5_fps": 0
    }
  }
}

{
  "timestamp": "2026-09-05T10:54:32.144Z",
  "machine_id": "Mac",
  "framework": "electron",
  "hardware_mode": "cpu",
  "window_duration_seconds": 60,
  "active_streams": 30,
  "ui_frames": 45037,
  "decoded_frames": 45037,
  "fps_stream_seconds": {
    "acceptable": {
      "25_to_30_fps": 1501,
      "20_to_24_fps": 299
    },
    "unacceptable": {
      "10_to_19_fps": 0,
      "5_to_9_fps": 0,
      "under_5_fps": 0
    }
  }
}

{
  "timestamp": "2026-09-05T10:55:32.148Z",
  "machine_id": "Mac",
  "framework": "electron",
  "hardware_mode": "cpu",
  "window_duration_seconds": 60,
  "active_streams": 30,
  "ui_frames": 45005,
  "decoded_frames": 45005,
  "fps_stream_seconds": {
    "acceptable": {
      "25_to_30_fps": 1485,
      "20_to_24_fps": 315
    },
    "unacceptable": {
      "10_to_19_fps": 0,
      "5_to_9_fps": 0,
      "under_5_fps": 0
    }
  }
}

{
  "timestamp": "2026-09-05T10:56:32.145Z",
  "machine_id": "Mac",
  "framework": "electron",
  "hardware_mode": "cpu",
  "window_duration_seconds": 60,
  "active_streams": 30,
  "ui_frames": 44992,
  "decoded_frames": 44992,
  "fps_stream_seconds": {
    "acceptable": {
      "25_to_30_fps": 1506,
      "20_to_24_fps": 294
    },
    "unacceptable": {
      "10_to_19_fps": 0,
      "5_to_9_fps": 0,
      "under_5_fps": 0
    }
  }
}

{
  "timestamp": "2026-09-05T10:57:32.148Z",
  "machine_id": "Mac",
  "framework": "electron",
  "hardware_mode": "cpu",
  "window_duration_seconds": 60,
  "active_streams": 30,
  "ui_frames": 45003,
  "decoded_frames": 45003,
  "fps_stream_seconds": {
    "acceptable": {
      "25_to_30_fps": 1381,
      "20_to_24_fps": 419
    },
    "unacceptable": {
      "10_to_19_fps": 0,
      "5_to_9_fps": 0,
      "under_5_fps": 0
    }
  }
}

{
  "timestamp": "2026-09-05T10:58:32.146Z",
  "machine_id": "Mac",
  "framework": "electron",
  "hardware_mode": "cpu",
  "window_duration_seconds": 60,
  "active_streams": 30,
  "ui_frames": 44907,
  "decoded_frames": 44907,
  "fps_stream_seconds": {
    "acceptable": {
      "25_to_30_fps": 1330,
      "20_to_24_fps": 470
    },
    "unacceptable": {
      "10_to_19_fps": 0,
      "5_to_9_fps": 0,
      "under_5_fps": 0
    }
  }
}

{
  "timestamp": "2026-09-05T10:59:32.148Z",
  "machine_id": "Mac",
  "framework": "electron",
  "hardware_mode": "cpu",
  "window_duration_seconds": 60,
  "active_streams": 30,
  "ui_frames": 45092,
  "decoded_frames": 45092,
  "fps_stream_seconds": {
    "acceptable": {
      "25_to_30_fps": 1394,
      "20_to_24_fps": 406
    },
    "unacceptable": {
      "10_to_19_fps": 0,
      "5_to_9_fps": 0,
      "under_5_fps": 0
    }
  }
}

{
  "timestamp": "2026-09-05T11:00:32.147Z",
  "machine_id": "Mac",
  "framework": "electron",
  "hardware_mode": "cpu",
  "window_duration_seconds": 60,
  "active_streams": 30,
  "ui_frames": 44999,
  "decoded_frames": 44999,
  "fps_stream_seconds": {
    "acceptable": {
      "25_to_30_fps": 1393,
      "20_to_24_fps": 407
    },
    "unacceptable": {
      "10_to_19_fps": 0,
      "5_to_9_fps": 0,
      "under_5_fps": 0
    }
  }
}

{
  "timestamp": "2026-09-05T11:01:32.153Z",
  "machine_id": "Mac",
  "framework": "electron",
  "hardware_mode": "cpu",
  "window_duration_seconds": 60,
  "active_streams": 30,
  "ui_frames": 45011,
  "decoded_frames": 45011,
  "fps_stream_seconds": {
    "acceptable": {
      "25_to_30_fps": 1393,
      "20_to_24_fps": 407
    },
    "unacceptable": {
      "10_to_19_fps": 0,
      "5_to_9_fps": 0,
      "under_5_fps": 0
    }
  }
}

{
  "timestamp": "2026-09-05T11:02:32.155Z",
  "machine_id": "Mac",
  "framework": "electron",
  "hardware_mode": "cpu",
  "window_duration_seconds": 60,
  "active_streams": 30,
  "ui_frames": 44893,
  "decoded_frames": 44893,
  "fps_stream_seconds": {
    "acceptable": {
      "25_to_30_fps": 1634,
      "20_to_24_fps": 161
    },
    "unacceptable": {
      "10_to_19_fps": 1,
      "5_to_9_fps": 0,
      "under_5_fps": 2
    }
  }
}

{
  "timestamp": "2026-09-05T11:03:32.149Z",
  "machine_id": "Mac",
  "framework": "electron",
  "hardware_mode": "cpu",
  "window_duration_seconds": 60,
  "active_streams": 30,
  "ui_frames": 44397,
  "decoded_frames": 44397,
  "fps_stream_seconds": {
    "acceptable": {
      "25_to_30_fps": 1648,
      "20_to_24_fps": 126
    },
    "unacceptable": {
      "10_to_19_fps": 2,
      "5_to_9_fps": 0,
      "under_5_fps": 0
    }
  }
}

{
  "timestamp": "2026-09-05T11:04:32.157Z",
  "machine_id": "Mac",
  "framework": "electron",
  "hardware_mode": "cpu",
  "window_duration_seconds": 60,
  "active_streams": 29,
  "ui_frames": 42661,
  "decoded_frames": 42661,
  "fps_stream_seconds": {
    "acceptable": {
      "25_to_30_fps": 1641,
      "20_to_24_fps": 64
    },
    "unacceptable": {
      "10_to_19_fps": 0,
      "5_to_9_fps": 0,
      "under_5_fps": 8
    }
  }
}

{
  "timestamp": "2026-09-05T11:05:32.155Z",
  "machine_id": "Mac",
  "framework": "electron",
  "hardware_mode": "cpu",
  "window_duration_seconds": 60,
  "active_streams": 29,
  "ui_frames": 43990,
  "decoded_frames": 43990,
  "fps_stream_seconds": {
    "acceptable": {
      "25_to_30_fps": 1656,
      "20_to_24_fps": 103
    },
    "unacceptable": {
      "10_to_19_fps": 0,
      "5_to_9_fps": 0,
      "under_5_fps": 0
    }
  }
}

{
  "timestamp": "2026-09-05T11:06:32.159Z",
  "machine_id": "Mac",
  "framework": "electron",
  "hardware_mode": "cpu",
  "window_duration_seconds": 60,
  "active_streams": 28,
  "ui_frames": 42476,
  "decoded_frames": 42476,
  "fps_stream_seconds": {
    "acceptable": {
      "25_to_30_fps": 1607,
      "20_to_24_fps": 91
    },
    "unacceptable": {
      "10_to_19_fps": 0,
      "5_to_9_fps": 0,
      "under_5_fps": 6
    }
  }
}

{
  "timestamp": "2026-09-05T11:07:32.152Z",
  "machine_id": "Mac",
  "framework": "electron",
  "hardware_mode": "cpu",
  "window_duration_seconds": 60,
  "active_streams": 30,
  "ui_frames": 44384,
  "decoded_frames": 44384,
  "fps_stream_seconds": {
    "acceptable": {
      "25_to_30_fps": 1456,
      "20_to_24_fps": 319
    },
    "unacceptable": {
      "10_to_19_fps": 0,
      "5_to_9_fps": 0,
      "under_5_fps": 2
    }
  }
}

{
  "timestamp": "2026-09-05T11:08:32.161Z",
  "machine_id": "Mac",
  "framework": "electron",
  "hardware_mode": "cpu",
  "window_duration_seconds": 60,
  "active_streams": 28,
  "ui_frames": 41479,
  "decoded_frames": 41479,
  "fps_stream_seconds": {
    "acceptable": {
      "25_to_30_fps": 1420,
      "20_to_24_fps": 239
    },
    "unacceptable": {
      "10_to_19_fps": 0,
      "5_to_9_fps": 0,
      "under_5_fps": 6
    }
  }
}

{
  "timestamp": "2026-09-05T11:09:32.157Z",
  "machine_id": "Mac",
  "framework": "electron",
  "hardware_mode": "cpu",
  "window_duration_seconds": 60,
  "active_streams": 29,
  "ui_frames": 44111,
  "decoded_frames": 44111,
  "fps_stream_seconds": {
    "acceptable": {
      "25_to_30_fps": 1648,
      "20_to_24_fps": 114
    },
    "unacceptable": {
      "10_to_19_fps": 0,
      "5_to_9_fps": 0,
      "under_5_fps": 4
    }
  }
}

{
  "timestamp": "2026-09-05T11:10:32.138Z",
  "machine_id": "Mac",
  "framework": "electron",
  "hardware_mode": "cpu",
  "window_duration_seconds": 60,
  "active_streams": 29,
  "ui_frames": 43152,
  "decoded_frames": 43152,
  "fps_stream_seconds": {
    "acceptable": {
      "25_to_30_fps": 1439,
      "20_to_24_fps": 286
    },
    "unacceptable": {
      "10_to_19_fps": 0,
      "5_to_9_fps": 0,
      "under_5_fps": 6
    }
  }
}

{
  "timestamp": "2026-09-05T11:11:32.135Z",
  "machine_id": "Mac",
  "framework": "electron",
  "hardware_mode": "cpu",
  "window_duration_seconds": 60,
  "active_streams": 29,
  "ui_frames": 44062,
  "decoded_frames": 44062,
  "fps_stream_seconds": {
    "acceptable": {
      "25_to_30_fps": 1336,
      "20_to_24_fps": 426
    },
    "unacceptable": {
      "10_to_19_fps": 0,
      "5_to_9_fps": 0,
      "under_5_fps": 2
    }
  }
}

{
  "timestamp": "2026-09-05T11:12:32.135Z",
  "machine_id": "Mac",
  "framework": "electron",
  "hardware_mode": "cpu",
  "window_duration_seconds": 60,
  "active_streams": 30,
  "ui_frames": 44753,
  "decoded_frames": 44753,
  "fps_stream_seconds": {
    "acceptable": {
      "25_to_30_fps": 1345,
      "20_to_24_fps": 445
    },
    "unacceptable": {
      "10_to_19_fps": 0,
      "5_to_9_fps": 0,
      "under_5_fps": 6
    }
  }
}

{
  "timestamp": "2026-09-05T11:13:32.135Z",
  "machine_id": "Mac",
  "framework": "electron",
  "hardware_mode": "cpu",
  "window_duration_seconds": 60,
  "active_streams": 29,
  "ui_frames": 43603,
  "decoded_frames": 43603,
  "fps_stream_seconds": {
    "acceptable": {
      "25_to_30_fps": 1341,
      "20_to_24_fps": 402
    },
    "unacceptable": {
      "10_to_19_fps": 0,
      "5_to_9_fps": 0,
      "under_5_fps": 3
    }
  }
}

{
  "timestamp": "2026-09-05T11:14:32.130Z",
  "machine_id": "Mac",
  "framework": "electron",
  "hardware_mode": "cpu",
  "window_duration_seconds": 60,
  "active_streams": 30,
  "ui_frames": 44252,
  "decoded_frames": 44252,
  "fps_stream_seconds": {
    "acceptable": {
      "25_to_30_fps": 1368,
      "20_to_24_fps": 402
    },
    "unacceptable": {
      "10_to_19_fps": 0,
      "5_to_9_fps": 0,
      "under_5_fps": 0
    }
  }
}

{
  "timestamp": "2026-09-05T11:15:32.135Z",
  "machine_id": "Mac",
  "framework": "electron",
  "hardware_mode": "cpu",
  "window_duration_seconds": 60,
  "active_streams": 28,
  "ui_frames": 42207,
  "decoded_frames": 42207,
  "fps_stream_seconds": {
    "acceptable": {
      "25_to_30_fps": 1325,
      "20_to_24_fps": 361
    },
    "unacceptable": {
      "10_to_19_fps": 0,
      "5_to_9_fps": 0,
      "under_5_fps": 9
    }
  }
}

{
  "timestamp": "2026-09-05T11:16:32.131Z",
  "machine_id": "Mac",
  "framework": "electron",
  "hardware_mode": "cpu",
  "window_duration_seconds": 60,
  "active_streams": 30,
  "ui_frames": 44855,
  "decoded_frames": 44855,
  "fps_stream_seconds": {
    "acceptable": {
      "25_to_30_fps": 1395,
      "20_to_24_fps": 399
    },
    "unacceptable": {
      "10_to_19_fps": 0,
      "5_to_9_fps": 0,
      "under_5_fps": 6
    }
  }
}

{
  "timestamp": "2026-09-05T11:17:32.137Z",
  "machine_id": "Mac",
  "framework": "electron",
  "hardware_mode": "cpu",
  "window_duration_seconds": 60,
  "active_streams": 29,
  "ui_frames": 42982,
  "decoded_frames": 42982,
  "fps_stream_seconds": {
    "acceptable": {
      "25_to_30_fps": 1302,
      "20_to_24_fps": 416
    },
    "unacceptable": {
      "10_to_19_fps": 0,
      "5_to_9_fps": 0,
      "under_5_fps": 0
    }
  }
}

{
  "timestamp": "2026-09-05T11:18:32.139Z",
  "machine_id": "Mac",
  "framework": "electron",
  "hardware_mode": "cpu",
  "window_duration_seconds": 60,
  "active_streams": 29,
  "ui_frames": 42993,
  "decoded_frames": 42993,
  "fps_stream_seconds": {
    "acceptable": {
      "25_to_30_fps": 1260,
      "20_to_24_fps": 459
    },
    "unacceptable": {
      "10_to_19_fps": 0,
      "5_to_9_fps": 3,
      "under_5_fps": 6
    }
  }
}

{
  "timestamp": "2026-09-05T11:19:32.137Z",
  "machine_id": "Mac",
  "framework": "electron",
  "hardware_mode": "cpu",
  "window_duration_seconds": 60,
  "active_streams": 29,
  "ui_frames": 44211,
  "decoded_frames": 44211,
  "fps_stream_seconds": {
    "acceptable": {
      "25_to_30_fps": 1315,
      "20_to_24_fps": 452
    },
    "unacceptable": {
      "10_to_19_fps": 0,
      "5_to_9_fps": 0,
      "under_5_fps": 0
    }
  }
}

{
  "timestamp": "2026-09-05T11:20:32.139Z",
  "machine_id": "Mac",
  "framework": "electron",
  "hardware_mode": "cpu",
  "window_duration_seconds": 60,
  "active_streams": 30,
  "ui_frames": 44294,
  "decoded_frames": 44294,
  "fps_stream_seconds": {
    "acceptable": {
      "25_to_30_fps": 1312,
      "20_to_24_fps": 459
    },
    "unacceptable": {
      "10_to_19_fps": 0,
      "5_to_9_fps": 0,
      "under_5_fps": 3
    }
  }
}

{
  "timestamp": "2026-09-05T11:21:32.136Z",
  "machine_id": "Mac",
  "framework": "electron",
  "hardware_mode": "cpu",
  "window_duration_seconds": 60,
  "active_streams": 29,
  "ui_frames": 44052,
  "decoded_frames": 44052,
  "fps_stream_seconds": {
    "acceptable": {
      "25_to_30_fps": 1328,
      "20_to_24_fps": 434
    },
    "unacceptable": {
      "10_to_19_fps": 0,
      "5_to_9_fps": 1,
      "under_5_fps": 2
    }
  }
}

{
  "timestamp": "2026-09-05T11:22:32.138Z",
  "machine_id": "Mac",
  "framework": "electron",
  "hardware_mode": "cpu",
  "window_duration_seconds": 60,
  "active_streams": 30,
  "ui_frames": 44232,
  "decoded_frames": 44232,
  "fps_stream_seconds": {
    "acceptable": {
      "25_to_30_fps": 1297,
      "20_to_24_fps": 471
    },
    "unacceptable": {
      "10_to_19_fps": 0,
      "5_to_9_fps": 1,
      "under_5_fps": 2
    }
  }
}

{
  "timestamp": "2026-09-05T11:23:32.141Z",
  "machine_id": "Mac",
  "framework": "electron",
  "hardware_mode": "cpu",
  "window_duration_seconds": 60,
  "active_streams": 30,
  "ui_frames": 44469,
  "decoded_frames": 44469,
  "fps_stream_seconds": {
    "acceptable": {
      "25_to_30_fps": 1354,
      "20_to_24_fps": 424
    },
    "unacceptable": {
      "10_to_19_fps": 0,
      "5_to_9_fps": 2,
      "under_5_fps": 4
    }
  }
}

{
  "timestamp": "2026-09-05T11:24:32.139Z",
  "machine_id": "Mac",
  "framework": "electron",
  "hardware_mode": "cpu",
  "window_duration_seconds": 60,
  "active_streams": 29,
  "ui_frames": 43823,
  "decoded_frames": 43823,
  "fps_stream_seconds": {
    "acceptable": {
      "25_to_30_fps": 1327,
      "20_to_24_fps": 425
    },
    "unacceptable": {
      "10_to_19_fps": 0,
      "5_to_9_fps": 0,
      "under_5_fps": 0
    }
  }
}

{
  "timestamp": "2026-09-05T11:25:32.141Z",
  "machine_id": "Mac",
  "framework": "electron",
  "hardware_mode": "cpu",
  "window_duration_seconds": 60,
  "active_streams": 30,
  "ui_frames": 44451,
  "decoded_frames": 44451,
  "fps_stream_seconds": {
    "acceptable": {
      "25_to_30_fps": 1339,
      "20_to_24_fps": 438
    },
    "unacceptable": {
      "10_to_19_fps": 0,
      "5_to_9_fps": 1,
      "under_5_fps": 2
    }
  }
}

{
  "timestamp": "2026-09-05T11:26:32.015Z",
  "machine_id": "Mac",
  "framework": "electron",
  "hardware_mode": "cpu",
  "window_duration_seconds": 60,
  "active_streams": 29,
  "ui_frames": 43442,
  "decoded_frames": 43442,
  "fps_stream_seconds": {
    "acceptable": {
      "25_to_30_fps": 1316,
      "20_to_24_fps": 420
    },
    "unacceptable": {
      "10_to_19_fps": 0,
      "5_to_9_fps": 2,
      "under_5_fps": 4
    }
  }
}

{
  "timestamp": "2026-09-05T11:27:32.013Z",
  "machine_id": "Mac",
  "framework": "electron",
  "hardware_mode": "cpu",
  "window_duration_seconds": 60,
  "active_streams": 28,
  "ui_frames": 41969,
  "decoded_frames": 41969,
  "fps_stream_seconds": {
    "acceptable": {
      "25_to_30_fps": 1292,
      "20_to_24_fps": 385
    },
    "unacceptable": {
      "10_to_19_fps": 0,
      "5_to_9_fps": 3,
      "under_5_fps": 6
    }
  }
}

{
  "timestamp": "2026-09-05T11:28:32.012Z",
  "machine_id": "Mac",
  "framework": "electron",
  "hardware_mode": "cpu",
  "window_duration_seconds": 60,
  "active_streams": 29,
  "ui_frames": 44062,
  "decoded_frames": 44062,
  "fps_stream_seconds": {
    "acceptable": {
      "25_to_30_fps": 1354,
      "20_to_24_fps": 406
    },
    "unacceptable": {
      "10_to_19_fps": 1,
      "5_to_9_fps": 1,
      "under_5_fps": 4
    }
  }
}

{
  "timestamp": "2026-09-05T11:29:32.010Z",
  "machine_id": "Mac",
  "framework": "electron",
  "hardware_mode": "cpu",
  "window_duration_seconds": 60,
  "active_streams": 29,
  "ui_frames": 43442,
  "decoded_frames": 43442,
  "fps_stream_seconds": {
    "acceptable": {
      "25_to_30_fps": 1353,
      "20_to_24_fps": 383
    },
    "unacceptable": {
      "10_to_19_fps": 2,
      "5_to_9_fps": 0,
      "under_5_fps": 4
    }
  }
}

{
  "timestamp": "2026-09-05T11:30:32.008Z",
  "machine_id": "Mac",
  "framework": "electron",
  "hardware_mode": "cpu",
  "window_duration_seconds": 60,
  "active_streams": 29,
  "ui_frames": 44077,
  "decoded_frames": 44077,
  "fps_stream_seconds": {
    "acceptable": {
      "25_to_30_fps": 1356,
      "20_to_24_fps": 406
    },
    "unacceptable": {
      "10_to_19_fps": 1,
      "5_to_9_fps": 0,
      "under_5_fps": 2
    }
  }
}

{
  "timestamp": "2026-09-05T11:31:32.012Z",
  "machine_id": "Mac",
  "framework": "electron",
  "hardware_mode": "cpu",
  "window_duration_seconds": 60,
  "active_streams": 29,
  "ui_frames": 43768,
  "decoded_frames": 43768,
  "fps_stream_seconds": {
    "acceptable": {
      "25_to_30_fps": 1306,
      "20_to_24_fps": 443
    },
    "unacceptable": {
      "10_to_19_fps": 3,
      "5_to_9_fps": 0,
      "under_5_fps": 6
    }
  }
}

