{
  "timestamp": "2026-09-05T14:03:45Z",
  "machine_id": "Mac",
  "framework": "csharp_avalonia",
  "hardware_mode": "gpu",
  "window_duration_seconds": 60,
  "active_streams": 30,
  "ui_frames": 22642,
  "decoded_frames": 45398,
  "fps_stream_seconds": {
    "acceptable": {
      "25_to_30_fps": 0,
      "20_to_24_fps": 5
    },
    "unacceptable": {
      "10_to_19_fps": 1584,
      "5_to_9_fps": 151,
      "under_5_fps": 30
    }
  },
  "decode_fps_stream_seconds": {
    "acceptable": {
      "25_to_30_fps": 1669,
      "20_to_24_fps": 65
    },
    "unacceptable": {
      "10_to_19_fps": 9,
      "5_to_9_fps": 3,
      "under_5_fps": 24
    }
  },
  "avg_painted_fps": 12.79,
  "avg_decoded_fps": 25.65
}
{
  "timestamp": "2026-09-05T14:04:46Z",
  "machine_id": "Mac",
  "framework": "csharp_avalonia",
  "hardware_mode": "gpu",
  "window_duration_seconds": 60,
  "active_streams": 30,
  "ui_frames": 23410,
  "decoded_frames": 45811,
  "fps_stream_seconds": {
    "acceptable": {
      "25_to_30_fps": 0,
      "20_to_24_fps": 4
    },
    "unacceptable": {
      "10_to_19_fps": 1666,
      "5_to_9_fps": 130,
      "under_5_fps": 0
    }
  },
  "decode_fps_stream_seconds": {
    "acceptable": {
      "25_to_30_fps": 1707,
      "20_to_24_fps": 93
    },
    "unacceptable": {
      "10_to_19_fps": 0,
      "5_to_9_fps": 0,
      "under_5_fps": 0
    }
  },
  "avg_painted_fps": 13.01,
  "avg_decoded_fps": 25.45
}
{
  "timestamp": "2026-09-05T14:05:47Z",
  "machine_id": "Mac",
  "framework": "csharp_avalonia",
  "hardware_mode": "gpu",
  "window_duration_seconds": 60,
  "active_streams": 30,
  "ui_frames": 23385,
  "decoded_frames": 45974,
  "fps_stream_seconds": {
    "acceptable": {
      "25_to_30_fps": 0,
      "20_to_24_fps": 4
    },
    "unacceptable": {
      "10_to_19_fps": 1672,
      "5_to_9_fps": 124,
      "under_5_fps": 0
    }
  },
  "decode_fps_stream_seconds": {
    "acceptable": {
      "25_to_30_fps": 1719,
      "20_to_24_fps": 81
    },
    "unacceptable": {
      "10_to_19_fps": 0,
      "5_to_9_fps": 0,
      "under_5_fps": 0
    }
  },
  "avg_painted_fps": 12.99,
  "avg_decoded_fps": 25.54
}
{
  "timestamp": "2026-09-05T14:06:49Z",
  "machine_id": "Mac",
  "framework": "csharp_avalonia",
  "hardware_mode": "gpu",
  "window_duration_seconds": 60,
  "active_streams": 30,
  "ui_frames": 22961,
  "decoded_frames": 46005,
  "fps_stream_seconds": {
    "acceptable": {
      "25_to_30_fps": 0,
      "20_to_24_fps": 1
    },
    "unacceptable": {
      "10_to_19_fps": 1606,
      "5_to_9_fps": 193,
      "under_5_fps": 0
    }
  },
  "decode_fps_stream_seconds": {
    "acceptable": {
      "25_to_30_fps": 1684,
      "20_to_24_fps": 116
    },
    "unacceptable": {
      "10_to_19_fps": 0,
      "5_to_9_fps": 0,
      "under_5_fps": 0
    }
  },
  "avg_painted_fps": 12.76,
  "avg_decoded_fps": 25.56
}
{
  "timestamp": "2026-09-05T14:07:50Z",
  "machine_id": "Mac",
  "framework": "csharp_avalonia",
  "hardware_mode": "gpu",
  "window_duration_seconds": 60,
  "active_streams": 30,
  "ui_frames": 22111,
  "decoded_frames": 45949,
  "fps_stream_seconds": {
    "acceptable": {
      "25_to_30_fps": 0,
      "20_to_24_fps": 0
    },
    "unacceptable": {
      "10_to_19_fps": 1488,
      "5_to_9_fps": 312,
      "under_5_fps": 0
    }
  },
  "decode_fps_stream_seconds": {
    "acceptable": {
      "25_to_30_fps": 1705,
      "20_to_24_fps": 95
    },
    "unacceptable": {
      "10_to_19_fps": 0,
      "5_to_9_fps": 0,
      "under_5_fps": 0
    }
  },
  "avg_painted_fps": 12.28,
  "avg_decoded_fps": 25.53
}
{
  "timestamp": "2026-09-05T14:08:51Z",
  "machine_id": "Mac",
  "framework": "csharp_avalonia",
  "hardware_mode": "gpu",
  "window_duration_seconds": 60,
  "active_streams": 30,
  "ui_frames": 21765,
  "decoded_frames": 45887,
  "fps_stream_seconds": {
    "acceptable": {
      "25_to_30_fps": 0,
      "20_to_24_fps": 0
    },
    "unacceptable": {
      "10_to_19_fps": 1424,
      "5_to_9_fps": 376,
      "under_5_fps": 0
    }
  },
  "decode_fps_stream_seconds": {
    "acceptable": {
      "25_to_30_fps": 1720,
      "20_to_24_fps": 80
    },
    "unacceptable": {
      "10_to_19_fps": 0,
      "5_to_9_fps": 0,
      "under_5_fps": 0
    }
  },
  "avg_painted_fps": 12.09,
  "avg_decoded_fps": 25.49
}
{
  "timestamp": "2026-09-05T14:09:53Z",
  "machine_id": "Mac",
  "framework": "csharp_avalonia",
  "hardware_mode": "gpu",
  "window_duration_seconds": 60,
  "active_streams": 30,
  "ui_frames": 21776,
  "decoded_frames": 46016,
  "fps_stream_seconds": {
    "acceptable": {
      "25_to_30_fps": 0,
      "20_to_24_fps": 0
    },
    "unacceptable": {
      "10_to_19_fps": 1429,
      "5_to_9_fps": 371,
      "under_5_fps": 0
    }
  },
  "decode_fps_stream_seconds": {
    "acceptable": {
      "25_to_30_fps": 1718,
      "20_to_24_fps": 82
    },
    "unacceptable": {
      "10_to_19_fps": 0,
      "5_to_9_fps": 0,
      "under_5_fps": 0
    }
  },
  "avg_painted_fps": 12.1,
  "avg_decoded_fps": 25.56
}
{
  "timestamp": "2026-09-05T14:10:54Z",
  "machine_id": "Mac",
  "framework": "csharp_avalonia",
  "hardware_mode": "gpu",
  "window_duration_seconds": 60,
  "active_streams": 30,
  "ui_frames": 21764,
  "decoded_frames": 45917,
  "fps_stream_seconds": {
    "acceptable": {
      "25_to_30_fps": 0,
      "20_to_24_fps": 0
    },
    "unacceptable": {
      "10_to_19_fps": 1436,
      "5_to_9_fps": 364,
      "under_5_fps": 0
    }
  },
  "decode_fps_stream_seconds": {
    "acceptable": {
      "25_to_30_fps": 1725,
      "20_to_24_fps": 75
    },
    "unacceptable": {
      "10_to_19_fps": 0,
      "5_to_9_fps": 0,
      "under_5_fps": 0
    }
  },
  "avg_painted_fps": 12.09,
  "avg_decoded_fps": 25.51
}
{
  "timestamp": "2026-09-05T14:11:55Z",
  "machine_id": "Mac",
  "framework": "csharp_avalonia",
  "hardware_mode": "gpu",
  "window_duration_seconds": 60,
  "active_streams": 30,
  "ui_frames": 21812,
  "decoded_frames": 46045,
  "fps_stream_seconds": {
    "acceptable": {
      "25_to_30_fps": 0,
      "20_to_24_fps": 0
    },
    "unacceptable": {
      "10_to_19_fps": 1446,
      "5_to_9_fps": 354,
      "under_5_fps": 0
    }
  },
  "decode_fps_stream_seconds": {
    "acceptable": {
      "25_to_30_fps": 1723,
      "20_to_24_fps": 77
    },
    "unacceptable": {
      "10_to_19_fps": 0,
      "5_to_9_fps": 0,
      "under_5_fps": 0
    }
  },
  "avg_painted_fps": 12.12,
  "avg_decoded_fps": 25.58
}
{
  "timestamp": "2026-09-05T14:12:57Z",
  "machine_id": "Mac",
  "framework": "csharp_avalonia",
  "hardware_mode": "gpu",
  "window_duration_seconds": 60,
  "active_streams": 30,
  "ui_frames": 21863,
  "decoded_frames": 45943,
  "fps_stream_seconds": {
    "acceptable": {
      "25_to_30_fps": 0,
      "20_to_24_fps": 0
    },
    "unacceptable": {
      "10_to_19_fps": 1423,
      "5_to_9_fps": 377,
      "under_5_fps": 0
    }
  },
  "decode_fps_stream_seconds": {
    "acceptable": {
      "25_to_30_fps": 1711,
      "20_to_24_fps": 89
    },
    "unacceptable": {
      "10_to_19_fps": 0,
      "5_to_9_fps": 0,
      "under_5_fps": 0
    }
  },
  "avg_painted_fps": 12.15,
  "avg_decoded_fps": 25.52
}
{
  "timestamp": "2026-09-05T14:13:58Z",
  "machine_id": "Mac",
  "framework": "csharp_avalonia",
  "hardware_mode": "gpu",
  "window_duration_seconds": 60,
  "active_streams": 30,
  "ui_frames": 22106,
  "decoded_frames": 46054,
  "fps_stream_seconds": {
    "acceptable": {
      "25_to_30_fps": 0,
      "20_to_24_fps": 0
    },
    "unacceptable": {
      "10_to_19_fps": 1458,
      "5_to_9_fps": 342,
      "under_5_fps": 0
    }
  },
  "decode_fps_stream_seconds": {
    "acceptable": {
      "25_to_30_fps": 1742,
      "20_to_24_fps": 58
    },
    "unacceptable": {
      "10_to_19_fps": 0,
      "5_to_9_fps": 0,
      "under_5_fps": 0
    }
  },
  "avg_painted_fps": 12.28,
  "avg_decoded_fps": 25.59
}
{
  "timestamp": "2026-09-05T14:14:59Z",
  "machine_id": "Mac",
  "framework": "csharp_avalonia",
  "hardware_mode": "gpu",
  "window_duration_seconds": 60,
  "active_streams": 30,
  "ui_frames": 21930,
  "decoded_frames": 45964,
  "fps_stream_seconds": {
    "acceptable": {
      "25_to_30_fps": 0,
      "20_to_24_fps": 0
    },
    "unacceptable": {
      "10_to_19_fps": 1444,
      "5_to_9_fps": 356,
      "under_5_fps": 0
    }
  },
  "decode_fps_stream_seconds": {
    "acceptable": {
      "25_to_30_fps": 1713,
      "20_to_24_fps": 87
    },
    "unacceptable": {
      "10_to_19_fps": 0,
      "5_to_9_fps": 0,
      "under_5_fps": 0
    }
  },
  "avg_painted_fps": 12.18,
  "avg_decoded_fps": 25.54
}
{
  "timestamp": "2026-09-05T14:16:01Z",
  "machine_id": "Mac",
  "framework": "csharp_avalonia",
  "hardware_mode": "gpu",
  "window_duration_seconds": 60,
  "active_streams": 30,
  "ui_frames": 21873,
  "decoded_frames": 46084,
  "fps_stream_seconds": {
    "acceptable": {
      "25_to_30_fps": 0,
      "20_to_24_fps": 0
    },
    "unacceptable": {
      "10_to_19_fps": 1445,
      "5_to_9_fps": 355,
      "under_5_fps": 0
    }
  },
  "decode_fps_stream_seconds": {
    "acceptable": {
      "25_to_30_fps": 1722,
      "20_to_24_fps": 78
    },
    "unacceptable": {
      "10_to_19_fps": 0,
      "5_to_9_fps": 0,
      "under_5_fps": 0
    }
  },
  "avg_painted_fps": 12.15,
  "avg_decoded_fps": 25.6
}
{
  "timestamp": "2026-09-05T14:17:02Z",
  "machine_id": "Mac",
  "framework": "csharp_avalonia",
  "hardware_mode": "gpu",
  "window_duration_seconds": 60,
  "active_streams": 30,
  "ui_frames": 21964,
  "decoded_frames": 45898,
  "fps_stream_seconds": {
    "acceptable": {
      "25_to_30_fps": 0,
      "20_to_24_fps": 0
    },
    "unacceptable": {
      "10_to_19_fps": 1450,
      "5_to_9_fps": 350,
      "under_5_fps": 0
    }
  },
  "decode_fps_stream_seconds": {
    "acceptable": {
      "25_to_30_fps": 1697,
      "20_to_24_fps": 103
    },
    "unacceptable": {
      "10_to_19_fps": 0,
      "5_to_9_fps": 0,
      "under_5_fps": 0
    }
  },
  "avg_painted_fps": 12.2,
  "avg_decoded_fps": 25.5
}
{
  "timestamp": "2026-09-05T14:18:03Z",
  "machine_id": "Mac",
  "framework": "csharp_avalonia",
  "hardware_mode": "gpu",
  "window_duration_seconds": 60,
  "active_streams": 30,
  "ui_frames": 21988,
  "decoded_frames": 45996,
  "fps_stream_seconds": {
    "acceptable": {
      "25_to_30_fps": 0,
      "20_to_24_fps": 0
    },
    "unacceptable": {
      "10_to_19_fps": 1469,
      "5_to_9_fps": 331,
      "under_5_fps": 0
    }
  },
  "decode_fps_stream_seconds": {
    "acceptable": {
      "25_to_30_fps": 1707,
      "20_to_24_fps": 93
    },
    "unacceptable": {
      "10_to_19_fps": 0,
      "5_to_9_fps": 0,
      "under_5_fps": 0
    }
  },
  "avg_painted_fps": 12.22,
  "avg_decoded_fps": 25.55
}
{
  "timestamp": "2026-09-05T14:19:05Z",
  "machine_id": "Mac",
  "framework": "csharp_avalonia",
  "hardware_mode": "gpu",
  "window_duration_seconds": 60,
  "active_streams": 30,
  "ui_frames": 21798,
  "decoded_frames": 46026,
  "fps_stream_seconds": {
    "acceptable": {
      "25_to_30_fps": 0,
      "20_to_24_fps": 0
    },
    "unacceptable": {
      "10_to_19_fps": 1417,
      "5_to_9_fps": 383,
      "under_5_fps": 0
    }
  },
  "decode_fps_stream_seconds": {
    "acceptable": {
      "25_to_30_fps": 1732,
      "20_to_24_fps": 68
    },
    "unacceptable": {
      "10_to_19_fps": 0,
      "5_to_9_fps": 0,
      "under_5_fps": 0
    }
  },
  "avg_painted_fps": 12.11,
  "avg_decoded_fps": 25.57
}
{
  "timestamp": "2026-09-05T14:20:06Z",
  "machine_id": "Mac",
  "framework": "csharp_avalonia",
  "hardware_mode": "gpu",
  "window_duration_seconds": 60,
  "active_streams": 30,
  "ui_frames": 21666,
  "decoded_frames": 45833,
  "fps_stream_seconds": {
    "acceptable": {
      "25_to_30_fps": 0,
      "20_to_24_fps": 0
    },
    "unacceptable": {
      "10_to_19_fps": 1426,
      "5_to_9_fps": 374,
      "under_5_fps": 0
    }
  },
  "decode_fps_stream_seconds": {
    "acceptable": {
      "25_to_30_fps": 1664,
      "20_to_24_fps": 136
    },
    "unacceptable": {
      "10_to_19_fps": 0,
      "5_to_9_fps": 0,
      "under_5_fps": 0
    }
  },
  "avg_painted_fps": 12.04,
  "avg_decoded_fps": 25.46
}
{
  "timestamp": "2026-09-05T14:21:07Z",
  "machine_id": "Mac",
  "framework": "csharp_avalonia",
  "hardware_mode": "gpu",
  "window_duration_seconds": 60,
  "active_streams": 30,
  "ui_frames": 21837,
  "decoded_frames": 46129,
  "fps_stream_seconds": {
    "acceptable": {
      "25_to_30_fps": 0,
      "20_to_24_fps": 0
    },
    "unacceptable": {
      "10_to_19_fps": 1440,
      "5_to_9_fps": 360,
      "under_5_fps": 0
    }
  },
  "decode_fps_stream_seconds": {
    "acceptable": {
      "25_to_30_fps": 1719,
      "20_to_24_fps": 81
    },
    "unacceptable": {
      "10_to_19_fps": 0,
      "5_to_9_fps": 0,
      "under_5_fps": 0
    }
  },
  "avg_painted_fps": 12.13,
  "avg_decoded_fps": 25.63
}
{
  "timestamp": "2026-09-05T14:22:08Z",
  "machine_id": "Mac",
  "framework": "csharp_avalonia",
  "hardware_mode": "gpu",
  "window_duration_seconds": 60,
  "active_streams": 30,
  "ui_frames": 22133,
  "decoded_frames": 45889,
  "fps_stream_seconds": {
    "acceptable": {
      "25_to_30_fps": 0,
      "20_to_24_fps": 0
    },
    "unacceptable": {
      "10_to_19_fps": 1475,
      "5_to_9_fps": 325,
      "under_5_fps": 0
    }
  },
  "decode_fps_stream_seconds": {
    "acceptable": {
      "25_to_30_fps": 1710,
      "20_to_24_fps": 90
    },
    "unacceptable": {
      "10_to_19_fps": 0,
      "5_to_9_fps": 0,
      "under_5_fps": 0
    }
  },
  "avg_painted_fps": 12.3,
  "avg_decoded_fps": 25.49
}
{
  "timestamp": "2026-09-05T14:23:10Z",
  "machine_id": "Mac",
  "framework": "csharp_avalonia",
  "hardware_mode": "gpu",
  "window_duration_seconds": 60,
  "active_streams": 30,
  "ui_frames": 22114,
  "decoded_frames": 45980,
  "fps_stream_seconds": {
    "acceptable": {
      "25_to_30_fps": 0,
      "20_to_24_fps": 0
    },
    "unacceptable": {
      "10_to_19_fps": 1490,
      "5_to_9_fps": 310,
      "under_5_fps": 0
    }
  },
  "decode_fps_stream_seconds": {
    "acceptable": {
      "25_to_30_fps": 1708,
      "20_to_24_fps": 92
    },
    "unacceptable": {
      "10_to_19_fps": 0,
      "5_to_9_fps": 0,
      "under_5_fps": 0
    }
  },
  "avg_painted_fps": 12.29,
  "avg_decoded_fps": 25.54
}
{
  "timestamp": "2026-09-05T14:24:11Z",
  "machine_id": "Mac",
  "framework": "csharp_avalonia",
  "hardware_mode": "gpu",
  "window_duration_seconds": 60,
  "active_streams": 30,
  "ui_frames": 22174,
  "decoded_frames": 45780,
  "fps_stream_seconds": {
    "acceptable": {
      "25_to_30_fps": 0,
      "20_to_24_fps": 0
    },
    "unacceptable": {
      "10_to_19_fps": 1487,
      "5_to_9_fps": 313,
      "under_5_fps": 0
    }
  },
  "decode_fps_stream_seconds": {
    "acceptable": {
      "25_to_30_fps": 1672,
      "20_to_24_fps": 128
    },
    "unacceptable": {
      "10_to_19_fps": 0,
      "5_to_9_fps": 0,
      "under_5_fps": 0
    }
  },
  "avg_painted_fps": 12.32,
  "avg_decoded_fps": 25.43
}
{
  "timestamp": "2026-09-05T14:25:12Z",
  "machine_id": "Mac",
  "framework": "csharp_avalonia",
  "hardware_mode": "gpu",
  "window_duration_seconds": 60,
  "active_streams": 30,
  "ui_frames": 21725,
  "decoded_frames": 45801,
  "fps_stream_seconds": {
    "acceptable": {
      "25_to_30_fps": 0,
      "20_to_24_fps": 0
    },
    "unacceptable": {
      "10_to_19_fps": 1403,
      "5_to_9_fps": 397,
      "under_5_fps": 0
    }
  },
  "decode_fps_stream_seconds": {
    "acceptable": {
      "25_to_30_fps": 1703,
      "20_to_24_fps": 97
    },
    "unacceptable": {
      "10_to_19_fps": 0,
      "5_to_9_fps": 0,
      "under_5_fps": 0
    }
  },
  "avg_painted_fps": 12.07,
  "avg_decoded_fps": 25.44
}
{
  "timestamp": "2026-09-05T14:26:13Z",
  "machine_id": "Mac",
  "framework": "csharp_avalonia",
  "hardware_mode": "gpu",
  "window_duration_seconds": 60,
  "active_streams": 30,
  "ui_frames": 21752,
  "decoded_frames": 46018,
  "fps_stream_seconds": {
    "acceptable": {
      "25_to_30_fps": 0,
      "20_to_24_fps": 0
    },
    "unacceptable": {
      "10_to_19_fps": 1392,
      "5_to_9_fps": 408,
      "under_5_fps": 0
    }
  },
  "decode_fps_stream_seconds": {
    "acceptable": {
      "25_to_30_fps": 1713,
      "20_to_24_fps": 87
    },
    "unacceptable": {
      "10_to_19_fps": 0,
      "5_to_9_fps": 0,
      "under_5_fps": 0
    }
  },
  "avg_painted_fps": 12.08,
  "avg_decoded_fps": 25.57
}
{
  "timestamp": "2026-09-05T14:27:14Z",
  "machine_id": "Mac",
  "framework": "csharp_avalonia",
  "hardware_mode": "gpu",
  "window_duration_seconds": 60,
  "active_streams": 30,
  "ui_frames": 22184,
  "decoded_frames": 45904,
  "fps_stream_seconds": {
    "acceptable": {
      "25_to_30_fps": 0,
      "20_to_24_fps": 0
    },
    "unacceptable": {
      "10_to_19_fps": 1482,
      "5_to_9_fps": 318,
      "under_5_fps": 0
    }
  },
  "decode_fps_stream_seconds": {
    "acceptable": {
      "25_to_30_fps": 1719,
      "20_to_24_fps": 81
    },
    "unacceptable": {
      "10_to_19_fps": 0,
      "5_to_9_fps": 0,
      "under_5_fps": 0
    }
  },
  "avg_painted_fps": 12.32,
  "avg_decoded_fps": 25.5
}
{
  "timestamp": "2026-09-05T14:28:16Z",
  "machine_id": "Mac",
  "framework": "csharp_avalonia",
  "hardware_mode": "gpu",
  "window_duration_seconds": 60,
  "active_streams": 30,
  "ui_frames": 22140,
  "decoded_frames": 45953,
  "fps_stream_seconds": {
    "acceptable": {
      "25_to_30_fps": 0,
      "20_to_24_fps": 0
    },
    "unacceptable": {
      "10_to_19_fps": 1473,
      "5_to_9_fps": 327,
      "under_5_fps": 0
    }
  },
  "decode_fps_stream_seconds": {
    "acceptable": {
      "25_to_30_fps": 1718,
      "20_to_24_fps": 82
    },
    "unacceptable": {
      "10_to_19_fps": 0,
      "5_to_9_fps": 0,
      "under_5_fps": 0
    }
  },
  "avg_painted_fps": 12.3,
  "avg_decoded_fps": 25.53
}
{
  "timestamp": "2026-09-05T14:29:17Z",
  "machine_id": "Mac",
  "framework": "csharp_avalonia",
  "hardware_mode": "gpu",
  "window_duration_seconds": 60,
  "active_streams": 30,
  "ui_frames": 22056,
  "decoded_frames": 46077,
  "fps_stream_seconds": {
    "acceptable": {
      "25_to_30_fps": 0,
      "20_to_24_fps": 0
    },
    "unacceptable": {
      "10_to_19_fps": 1482,
      "5_to_9_fps": 318,
      "under_5_fps": 0
    }
  },
  "decode_fps_stream_seconds": {
    "acceptable": {
      "25_to_30_fps": 1730,
      "20_to_24_fps": 70
    },
    "unacceptable": {
      "10_to_19_fps": 0,
      "5_to_9_fps": 0,
      "under_5_fps": 0
    }
  },
  "avg_painted_fps": 12.25,
  "avg_decoded_fps": 25.6
}
{
  "timestamp": "2026-09-05T14:30:18Z",
  "machine_id": "Mac",
  "framework": "csharp_avalonia",
  "hardware_mode": "gpu",
  "window_duration_seconds": 60,
  "active_streams": 30,
  "ui_frames": 22331,
  "decoded_frames": 45900,
  "fps_stream_seconds": {
    "acceptable": {
      "25_to_30_fps": 0,
      "20_to_24_fps": 0
    },
    "unacceptable": {
      "10_to_19_fps": 1512,
      "5_to_9_fps": 288,
      "under_5_fps": 0
    }
  },
  "decode_fps_stream_seconds": {
    "acceptable": {
      "25_to_30_fps": 1704,
      "20_to_24_fps": 96
    },
    "unacceptable": {
      "10_to_19_fps": 0,
      "5_to_9_fps": 0,
      "under_5_fps": 0
    }
  },
  "avg_painted_fps": 12.41,
  "avg_decoded_fps": 25.5
}
{
  "timestamp": "2026-09-05T14:31:19Z",
  "machine_id": "Mac",
  "framework": "csharp_avalonia",
  "hardware_mode": "gpu",
  "window_duration_seconds": 60,
  "active_streams": 30,
  "ui_frames": 22817,
  "decoded_frames": 45872,
  "fps_stream_seconds": {
    "acceptable": {
      "25_to_30_fps": 0,
      "20_to_24_fps": 1
    },
    "unacceptable": {
      "10_to_19_fps": 1553,
      "5_to_9_fps": 246,
      "under_5_fps": 0
    }
  },
  "decode_fps_stream_seconds": {
    "acceptable": {
      "25_to_30_fps": 1726,
      "20_to_24_fps": 74
    },
    "unacceptable": {
      "10_to_19_fps": 0,
      "5_to_9_fps": 0,
      "under_5_fps": 0
    }
  },
  "avg_painted_fps": 12.68,
  "avg_decoded_fps": 25.48
}
{
  "timestamp": "2026-09-05T14:32:20Z",
  "machine_id": "Mac",
  "framework": "csharp_avalonia",
  "hardware_mode": "gpu",
  "window_duration_seconds": 60,
  "active_streams": 30,
  "ui_frames": 23139,
  "decoded_frames": 45809,
  "fps_stream_seconds": {
    "acceptable": {
      "25_to_30_fps": 0,
      "20_to_24_fps": 1
    },
    "unacceptable": {
      "10_to_19_fps": 1629,
      "5_to_9_fps": 170,
      "under_5_fps": 0
    }
  },
  "decode_fps_stream_seconds": {
    "acceptable": {
      "25_to_30_fps": 1677,
      "20_to_24_fps": 123
    },
    "unacceptable": {
      "10_to_19_fps": 0,
      "5_to_9_fps": 0,
      "under_5_fps": 0
    }
  },
  "avg_painted_fps": 12.86,
  "avg_decoded_fps": 25.45
}
{
  "timestamp": "2026-09-05T14:33:21Z",
  "machine_id": "Mac",
  "framework": "csharp_avalonia",
  "hardware_mode": "gpu",
  "window_duration_seconds": 60,
  "active_streams": 30,
  "ui_frames": 23102,
  "decoded_frames": 45128,
  "fps_stream_seconds": {
    "acceptable": {
      "25_to_30_fps": 0,
      "20_to_24_fps": 4
    },
    "unacceptable": {
      "10_to_19_fps": 1660,
      "5_to_9_fps": 108,
      "under_5_fps": 0
    }
  },
  "decode_fps_stream_seconds": {
    "acceptable": {
      "25_to_30_fps": 1673,
      "20_to_24_fps": 99
    },
    "unacceptable": {
      "10_to_19_fps": 0,
      "5_to_9_fps": 0,
      "under_5_fps": 0
    }
  },
  "avg_painted_fps": 13.04,
  "avg_decoded_fps": 25.47
}
{
  "timestamp": "2026-09-05T14:34:23Z",
  "machine_id": "Mac",
  "framework": "csharp_avalonia",
  "hardware_mode": "gpu",
  "window_duration_seconds": 60,
  "active_streams": 28,
  "ui_frames": 22491,
  "decoded_frames": 43662,
  "fps_stream_seconds": {
    "acceptable": {
      "25_to_30_fps": 0,
      "20_to_24_fps": 6
    },
    "unacceptable": {
      "10_to_19_fps": 1591,
      "5_to_9_fps": 108,
      "under_5_fps": 3
    }
  },
  "decode_fps_stream_seconds": {
    "acceptable": {
      "25_to_30_fps": 1615,
      "20_to_24_fps": 90
    },
    "unacceptable": {
      "10_to_19_fps": 3,
      "5_to_9_fps": 0,
      "under_5_fps": 0
    }
  },
  "avg_painted_fps": 13.17,
  "avg_decoded_fps": 25.56
}
{
  "timestamp": "2026-09-05T14:35:24Z",
  "machine_id": "Mac",
  "framework": "csharp_avalonia",
  "hardware_mode": "gpu",
  "window_duration_seconds": 60,
  "active_streams": 29,
  "ui_frames": 22894,
  "decoded_frames": 44973,
  "fps_stream_seconds": {
    "acceptable": {
      "25_to_30_fps": 0,
      "20_to_24_fps": 4
    },
    "unacceptable": {
      "10_to_19_fps": 1637,
      "5_to_9_fps": 121,
      "under_5_fps": 0
    }
  },
  "decode_fps_stream_seconds": {
    "acceptable": {
      "25_to_30_fps": 1667,
      "20_to_24_fps": 95
    },
    "unacceptable": {
      "10_to_19_fps": 0,
      "5_to_9_fps": 0,
      "under_5_fps": 0
    }
  },
  "avg_painted_fps": 12.99,
  "avg_decoded_fps": 25.52
}
{
  "timestamp": "2026-09-05T14:36:25Z",
  "machine_id": "Mac",
  "framework": "csharp_avalonia",
  "hardware_mode": "gpu",
  "window_duration_seconds": 60,
  "active_streams": 29,
  "ui_frames": 22584,
  "decoded_frames": 44087,
  "fps_stream_seconds": {
    "acceptable": {
      "25_to_30_fps": 0,
      "20_to_24_fps": 3
    },
    "unacceptable": {
      "10_to_19_fps": 1609,
      "5_to_9_fps": 117,
      "under_5_fps": 0
    }
  },
  "decode_fps_stream_seconds": {
    "acceptable": {
      "25_to_30_fps": 1617,
      "20_to_24_fps": 112
    },
    "unacceptable": {
      "10_to_19_fps": 0,
      "5_to_9_fps": 0,
      "under_5_fps": 0
    }
  },
  "avg_painted_fps": 13.06,
  "avg_decoded_fps": 25.5
}
{
  "timestamp": "2026-09-05T14:37:26Z",
  "machine_id": "Mac",
  "framework": "csharp_avalonia",
  "hardware_mode": "gpu",
  "window_duration_seconds": 60,
  "active_streams": 29,
  "ui_frames": 22347,
  "decoded_frames": 44636,
  "fps_stream_seconds": {
    "acceptable": {
      "25_to_30_fps": 0,
      "20_to_24_fps": 4
    },
    "unacceptable": {
      "10_to_19_fps": 1562,
      "5_to_9_fps": 183,
      "under_5_fps": 0
    }
  },
  "decode_fps_stream_seconds": {
    "acceptable": {
      "25_to_30_fps": 1651,
      "20_to_24_fps": 98
    },
    "unacceptable": {
      "10_to_19_fps": 0,
      "5_to_9_fps": 0,
      "under_5_fps": 0
    }
  },
  "avg_painted_fps": 12.78,
  "avg_decoded_fps": 25.52
}
{
  "timestamp": "2026-09-05T14:38:27Z",
  "machine_id": "Mac",
  "framework": "csharp_avalonia",
  "hardware_mode": "gpu",
  "window_duration_seconds": 60,
  "active_streams": 28,
  "ui_frames": 22103,
  "decoded_frames": 43183,
  "fps_stream_seconds": {
    "acceptable": {
      "25_to_30_fps": 0,
      "20_to_24_fps": 8
    },
    "unacceptable": {
      "10_to_19_fps": 1564,
      "5_to_9_fps": 128,
      "under_5_fps": 0
    }
  },
  "decode_fps_stream_seconds": {
    "acceptable": {
      "25_to_30_fps": 1594,
      "20_to_24_fps": 106
    },
    "unacceptable": {
      "10_to_19_fps": 0,
      "5_to_9_fps": 0,
      "under_5_fps": 0
    }
  },
  "avg_painted_fps": 13,
  "avg_decoded_fps": 25.4
}
{
  "timestamp": "2026-09-05T14:39:28Z",
  "machine_id": "Mac",
  "framework": "csharp_avalonia",
  "hardware_mode": "gpu",
  "window_duration_seconds": 60,
  "active_streams": 29,
  "ui_frames": 22354,
  "decoded_frames": 44317,
  "fps_stream_seconds": {
    "acceptable": {
      "25_to_30_fps": 0,
      "20_to_24_fps": 4
    },
    "unacceptable": {
      "10_to_19_fps": 1551,
      "5_to_9_fps": 183,
      "under_5_fps": 0
    }
  },
  "decode_fps_stream_seconds": {
    "acceptable": {
      "25_to_30_fps": 1627,
      "20_to_24_fps": 111
    },
    "unacceptable": {
      "10_to_19_fps": 0,
      "5_to_9_fps": 0,
      "under_5_fps": 0
    }
  },
  "avg_painted_fps": 12.86,
  "avg_decoded_fps": 25.5
}
{
  "timestamp": "2026-09-05T14:40:29Z",
  "machine_id": "Mac",
  "framework": "csharp_avalonia",
  "hardware_mode": "gpu",
  "window_duration_seconds": 60,
  "active_streams": 29,
  "ui_frames": 21889,
  "decoded_frames": 43501,
  "fps_stream_seconds": {
    "acceptable": {
      "25_to_30_fps": 0,
      "20_to_24_fps": 2
    },
    "unacceptable": {
      "10_to_19_fps": 1525,
      "5_to_9_fps": 189,
      "under_5_fps": 0
    }
  },
  "decode_fps_stream_seconds": {
    "acceptable": {
      "25_to_30_fps": 1615,
      "20_to_24_fps": 101
    },
    "unacceptable": {
      "10_to_19_fps": 0,
      "5_to_9_fps": 0,
      "under_5_fps": 0
    }
  },
  "avg_painted_fps": 12.76,
  "avg_decoded_fps": 25.35
}
{
  "timestamp": "2026-09-05T14:41:30Z",
  "machine_id": "Mac",
  "framework": "csharp_avalonia",
  "hardware_mode": "gpu",
  "window_duration_seconds": 60,
  "active_streams": 29,
  "ui_frames": 22127,
  "decoded_frames": 44658,
  "fps_stream_seconds": {
    "acceptable": {
      "25_to_30_fps": 0,
      "20_to_24_fps": 5
    },
    "unacceptable": {
      "10_to_19_fps": 1527,
      "5_to_9_fps": 216,
      "under_5_fps": 0
    }
  },
  "decode_fps_stream_seconds": {
    "acceptable": {
      "25_to_30_fps": 1684,
      "20_to_24_fps": 64
    },
    "unacceptable": {
      "10_to_19_fps": 0,
      "5_to_9_fps": 0,
      "under_5_fps": 0
    }
  },
  "avg_painted_fps": 12.66,
  "avg_decoded_fps": 25.55
}
{
  "timestamp": "2026-09-05T14:42:35Z",
  "machine_id": "Mac",
  "framework": "csharp_avalonia",
  "hardware_mode": "gpu",
  "window_duration_seconds": 60,
  "active_streams": 30,
  "ui_frames": 13833,
  "decoded_frames": 48695,
  "fps_stream_seconds": {
    "acceptable": {
      "25_to_30_fps": 0,
      "20_to_24_fps": 0
    },
    "unacceptable": {
      "10_to_19_fps": 426,
      "5_to_9_fps": 1113,
      "under_5_fps": 261
    }
  },
  "decode_fps_stream_seconds": {
    "acceptable": {
      "25_to_30_fps": 1702,
      "20_to_24_fps": 98
    },
    "unacceptable": {
      "10_to_19_fps": 0,
      "5_to_9_fps": 0,
      "under_5_fps": 0
    }
  },
  "avg_painted_fps": 7.68,
  "avg_decoded_fps": 27.05
}
{
  "timestamp": "2026-09-05T14:43:36Z",
  "machine_id": "Mac",
  "framework": "csharp_avalonia",
  "hardware_mode": "gpu",
  "window_duration_seconds": 60,
  "active_streams": 29,
  "ui_frames": 22151,
  "decoded_frames": 44410,
  "fps_stream_seconds": {
    "acceptable": {
      "25_to_30_fps": 0,
      "20_to_24_fps": 3
    },
    "unacceptable": {
      "10_to_19_fps": 1542,
      "5_to_9_fps": 198,
      "under_5_fps": 2
    }
  },
  "decode_fps_stream_seconds": {
    "acceptable": {
      "25_to_30_fps": 1619,
      "20_to_24_fps": 124
    },
    "unacceptable": {
      "10_to_19_fps": 1,
      "5_to_9_fps": 1,
      "under_5_fps": 0
    }
  },
  "avg_painted_fps": 12.69,
  "avg_decoded_fps": 25.45
}
{
  "timestamp": "2026-09-05T14:44:38Z",
  "machine_id": "Mac",
  "framework": "csharp_avalonia",
  "hardware_mode": "gpu",
  "window_duration_seconds": 60,
  "active_streams": 29,
  "ui_frames": 22376,
  "decoded_frames": 44976,
  "fps_stream_seconds": {
    "acceptable": {
      "25_to_30_fps": 0,
      "20_to_24_fps": 2
    },
    "unacceptable": {
      "10_to_19_fps": 1555,
      "5_to_9_fps": 202,
      "under_5_fps": 0
    }
  },
  "decode_fps_stream_seconds": {
    "acceptable": {
      "25_to_30_fps": 1690,
      "20_to_24_fps": 69
    },
    "unacceptable": {
      "10_to_19_fps": 0,
      "5_to_9_fps": 0,
      "under_5_fps": 0
    }
  },
  "avg_painted_fps": 12.72,
  "avg_decoded_fps": 25.57
}
{
  "timestamp": "2026-09-05T14:45:38Z",
  "machine_id": "Mac",
  "framework": "csharp_avalonia",
  "hardware_mode": "gpu",
  "window_duration_seconds": 60,
  "active_streams": 28,
  "ui_frames": 21863,
  "decoded_frames": 42767,
  "fps_stream_seconds": {
    "acceptable": {
      "25_to_30_fps": 0,
      "20_to_24_fps": 6
    },
    "unacceptable": {
      "10_to_19_fps": 1564,
      "5_to_9_fps": 119,
      "under_5_fps": 0
    }
  },
  "decode_fps_stream_seconds": {
    "acceptable": {
      "25_to_30_fps": 1535,
      "20_to_24_fps": 154
    },
    "unacceptable": {
      "10_to_19_fps": 0,
      "5_to_9_fps": 0,
      "under_5_fps": 0
    }
  },
  "avg_painted_fps": 12.94,
  "avg_decoded_fps": 25.32
}
{
  "timestamp": "2026-09-05T14:46:40Z",
  "machine_id": "Mac",
  "framework": "csharp_avalonia",
  "hardware_mode": "gpu",
  "window_duration_seconds": 60,
  "active_streams": 30,
  "ui_frames": 22384,
  "decoded_frames": 46076,
  "fps_stream_seconds": {
    "acceptable": {
      "25_to_30_fps": 0,
      "20_to_24_fps": 0
    },
    "unacceptable": {
      "10_to_19_fps": 1544,
      "5_to_9_fps": 256,
      "under_5_fps": 0
    }
  },
  "decode_fps_stream_seconds": {
    "acceptable": {
      "25_to_30_fps": 1711,
      "20_to_24_fps": 89
    },
    "unacceptable": {
      "10_to_19_fps": 0,
      "5_to_9_fps": 0,
      "under_5_fps": 0
    }
  },
  "avg_painted_fps": 12.44,
  "avg_decoded_fps": 25.6
}
{
  "timestamp": "2026-09-05T14:47:41Z",
  "machine_id": "Mac",
  "framework": "csharp_avalonia",
  "hardware_mode": "gpu",
  "window_duration_seconds": 60,
  "active_streams": 29,
  "ui_frames": 22406,
  "decoded_frames": 43521,
  "fps_stream_seconds": {
    "acceptable": {
      "25_to_30_fps": 0,
      "20_to_24_fps": 6
    },
    "unacceptable": {
      "10_to_19_fps": 1601,
      "5_to_9_fps": 107,
      "under_5_fps": 2
    }
  },
  "decode_fps_stream_seconds": {
    "acceptable": {
      "25_to_30_fps": 1615,
      "20_to_24_fps": 99
    },
    "unacceptable": {
      "10_to_19_fps": 0,
      "5_to_9_fps": 0,
      "under_5_fps": 2
    }
  },
  "avg_painted_fps": 13.06,
  "avg_decoded_fps": 25.36
}
{
  "timestamp": "2026-09-05T14:48:42Z",
  "machine_id": "Mac",
  "framework": "csharp_avalonia",
  "hardware_mode": "gpu",
  "window_duration_seconds": 60,
  "active_streams": 29,
  "ui_frames": 22267,
  "decoded_frames": 44293,
  "fps_stream_seconds": {
    "acceptable": {
      "25_to_30_fps": 0,
      "20_to_24_fps": 0
    },
    "unacceptable": {
      "10_to_19_fps": 1570,
      "5_to_9_fps": 170,
      "under_5_fps": 0
    }
  },
  "decode_fps_stream_seconds": {
    "acceptable": {
      "25_to_30_fps": 1622,
      "20_to_24_fps": 118
    },
    "unacceptable": {
      "10_to_19_fps": 0,
      "5_to_9_fps": 0,
      "under_5_fps": 0
    }
  },
  "avg_painted_fps": 12.8,
  "avg_decoded_fps": 25.46
}
{
  "timestamp": "2026-09-05T14:49:43Z",
  "machine_id": "Mac",
  "framework": "csharp_avalonia",
  "hardware_mode": "gpu",
  "window_duration_seconds": 60,
  "active_streams": 29,
  "ui_frames": 21948,
  "decoded_frames": 44596,
  "fps_stream_seconds": {
    "acceptable": {
      "25_to_30_fps": 0,
      "20_to_24_fps": 1
    },
    "unacceptable": {
      "10_to_19_fps": 1511,
      "5_to_9_fps": 234,
      "under_5_fps": 3
    }
  },
  "decode_fps_stream_seconds": {
    "acceptable": {
      "25_to_30_fps": 1647,
      "20_to_24_fps": 99
    },
    "unacceptable": {
      "10_to_19_fps": 3,
      "5_to_9_fps": 0,
      "under_5_fps": 0
    }
  },
  "avg_painted_fps": 12.55,
  "avg_decoded_fps": 25.5
}
{
  "timestamp": "2026-09-05T14:50:44Z",
  "machine_id": "Mac",
  "framework": "csharp_avalonia",
  "hardware_mode": "gpu",
  "window_duration_seconds": 60,
  "active_streams": 30,
  "ui_frames": 22206,
  "decoded_frames": 45171,
  "fps_stream_seconds": {
    "acceptable": {
      "25_to_30_fps": 0,
      "20_to_24_fps": 0
    },
    "unacceptable": {
      "10_to_19_fps": 1530,
      "5_to_9_fps": 242,
      "under_5_fps": 0
    }
  },
  "decode_fps_stream_seconds": {
    "acceptable": {
      "25_to_30_fps": 1670,
      "20_to_24_fps": 101
    },
    "unacceptable": {
      "10_to_19_fps": 1,
      "5_to_9_fps": 0,
      "under_5_fps": 0
    }
  },
  "avg_painted_fps": 12.53,
  "avg_decoded_fps": 25.49
}
{
  "timestamp": "2026-09-05T14:51:45Z",
  "machine_id": "Mac",
  "framework": "csharp_avalonia",
  "hardware_mode": "gpu",
  "window_duration_seconds": 60,
  "active_streams": 29,
  "ui_frames": 22466,
  "decoded_frames": 45069,
  "fps_stream_seconds": {
    "acceptable": {
      "25_to_30_fps": 0,
      "20_to_24_fps": 1
    },
    "unacceptable": {
      "10_to_19_fps": 1583,
      "5_to_9_fps": 182,
      "under_5_fps": 0
    }
  },
  "decode_fps_stream_seconds": {
    "acceptable": {
      "25_to_30_fps": 1669,
      "20_to_24_fps": 97
    },
    "unacceptable": {
      "10_to_19_fps": 0,
      "5_to_9_fps": 0,
      "under_5_fps": 0
    }
  },
  "avg_painted_fps": 12.72,
  "avg_decoded_fps": 25.52
}
{
  "timestamp": "2026-09-05T14:52:46Z",
  "machine_id": "Mac",
  "framework": "csharp_avalonia",
  "hardware_mode": "gpu",
  "window_duration_seconds": 60,
  "active_streams": 29,
  "ui_frames": 22851,
  "decoded_frames": 45043,
  "fps_stream_seconds": {
    "acceptable": {
      "25_to_30_fps": 0,
      "20_to_24_fps": 2
    },
    "unacceptable": {
      "10_to_19_fps": 1620,
      "5_to_9_fps": 144,
      "under_5_fps": 0
    }
  },
  "decode_fps_stream_seconds": {
    "acceptable": {
      "25_to_30_fps": 1681,
      "20_to_24_fps": 85
    },
    "unacceptable": {
      "10_to_19_fps": 0,
      "5_to_9_fps": 0,
      "under_5_fps": 0
    }
  },
  "avg_painted_fps": 12.94,
  "avg_decoded_fps": 25.51
}
{
  "timestamp": "2026-09-05T14:53:47Z",
  "machine_id": "Mac",
  "framework": "csharp_avalonia",
  "hardware_mode": "gpu",
  "window_duration_seconds": 60,
  "active_streams": 30,
  "ui_frames": 22535,
  "decoded_frames": 45305,
  "fps_stream_seconds": {
    "acceptable": {
      "25_to_30_fps": 0,
      "20_to_24_fps": 0
    },
    "unacceptable": {
      "10_to_19_fps": 1559,
      "5_to_9_fps": 222,
      "under_5_fps": 0
    }
  },
  "decode_fps_stream_seconds": {
    "acceptable": {
      "25_to_30_fps": 1689,
      "20_to_24_fps": 92
    },
    "unacceptable": {
      "10_to_19_fps": 0,
      "5_to_9_fps": 0,
      "under_5_fps": 0
    }
  },
  "avg_painted_fps": 12.65,
  "avg_decoded_fps": 25.44
}
{
  "timestamp": "2026-09-05T14:54:48Z",
  "machine_id": "Mac",
  "framework": "csharp_avalonia",
  "hardware_mode": "gpu",
  "window_duration_seconds": 60,
  "active_streams": 29,
  "ui_frames": 22804,
  "decoded_frames": 44555,
  "fps_stream_seconds": {
    "acceptable": {
      "25_to_30_fps": 0,
      "20_to_24_fps": 9
    },
    "unacceptable": {
      "10_to_19_fps": 1617,
      "5_to_9_fps": 122,
      "under_5_fps": 2
    }
  },
  "decode_fps_stream_seconds": {
    "acceptable": {
      "25_to_30_fps": 1670,
      "20_to_24_fps": 78
    },
    "unacceptable": {
      "10_to_19_fps": 0,
      "5_to_9_fps": 2,
      "under_5_fps": 0
    }
  },
  "avg_painted_fps": 13.03,
  "avg_decoded_fps": 25.46
}
{
  "timestamp": "2026-09-05T14:55:50Z",
  "machine_id": "Mac",
  "framework": "csharp_avalonia",
  "hardware_mode": "gpu",
  "window_duration_seconds": 60,
  "active_streams": 30,
  "ui_frames": 23110,
  "decoded_frames": 45386,
  "fps_stream_seconds": {
    "acceptable": {
      "25_to_30_fps": 0,
      "20_to_24_fps": 2
    },
    "unacceptable": {
      "10_to_19_fps": 1639,
      "5_to_9_fps": 136,
      "under_5_fps": 0
    }
  },
  "decode_fps_stream_seconds": {
    "acceptable": {
      "25_to_30_fps": 1669,
      "20_to_24_fps": 108
    },
    "unacceptable": {
      "10_to_19_fps": 0,
      "5_to_9_fps": 0,
      "under_5_fps": 0
    }
  },
  "avg_painted_fps": 13.01,
  "avg_decoded_fps": 25.54
}
{
  "timestamp": "2026-09-05T14:56:51Z",
  "machine_id": "Mac",
  "framework": "csharp_avalonia",
  "hardware_mode": "gpu",
  "window_duration_seconds": 60,
  "active_streams": 29,
  "ui_frames": 22676,
  "decoded_frames": 44210,
  "fps_stream_seconds": {
    "acceptable": {
      "25_to_30_fps": 0,
      "20_to_24_fps": 6
    },
    "unacceptable": {
      "10_to_19_fps": 1618,
      "5_to_9_fps": 112,
      "under_5_fps": 0
    }
  },
  "decode_fps_stream_seconds": {
    "acceptable": {
      "25_to_30_fps": 1632,
      "20_to_24_fps": 104
    },
    "unacceptable": {
      "10_to_19_fps": 0,
      "5_to_9_fps": 0,
      "under_5_fps": 0
    }
  },
  "avg_painted_fps": 13.06,
  "avg_decoded_fps": 25.47
}
{
  "timestamp": "2026-09-05T14:57:52Z",
  "machine_id": "Mac",
  "framework": "csharp_avalonia",
  "hardware_mode": "gpu",
  "window_duration_seconds": 60,
  "active_streams": 28,
  "ui_frames": 22148,
  "decoded_frames": 42608,
  "fps_stream_seconds": {
    "acceptable": {
      "25_to_30_fps": 0,
      "20_to_24_fps": 10
    },
    "unacceptable": {
      "10_to_19_fps": 1590,
      "5_to_9_fps": 77,
      "under_5_fps": 3
    }
  },
  "decode_fps_stream_seconds": {
    "acceptable": {
      "25_to_30_fps": 1555,
      "20_to_24_fps": 122
    },
    "unacceptable": {
      "10_to_19_fps": 0,
      "5_to_9_fps": 1,
      "under_5_fps": 2
    }
  },
  "avg_painted_fps": 13.18,
  "avg_decoded_fps": 25.36
}
{
  "timestamp": "2026-09-05T14:58:53Z",
  "machine_id": "Mac",
  "framework": "csharp_avalonia",
  "hardware_mode": "gpu",
  "window_duration_seconds": 60,
  "active_streams": 29,
  "ui_frames": 22588,
  "decoded_frames": 45038,
  "fps_stream_seconds": {
    "acceptable": {
      "25_to_30_fps": 0,
      "20_to_24_fps": 4
    },
    "unacceptable": {
      "10_to_19_fps": 1583,
      "5_to_9_fps": 173,
      "under_5_fps": 2
    }
  },
  "decode_fps_stream_seconds": {
    "acceptable": {
      "25_to_30_fps": 1667,
      "20_to_24_fps": 93
    },
    "unacceptable": {
      "10_to_19_fps": 0,
      "5_to_9_fps": 0,
      "under_5_fps": 2
    }
  },
  "avg_painted_fps": 12.82,
  "avg_decoded_fps": 25.56
}
{
  "timestamp": "2026-09-05T14:59:54Z",
  "machine_id": "Mac",
  "framework": "csharp_avalonia",
  "hardware_mode": "gpu",
  "window_duration_seconds": 60,
  "active_streams": 29,
  "ui_frames": 22275,
  "decoded_frames": 44539,
  "fps_stream_seconds": {
    "acceptable": {
      "25_to_30_fps": 0,
      "20_to_24_fps": 3
    },
    "unacceptable": {
      "10_to_19_fps": 1558,
      "5_to_9_fps": 176,
      "under_5_fps": 1
    }
  },
  "decode_fps_stream_seconds": {
    "acceptable": {
      "25_to_30_fps": 1659,
      "20_to_24_fps": 77
    },
    "unacceptable": {
      "10_to_19_fps": 2,
      "5_to_9_fps": 0,
      "under_5_fps": 0
    }
  },
  "avg_painted_fps": 12.82,
  "avg_decoded_fps": 25.63
}
{
  "timestamp": "2026-09-05T15:00:56Z",
  "machine_id": "Mac",
  "framework": "csharp_avalonia",
  "hardware_mode": "gpu",
  "window_duration_seconds": 60,
  "active_streams": 29,
  "ui_frames": 22350,
  "decoded_frames": 44962,
  "fps_stream_seconds": {
    "acceptable": {
      "25_to_30_fps": 0,
      "20_to_24_fps": 1
    },
    "unacceptable": {
      "10_to_19_fps": 1549,
      "5_to_9_fps": 212,
      "under_5_fps": 1
    }
  },
  "decode_fps_stream_seconds": {
    "acceptable": {
      "25_to_30_fps": 1674,
      "20_to_24_fps": 88
    },
    "unacceptable": {
      "10_to_19_fps": 1,
      "5_to_9_fps": 0,
      "under_5_fps": 0
    }
  },
  "avg_painted_fps": 12.68,
  "avg_decoded_fps": 25.5
}
{
  "timestamp": "2026-09-05T15:01:57Z",
  "machine_id": "Mac",
  "framework": "csharp_avalonia",
  "hardware_mode": "gpu",
  "window_duration_seconds": 60,
  "active_streams": 29,
  "ui_frames": 21998,
  "decoded_frames": 43971,
  "fps_stream_seconds": {
    "acceptable": {
      "25_to_30_fps": 0,
      "20_to_24_fps": 3
    },
    "unacceptable": {
      "10_to_19_fps": 1524,
      "5_to_9_fps": 201,
      "under_5_fps": 0
    }
  },
  "decode_fps_stream_seconds": {
    "acceptable": {
      "25_to_30_fps": 1628,
      "20_to_24_fps": 100
    },
    "unacceptable": {
      "10_to_19_fps": 0,
      "5_to_9_fps": 0,
      "under_5_fps": 0
    }
  },
  "avg_painted_fps": 12.73,
  "avg_decoded_fps": 25.45
}
